Archive member included because of file (symbol)

/home/tlegrand/Documents/Robotik/gcc4mbed-master/external/mbed/LPC1768/GCC_ARM/libmbed.a(exit.o)
                              LPC176x/gcc4mbed.o (exit)
/home/tlegrand/Documents/Robotik/gcc4mbed-master/external/mbed/LPC1768/GCC_ARM/libmbed.a(mbed_interface.o)
                              /home/tlegrand/Documents/Robotik/gcc4mbed-master/external/mbed/LPC1768/GCC_ARM/libmbed.a(exit.o) (mbed_interface_connected)
/home/tlegrand/Documents/Robotik/gcc4mbed-master/external/mbed/LPC1768/GCC_ARM/libmbed.a(semihost_api.o)
                              /home/tlegrand/Documents/Robotik/gcc4mbed-master/external/mbed/LPC1768/GCC_ARM/libmbed.a(exit.o) (semihost_exit)
/home/tlegrand/Documents/Robotik/gcc4mbed-master/external/mbed/LPC1768/GCC_ARM/libmbed.a(wait_api.o)
                              LPC176x/./main.o (wait)
/home/tlegrand/Documents/Robotik/gcc4mbed-master/external/mbed/LPC1768/GCC_ARM/libmbed.a(FunctionPointer.o)
                              LPC176x/./SRF08/SRF08.o (mbed::FunctionPointer::FunctionPointer(void (*)()))
/home/tlegrand/Documents/Robotik/gcc4mbed-master/external/mbed/LPC1768/GCC_ARM/libmbed.a(I2C.o)
                              LPC176x/./SRF08/SRF08.o (mbed::I2C::I2C(PinName, PinName))
/home/tlegrand/Documents/Robotik/gcc4mbed-master/external/mbed/LPC1768/GCC_ARM/libmbed.a(Serial.o)
                              LPC176x/./main.o (mbed::Serial::Serial(PinName, PinName, char const*))
/home/tlegrand/Documents/Robotik/gcc4mbed-master/external/mbed/LPC1768/GCC_ARM/libmbed.a(stdio.o)
                              /home/tlegrand/Documents/Robotik/gcc4mbed-master/external/mbed/LPC1768/GCC_ARM/system_LPC17xx.o (stdio_retargeting_module)
/home/tlegrand/Documents/Robotik/gcc4mbed-master/external/mbed/LPC1768/GCC_ARM/libmbed.a(Stream.o)
                              /home/tlegrand/Documents/Robotik/gcc4mbed-master/external/mbed/LPC1768/GCC_ARM/libmbed.a(Serial.o) (mbed::Stream::close())
/home/tlegrand/Documents/Robotik/gcc4mbed-master/external/mbed/LPC1768/GCC_ARM/libmbed.a(Ticker.o)
                              LPC176x/./SRF08/SRF08.o (mbed::Ticker::setup(unsigned int))
/home/tlegrand/Documents/Robotik/gcc4mbed-master/external/mbed/LPC1768/GCC_ARM/libmbed.a(Timeout.o)
                              LPC176x/./SRF08/SRF08.o (vtable for mbed::Timeout)
/home/tlegrand/Documents/Robotik/gcc4mbed-master/external/mbed/LPC1768/GCC_ARM/libmbed.a(TimerEvent.o)
                              LPC176x/./SRF08/SRF08.o (mbed::TimerEvent::TimerEvent())
/home/tlegrand/Documents/Robotik/gcc4mbed-master/external/mbed/LPC1768/GCC_ARM/libmbed.a(board.o)
                              /home/tlegrand/Documents/Robotik/gcc4mbed-master/external/mbed/LPC1768/GCC_ARM/libmbed.a(exit.o) (mbed_die)
/home/tlegrand/Documents/Robotik/gcc4mbed-master/external/mbed/LPC1768/GCC_ARM/libmbed.a(gpio_api.o)
                              /home/tlegrand/Documents/Robotik/gcc4mbed-master/external/mbed/LPC1768/GCC_ARM/libmbed.a(board.o) (gpio_init)
/home/tlegrand/Documents/Robotik/gcc4mbed-master/external/mbed/LPC1768/GCC_ARM/libmbed.a(i2c_api.o)
                              /home/tlegrand/Documents/Robotik/gcc4mbed-master/external/mbed/LPC1768/GCC_ARM/libmbed.a(I2C.o) (i2c_init)
/home/tlegrand/Documents/Robotik/gcc4mbed-master/external/mbed/LPC1768/GCC_ARM/libmbed.a(pinmap.o)
                              /home/tlegrand/Documents/Robotik/gcc4mbed-master/external/mbed/LPC1768/GCC_ARM/libmbed.a(gpio_api.o) (pin_function)
/home/tlegrand/Documents/Robotik/gcc4mbed-master/external/mbed/LPC1768/GCC_ARM/libmbed.a(semihost.o)
                              /home/tlegrand/Documents/Robotik/gcc4mbed-master/external/mbed/LPC1768/GCC_ARM/libmbed.a(mbed_interface.o) (semihost_connected)
/home/tlegrand/Documents/Robotik/gcc4mbed-master/external/mbed/LPC1768/GCC_ARM/libmbed.a(serial_api.o)
                              /home/tlegrand/Documents/Robotik/gcc4mbed-master/external/mbed/LPC1768/GCC_ARM/libmbed.a(Serial.o) (serial_baud)
/home/tlegrand/Documents/Robotik/gcc4mbed-master/external/mbed/LPC1768/GCC_ARM/libmbed.a(us_ticker_api.o)
                              /home/tlegrand/Documents/Robotik/gcc4mbed-master/external/mbed/LPC1768/GCC_ARM/libmbed.a(wait_api.o) (us_ticker_read)
/home/tlegrand/Documents/Robotik/gcc4mbed-master/external/mbed/LPC1768/GCC_ARM/libmbed.a(pinmap_common.o)
                              /home/tlegrand/Documents/Robotik/gcc4mbed-master/external/mbed/LPC1768/GCC_ARM/libmbed.a(i2c_api.o) (pinmap_pinout)
/home/tlegrand/Documents/Robotik/gcc4mbed-master/external/mbed/LPC1768/GCC_ARM/libmbed.a(FileLike.o)
                              /home/tlegrand/Documents/Robotik/gcc4mbed-master/external/mbed/LPC1768/GCC_ARM/libmbed.a(Stream.o) (mbed::FileLike::~FileLike())
/home/tlegrand/Documents/Robotik/gcc4mbed-master/external/mbed/LPC1768/GCC_ARM/libmbed.a(FilePath.o)
[...]
Memory Configuration

Name             Origin             Length             Attributes
FLASH            0x00000000         0x00080000         xr
RAM              0x100000c8         0x00007f38         xrw
USB_RAM          0x2007c000         0x00004000         xrw
ETH_RAM          0x20080000         0x00004000         xrw
*default*        0x00000000         0xffffffff

Linker script and memory map

LOAD /home/tlegrand/Documents/Robotik/gcc4mbed-master/gcc-arm-none-eabi/bin/../lib/gcc/arm-none-eabi/4.7.3/armv7-m/crti.o
LOAD /home/tlegrand/Documents/Robotik/gcc4mbed-master/gcc-arm-none-eabi/bin/../lib/gcc/arm-none-eabi/4.7.3/armv7-m/crtbegin.o
LOAD LPC176x/./main.o
LOAD LPC176x/./SRF08/SRF08.o
LOAD LPC176x/gcc4mbed.o
LOAD /home/tlegrand/Documents/Robotik/gcc4mbed-master/external/mbed/LPC1768/GCC_ARM/startup_LPC17xx.o
LOAD /home/tlegrand/Documents/Robotik/gcc4mbed-master/external/mbed/LPC1768/GCC_ARM/cmsis_nvic.o
LOAD /home/tlegrand/Documents/Robotik/gcc4mbed-master/external/mbed/LPC1768/GCC_ARM/core_cm3.o
LOAD /home/tlegrand/Documents/Robotik/gcc4mbed-master/external/mbed/LPC1768/GCC_ARM/system_LPC17xx.o
LOAD /home/tlegrand/Documents/Robotik/gcc4mbed-master/external/mbed/LPC1768/GCC_ARM/libmbed.a
LOAD /home/tlegrand/Documents/Robotik/gcc4mbed-master/gcc-arm-none-eabi/bin/../lib/gcc/arm-none-eabi/4.7.3/../../../../arm-none-eabi/lib/armv7-m/libstdc++_s.a
LOAD /home/tlegrand/Documents/Robotik/gcc4mbed-master/gcc-arm-none-eabi/bin/../lib/gcc/arm-none-eabi/4.7.3/../../../../arm-none-eabi/lib/armv7-m/libsupc++_s.a
LOAD /home/tlegrand/Documents/Robotik/gcc4mbed-master/gcc-arm-none-eabi/bin/../lib/gcc/arm-none-eabi/4.7.3/armv7-m/libgcc.a
LOAD /home/tlegrand/Documents/Robotik/gcc4mbed-master/gcc-arm-none-eabi/bin/../lib/gcc/arm-none-eabi/4.7.3/../../../../arm-none-eabi/lib/armv7-m/libc_s.a
LOAD /home/tlegrand/Documents/Robotik/gcc4mbed-master/gcc-arm-none-eabi/bin/../lib/gcc/arm-none-eabi/4.7.3/armv7-m/libgcc.a
LOAD /home/tlegrand/Documents/Robotik/gcc4mbed-master/gcc-arm-none-eabi/bin/../lib/gcc/arm-none-eabi/4.7.3/../../../../arm-none-eabi/lib/armv7-m/libc_s.a
LOAD /home/tlegrand/Documents/Robotik/gcc4mbed-master/gcc-arm-none-eabi/bin/../lib/gcc/arm-none-eabi/4.7.3/../../../../arm-none-eabi/lib/armv7-m/libnosys.a
LOAD /home/tlegrand/Documents/Robotik/gcc4mbed-master/gcc-arm-none-eabi/bin/../lib/gcc/arm-none-eabi/4.7.3/../../../../arm-none-eabi/lib/armv7-m/libstdc++.a
LOAD /home/tlegrand/Documents/Robotik/gcc4mbed-master/gcc-arm-none-eabi/bin/../lib/gcc/arm-none-eabi/4.7.3/../../../../arm-none-eabi/lib/armv7-m/libm.a
START GROUP
LOAD /home/tlegrand/Documents/Robotik/gcc4mbed-master/gcc-arm-none-eabi/bin/../lib/gcc/arm-none-eabi/4.7.3/armv7-m/libgcc.a
LOAD /home/tlegrand/Documents/Robotik/gcc4mbed-master/gcc-arm-none-eabi/bin/../lib/gcc/arm-none-eabi/4.7.3/../../../../arm-none-eabi/lib/armv7-m/libc.a
END GROUP
LOAD /home/tlegrand/Documents/Robotik/gcc4mbed-master/gcc-arm-none-eabi/bin/../lib/gcc/arm-none-eabi/4.7.3/armv7-m/crtend.o
LOAD /home/tlegrand/Documents/Robotik/gcc4mbed-master/gcc-arm-none-eabi/bin/../lib/gcc/arm-none-eabi/4.7.3/armv7-m/crtn.o

.text           0x00000000     0x8d68
 *(.isr_vector)
 .isr_vector    0x00000000       0xcc /home/tlegrand/Documents/Robotik/gcc4mbed-master/external/mbed/LPC1768/GCC_ARM/startup_LPC17xx.o
                0x00000000                __isr_vector
 *(.text*)
 .text          0x000000cc       0x54 /home/tlegrand/Documents/Robotik/gcc4mbed-master/gcc-arm-none-eabi/bin/../lib/gcc/arm-none-eabi/4.7.3/armv7-m/crtbegin.o
 .text._ZN4mbed6SerialD2Ev
                0x00000120       0x1c LPC176x/./main.o
                0x00000120                mbed::Serial::~Serial()
                0x00000120                mbed::Serial::~Serial()
 .text._ZN4mbed6SerialD1Ev
                0x0000013c        0x8 LPC176x/./main.o
                0x0000013c                non-virtual thunk to mbed::Serial::~Serial()
 .text._ZN5SRF08D2Ev
                0x00000144       0x18 LPC176x/./main.o
                0x00000144                SRF08::~SRF08()
                0x00000144                SRF08::~SRF08()
 .text.startup.main
                0x0000015c       0x84 LPC176x/./main.o
                0x0000015c                main
 .text._ZN4mbed6SerialD0Ev
                0x000001e0       0x28 LPC176x/./main.o
                0x000001e0                mbed::Serial::~Serial()
                0x00000200                non-virtual thunk to mbed::Serial::~Serial()
 .text.startup._GLOBAL__sub_I_rangeMod1
                0x00000208       0x70 LPC176x/./main.o
 .text._ZN5SRF0818setRangingFinishedEv
                0x00000278        0x8 LPC176x/./SRF08/SRF08.o
                0x00000278                SRF08::setRangingFinished()
 .text._ZN4mbed15FunctionPointer12membercallerI5SRF08EEvPvPc
                0x00000280       0x30 LPC176x/./SRF08/SRF08.o
                0x00000280                void mbed::FunctionPointer::membercaller<SRF08>(void*, char*)
 .text._ZN5SRF08C2E7PinNameS0_i
                0x000002b0       0x50 LPC176x/./SRF08/SRF08.o
                0x000002b0                SRF08::SRF08(PinName, PinName, int)
                0x000002b0                SRF08::SRF08(PinName, PinName, int)
 .text._ZN5SRF0812startRangingEv
                0x00000300       0x54 LPC176x/./SRF08/SRF08.o
                0x00000300                SRF08::startRanging()
 .text._ZN5SRF0815rangingFinishedEv
                0x00000354        0xc LPC176x/./SRF08/SRF08.o
                0x00000354                SRF08::rangingFinished()
 .text._ZN5SRF088getRangeEv
                0x00000360       0x44 LPC176x/./SRF08/SRF08.o
                0x00000360                SRF08::getRange()
 .text._ZN5SRF0817getLightIntensityEv
                0x000003a4       0x34 LPC176x/./SRF08/SRF08.o
                0x000003a4                SRF08::getLightIntensity()
 .text._start   0x000003d8       0x2c LPC176x/gcc4mbed.o
                0x000003d8                _start
 .text.__wrap__isatty
                0x00000404        0xc LPC176x/gcc4mbed.o
                0x00000404                __wrap__isatty
 .text.abort    0x00000410        0x8 LPC176x/gcc4mbed.o
                0x00000410                abort
 .text.__cxa_pure_virtual
                0x00000418        0x8 LPC176x/gcc4mbed.o
                0x00000418                __cxa_pure_virtual
 .text          0x00000420       0x90 /home/tlegrand/Documents/Robotik/gcc4mbed-master/external/mbed/LPC1768/GCC_ARM/startup_LPC17xx.o
                0x00000420                Reset_Handler
                0x00000454                NMI_Handler
                0x00000456                HardFault_Handler
                0x00000458                MemManage_Handler
                0x0000045a                BusFault_Handler
                0x0000045c                UsageFault_Handler
                0x0000045e                SVC_Handler
                0x00000460                DebugMon_Handler
                0x00000462                PendSV_Handler
                0x00000464                SysTick_Handler
                0x00000466                Default_Handler
                0x00000466                DEF_IRQHandler
                0x00000468                WDT_IRQHandler
                0x0000046a                TIMER0_IRQHandler
                0x0000046c                TIMER1_IRQHandler
                0x0000046e                TIMER2_IRQHandler
                0x00000470                TIMER3_IRQHandler
                0x00000472                UART0_IRQHandler
                0x00000474                UART1_IRQHandler
                0x00000476                UART2_IRQHandler
                0x00000478                UART3_IRQHandler
                0x0000047a                PWM1_IRQHandler
                0x0000047c                I2C0_IRQHandler
                0x0000047e                I2C1_IRQHandler
                0x00000480                I2C2_IRQHandler
                0x00000482                SPI_IRQHandler
                0x00000484                SSP0_IRQHandler
                0x00000486                SSP1_IRQHandler
                0x00000488                PLL0_IRQHandler
                0x0000048a                RTC_IRQHandler
                0x0000048c                EINT0_IRQHandler
                0x0000048e                EINT1_IRQHandler
                0x00000490                EINT2_IRQHandler
                0x00000492                EINT3_IRQHandler
                0x00000494                ADC_IRQHandler
                0x00000496                BOD_IRQHandler
                0x00000498                USB_IRQHandler
                0x0000049a                CAN_IRQHandler
                0x0000049c                DMA_IRQHandler
                0x0000049e                I2S_IRQHandler
                0x000004a0                ENET_IRQHandler
                0x000004a2                RIT_IRQHandler
                0x000004a4                MCPWM_IRQHandler
                0x000004a6                QEI_IRQHandler
                0x000004a8                PLL1_IRQHandler
                0x000004aa                USBActivity_IRQHandler
                0x000004ac                CANActivity_IRQHandler
 .text.NVIC_SetVector
                0x000004b0       0x58 /home/tlegrand/Documents/Robotik/gcc4mbed-master/external/mbed/LPC1768/GCC_ARM/cmsis_nvic.o
                0x000004b0                NVIC_SetVector
 .text.SystemInit
                0x00000508       0xdc /home/tlegrand/Documents/Robotik/gcc4mbed-master/external/mbed/LPC1768/GCC_ARM/system_LPC17xx.o
                0x00000508                SystemInit
 .text.exit     0x000005e4       0x1c /home/tlegrand/Documents/Robotik/gcc4mbed-master/external/mbed/LPC1768/GCC_ARM/libmbed.a(exit.o)
                0x000005e4                exit
 .text.mbed_interface_connected
                0x00000600        0x4 /home/tlegrand/Documents/Robotik/gcc4mbed-master/external/mbed/LPC1768/GCC_ARM/libmbed.a(mbed_interface.o)
                0x00000600                mbed_interface_connected
 .text.semihost_exit
                0x00000604       0x18 /home/tlegrand/Documents/Robotik/gcc4mbed-master/external/mbed/LPC1768/GCC_ARM/libmbed.a(semihost_api.o)
                0x00000604                semihost_exit
 .text.wait_us  0x0000061c       0x18 /home/tlegrand/Documents/Robotik/gcc4mbed-master/external/mbed/LPC1768/GCC_ARM/libmbed.a(wait_api.o)
                0x0000061c                wait_us
 .text.wait_ms  0x00000634        0xc /home/tlegrand/Documents/Robotik/gcc4mbed-master/external/mbed/LPC1768/GCC_ARM/libmbed.a(wait_api.o)
                0x00000634                wait_ms
 .text.wait     0x00000640       0x28 /home/tlegrand/Documents/Robotik/gcc4mbed-master/external/mbed/LPC1768/GCC_ARM/libmbed.a(wait_api.o)
                0x00000640                wait
 .text._ZN4mbed15FunctionPointerC2EPFvvE
                0x00000668        0x8 /home/tlegrand/Documents/Robotik/gcc4mbed-master/external/mbed/LPC1768/GCC_ARM/libmbed.a(FunctionPointer.o)
                0x00000668                mbed::FunctionPointer::FunctionPointer(void (*)())
                0x00000668                mbed::FunctionPointer::FunctionPointer(void (*)())
 .text._ZN4mbed15FunctionPointer4callEv
                0x00000670       0x18 /home/tlegrand/Documents/Robotik/gcc4mbed-master/external/mbed/LPC1768/GCC_ARM/libmbed.a(FunctionPointer.o)
                0x00000670                mbed::FunctionPointer::call()
 .text._ZN4mbed3I2CC2E7PinNameS1_
                0x00000688       0x20 /home/tlegrand/Documents/Robotik/gcc4mbed-master/external/mbed/LPC1768/GCC_ARM/libmbed.a(I2C.o)
                0x00000688                mbed::I2C::I2C(PinName, PinName)
                0x00000688                mbed::I2C::I2C(PinName, PinName)
 .text._ZN4mbed3I2C6aquireEv
                0x000006a8       0x1c /home/tlegrand/Documents/Robotik/gcc4mbed-master/external/mbed/LPC1768/GCC_ARM/libmbed.a(I2C.o)
                0x000006a8                mbed::I2C::aquire()
 .text._ZN4mbed3I2C5writeEiPKcib
                0x000006c4       0x2c /home/tlegrand/Documents/Robotik/gcc4mbed-master/external/mbed/LPC1768/GCC_ARM/libmbed.a(I2C.o)
                0x000006c4                mbed::I2C::write(int, char const*, int, bool)
 .text._ZN4mbed3I2C4readEiPcib
                0x000006f0       0x2c /home/tlegrand/Documents/Robotik/gcc4mbed-master/external/mbed/LPC1768/GCC_ARM/libmbed.a(I2C.o)
                0x000006f0                mbed::I2C::read(int, char*, int, bool)
 .text._ZN4mbed6Serial5_putcEi
                0x0000071c       0x10 /home/tlegrand/Documents/Robotik/gcc4mbed-master/external/mbed/LPC1768/GCC_ARM/libmbed.a(Serial.o)
                0x0000071c                mbed::Serial::_putc(int)
 .text._ZN4mbed6Serial5_getcEv
                0x0000072c        0x8 /home/tlegrand/Documents/Robotik/gcc4mbed-master/external/mbed/LPC1768/GCC_ARM/libmbed.a(Serial.o)
                0x0000072c                mbed::Serial::_getc()
 .text._ZN4mbed6Serial12_irq_handlerEm9SerialIrq
                0x00000734       0x10 /home/tlegrand/Documents/Robotik/gcc4mbed-master/external/mbed/LPC1768/GCC_ARM/libmbed.a(Serial.o)
                0x00000734                mbed::Serial::_irq_handler(unsigned long, SerialIrq)
 .text._ZN4mbed6SerialC2E7PinNameS1_PKc
                0x00000744       0x58 /home/tlegrand/Documents/Robotik/gcc4mbed-master/external/mbed/LPC1768/GCC_ARM/libmbed.a(Serial.o)
                0x00000744                mbed::Serial::Serial(PinName, PinName, char const*)
                0x00000744                mbed::Serial::Serial(PinName, PinName, char const*)
 .text._ZN4mbed10FileHandle4flenEv
                0x0000079c       0x38 /home/tlegrand/Documents/Robotik/gcc4mbed-master/external/mbed/LPC1768/GCC_ARM/libmbed.a(stdio.o)
                0x0000079c                mbed::FileHandle::flen()
 .text._ZN4mbed10FileHandleD2Ev
                0x000007d4       0x40 /home/tlegrand/Documents/Robotik/gcc4mbed-master/external/mbed/LPC1768/GCC_ARM/libmbed.a(stdio.o)
                0x000007d4                mbed::FileHandle::~FileHandle()
                0x000007d4                mbed::FileHandle::~FileHandle()
 .text._ZN4mbed10FileHandleD0Ev
                0x00000814       0x48 /home/tlegrand/Documents/Robotik/gcc4mbed-master/external/mbed/LPC1768/GCC_ARM/libmbed.a(stdio.o)
                0x00000814                mbed::FileHandle::~FileHandle()
 .text._ZL11init_serialv
                0x0000085c       0x44 /home/tlegrand/Documents/Robotik/gcc4mbed-master/external/mbed/LPC1768/GCC_ARM/libmbed.a(stdio.o)
 .text._open    0x000008a0       0xd8 /home/tlegrand/Documents/Robotik/gcc4mbed-master/external/mbed/LPC1768/GCC_ARM/libmbed.a(stdio.o)
                0x000008a0                _open
 .text._close   0x00000978       0x2c /home/tlegrand/Documents/Robotik/gcc4mbed-master/external/mbed/LPC1768/GCC_ARM/libmbed.a(stdio.o)
                0x00000978                _close
 .text._write   0x000009a4       0x8c /home/tlegrand/Documents/Robotik/gcc4mbed-master/external/mbed/LPC1768/GCC_ARM/libmbed.a(stdio.o)
                0x000009a4                _write
 .text._read    0x00000a30       0x3c /home/tlegrand/Documents/Robotik/gcc4mbed-master/external/mbed/LPC1768/GCC_ARM/libmbed.a(stdio.o)
                0x00000a30                _read
 .text._lseek   0x00000a6c       0x28 /home/tlegrand/Documents/Robotik/gcc4mbed-master/external/mbed/LPC1768/GCC_ARM/libmbed.a(stdio.o)
                0x00000a6c                _lseek
 .text._fstat   0x00000a94       0x20 /home/tlegrand/Documents/Robotik/gcc4mbed-master/external/mbed/LPC1768/GCC_ARM/libmbed.a(stdio.o)
                0x00000a94                _fstat
 .text._ZN4mbed6Stream5closeEv
                0x00000ab4        0x4 /home/tlegrand/Documents/Robotik/gcc4mbed-master/external/mbed/LPC1768/GCC_ARM/libmbed.a(Stream.o)
                0x00000ab4                mbed::Stream::close()
 .text._ZN4mbed6Stream5writeEPKvj
                0x00000ab8       0x78 /home/tlegrand/Documents/Robotik/gcc4mbed-master/external/mbed/LPC1768/GCC_ARM/libmbed.a(Stream.o)
                0x00000ab8                mbed::Stream::write(void const*, unsigned int)
 .text._ZN4mbed6Stream4readEPvj
                0x00000b30       0x7c /home/tlegrand/Documents/Robotik/gcc4mbed-master/external/mbed/LPC1768/GCC_ARM/libmbed.a(Stream.o)
                0x00000b30                mbed::Stream::read(void*, unsigned int)
 .text._ZN4mbed6Stream5lseekEli
                0x00000bac        0x4 /home/tlegrand/Documents/Robotik/gcc4mbed-master/external/mbed/LPC1768/GCC_ARM/libmbed.a(Stream.o)
                0x00000bac                mbed::Stream::lseek(long, int)
 .text._ZN4mbed6Stream6isattyEv
                0x00000bb0        0x4 /home/tlegrand/Documents/Robotik/gcc4mbed-master/external/mbed/LPC1768/GCC_ARM/libmbed.a(Stream.o)
                0x00000bb0                mbed::Stream::isatty()
 .text._ZN4mbed6Stream5fsyncEv
                0x00000bb4        0x4 /home/tlegrand/Documents/Robotik/gcc4mbed-master/external/mbed/LPC1768/GCC_ARM/libmbed.a(Stream.o)
                0x00000bb4                mbed::Stream::fsync()
 .text._ZN4mbed6Stream4flenEv
                0x00000bb8        0x4 /home/tlegrand/Documents/Robotik/gcc4mbed-master/external/mbed/LPC1768/GCC_ARM/libmbed.a(Stream.o)
                0x00000bb8                mbed::Stream::flen()
 .text._ZN4mbed6StreamD2Ev
                0x00000bbc       0x28 /home/tlegrand/Documents/Robotik/gcc4mbed-master/external/mbed/LPC1768/GCC_ARM/libmbed.a(Stream.o)
                0x00000bbc                mbed::Stream::~Stream()
                0x00000bbc                mbed::Stream::~Stream()
 .text._ZThn4_N4mbed6StreamD1Ev
                0x00000be4        0x8 /home/tlegrand/Documents/Robotik/gcc4mbed-master/external/mbed/LPC1768/GCC_ARM/libmbed.a(Stream.o)
                0x00000be4                non-virtual thunk to mbed::Stream::~Stream()
 .text._ZN4mbed6StreamD0Ev
                0x00000bec       0x14 /home/tlegrand/Documents/Robotik/gcc4mbed-master/external/mbed/LPC1768/GCC_ARM/libmbed.a(Stream.o)
                0x00000bec                mbed::Stream::~Stream()
 .text._ZThn4_N4mbed6StreamD0Ev
                0x00000c00        0x8 /home/tlegrand/Documents/Robotik/gcc4mbed-master/external/mbed/LPC1768/GCC_ARM/libmbed.a(Stream.o)
                0x00000c00                non-virtual thunk to mbed::Stream::~Stream()
 .text._ZN4mbed6StreamC2EPKc
                0x00000c08       0x48 /home/tlegrand/Documents/Robotik/gcc4mbed-master/external/mbed/LPC1768/GCC_ARM/libmbed.a(Stream.o)
                0x00000c08                mbed::Stream::Stream(char const*)
                0x00000c08                mbed::Stream::Stream(char const*)
 .text._ZN4mbed6Stream6printfEPKcz
                0x00000c50       0x2c /home/tlegrand/Documents/Robotik/gcc4mbed-master/external/mbed/LPC1768/GCC_ARM/libmbed.a(Stream.o)
                0x00000c50                mbed::Stream::printf(char const*, ...)
 .text._ZN4mbed6TickerD2Ev
                0x00000c7c       0x14 /home/tlegrand/Documents/Robotik/gcc4mbed-master/external/mbed/LPC1768/GCC_ARM/libmbed.a(Ticker.o)
                0x00000c7c                mbed::Ticker::~Ticker()
                0x00000c7c                mbed::Ticker::~Ticker()
 .text._ZN4mbed6Ticker7handlerEv
                0x00000c90       0x1c /home/tlegrand/Documents/Robotik/gcc4mbed-master/external/mbed/LPC1768/GCC_ARM/libmbed.a(Ticker.o)
                0x00000c90                mbed::Ticker::handler()
 .text._ZN4mbed6TickerD0Ev
                0x00000cac       0x1c /home/tlegrand/Documents/Robotik/gcc4mbed-master/external/mbed/LPC1768/GCC_ARM/libmbed.a(Ticker.o)
                0x00000cac                mbed::Ticker::~Ticker()
 .text._ZN4mbed6Ticker5setupEj
                0x00000cc8       0x1c /home/tlegrand/Documents/Robotik/gcc4mbed-master/external/mbed/LPC1768/GCC_ARM/libmbed.a(Ticker.o)
                0x00000cc8                mbed::Ticker::setup(unsigned int)
 .text._ZN4mbed7Timeout7handlerEv
                0x00000ce4        0x8 /home/tlegrand/Documents/Robotik/gcc4mbed-master/external/mbed/LPC1768/GCC_ARM/libmbed.a(Timeout.o)
                0x00000ce4                mbed::Timeout::handler()
 .text._ZN4mbed7TimeoutD2Ev
                0x00000cec       0x14 /home/tlegrand/Documents/Robotik/gcc4mbed-master/external/mbed/LPC1768/GCC_ARM/libmbed.a(Timeout.o)
                0x00000cec                mbed::Timeout::~Timeout()
                0x00000cec                mbed::Timeout::~Timeout()
 .text._ZN4mbed7TimeoutD0Ev
                0x00000d00       0x1c /home/tlegrand/Documents/Robotik/gcc4mbed-master/external/mbed/LPC1768/GCC_ARM/libmbed.a(Timeout.o)
                0x00000d00                mbed::Timeout::~Timeout()
 .text._ZN4mbed10TimerEvent3irqEm
                0x00000d1c        0xc /home/tlegrand/Documents/Robotik/gcc4mbed-master/external/mbed/LPC1768/GCC_ARM/libmbed.a(TimerEvent.o)
                0x00000d1c                mbed::TimerEvent::irq(unsigned long)
 .text._ZN4mbed10TimerEventC2Ev
                0x00000d28       0x1c /home/tlegrand/Documents/Robotik/gcc4mbed-master/external/mbed/LPC1768/GCC_ARM/libmbed.a(TimerEvent.o)
                0x00000d28                mbed::TimerEvent::TimerEvent()
                0x00000d28                mbed::TimerEvent::TimerEvent()
 .text._ZN4mbed10TimerEvent6insertEj
                0x00000d44        0x8 /home/tlegrand/Documents/Robotik/gcc4mbed-master/external/mbed/LPC1768/GCC_ARM/libmbed.a(TimerEvent.o)
                0x00000d44                mbed::TimerEvent::insert(unsigned int)
 .text._ZN4mbed10TimerEvent6removeEv
                0x00000d4c        0x8 /home/tlegrand/Documents/Robotik/gcc4mbed-master/external/mbed/LPC1768/GCC_ARM/libmbed.a(TimerEvent.o)
                0x00000d4c                mbed::TimerEvent::remove()
 .text._ZN4mbed10TimerEventD2Ev
                0x00000d54       0x14 /home/tlegrand/Documents/Robotik/gcc4mbed-master/external/mbed/LPC1768/GCC_ARM/libmbed.a(TimerEvent.o)
                0x00000d54                mbed::TimerEvent::~TimerEvent()
                0x00000d54                mbed::TimerEvent::~TimerEvent()
 .text._ZN4mbed10TimerEventD0Ev
                0x00000d68       0x14 /home/tlegrand/Documents/Robotik/gcc4mbed-master/external/mbed/LPC1768/GCC_ARM/libmbed.a(TimerEvent.o)
                0x00000d68                mbed::TimerEvent::~TimerEvent()
 .text.mbed_die
                0x00000d7c       0x84 /home/tlegrand/Documents/Robotik/gcc4mbed-master/external/mbed/LPC1768/GCC_ARM/libmbed.a(board.o)
                0x00000d7c                mbed_die
 .text.gpio_set
                0x00000e00       0x18 /home/tlegrand/Documents/Robotik/gcc4mbed-master/external/mbed/LPC1768/GCC_ARM/libmbed.a(gpio_api.o)
                0x00000e00                gpio_set
 .text.gpio_dir
                0x00000e18       0x24 /home/tlegrand/Documents/Robotik/gcc4mbed-master/external/mbed/LPC1768/GCC_ARM/libmbed.a(gpio_api.o)
                0x00000e18                gpio_dir
 .text.gpio_init
                0x00000e3c       0x58 /home/tlegrand/Documents/Robotik/gcc4mbed-master/external/mbed/LPC1768/GCC_ARM/libmbed.a(gpio_api.o)
                0x00000e3c                gpio_init
 .text.i2c_do_write
                0x00000e94       0x3c /home/tlegrand/Documents/Robotik/gcc4mbed-master/external/mbed/LPC1768/GCC_ARM/libmbed.a(i2c_api.o)
 .text.i2c_do_read
                0x00000ed0       0x50 /home/tlegrand/Documents/Robotik/gcc4mbed-master/external/mbed/LPC1768/GCC_ARM/libmbed.a(i2c_api.o)
 .text.i2c_init
                0x00000f20       0xe4 /home/tlegrand/Documents/Robotik/gcc4mbed-master/external/mbed/LPC1768/GCC_ARM/libmbed.a(i2c_api.o)
                0x00000f20                i2c_init
 .text.i2c_start
                0x00001004       0x44 /home/tlegrand/Documents/Robotik/gcc4mbed-master/external/mbed/LPC1768/GCC_ARM/libmbed.a(i2c_api.o)
                0x00001004                i2c_start
 .text.i2c_frequency
                0x00001048       0x1c /home/tlegrand/Documents/Robotik/gcc4mbed-master/external/mbed/LPC1768/GCC_ARM/libmbed.a(i2c_api.o)
                0x00001048                i2c_frequency
 .text.i2c_read
                0x00001064      0x100 /home/tlegrand/Documents/Robotik/gcc4mbed-master/external/mbed/LPC1768/GCC_ARM/libmbed.a(i2c_api.o)
                0x00001064                i2c_read
 .text.i2c_write
                0x00001164       0xc0 /home/tlegrand/Documents/Robotik/gcc4mbed-master/external/mbed/LPC1768/GCC_ARM/libmbed.a(i2c_api.o)
                0x00001164                i2c_write
 .text.pin_function
                0x00001224       0x44 /home/tlegrand/Documents/Robotik/gcc4mbed-master/external/mbed/LPC1768/GCC_ARM/libmbed.a(pinmap.o)
                0x00001224                pin_function
 .text.pin_mode
                0x00001268       0x70 /home/tlegrand/Documents/Robotik/gcc4mbed-master/external/mbed/LPC1768/GCC_ARM/libmbed.a(pinmap.o)
                0x00001268                pin_mode
 .text.semihost_connected
                0x000012d8       0x10 /home/tlegrand/Documents/Robotik/gcc4mbed-master/external/mbed/LPC1768/GCC_ARM/libmbed.a(semihost.o)
                0x000012d8                semihost_connected
 .text.serial_baud
                0x000012e8      0x268 /home/tlegrand/Documents/Robotik/gcc4mbed-master/external/mbed/LPC1768/GCC_ARM/libmbed.a(serial_api.o)
                0x000012e8                serial_baud
 .text.serial_format
                0x00001550       0x88 /home/tlegrand/Documents/Robotik/gcc4mbed-master/external/mbed/LPC1768/GCC_ARM/libmbed.a(serial_api.o)
                0x00001550                serial_format
 .text.serial_init
                0x000015d8      0x258 /home/tlegrand/Documents/Robotik/gcc4mbed-master/external/mbed/LPC1768/GCC_ARM/libmbed.a(serial_api.o)
                0x000015d8                serial_init
 .text.serial_irq_handler
                0x00001830       0x20 /home/tlegrand/Documents/Robotik/gcc4mbed-master/external/mbed/LPC1768/GCC_ARM/libmbed.a(serial_api.o)
                0x00001830                serial_irq_handler
 .text.serial_getc
                0x00001850        0xc /home/tlegrand/Documents/Robotik/gcc4mbed-master/external/mbed/LPC1768/GCC_ARM/libmbed.a(serial_api.o)
                0x00001850                serial_getc
 .text.serial_putc
                0x0000185c       0x14 /home/tlegrand/Documents/Robotik/gcc4mbed-master/external/mbed/LPC1768/GCC_ARM/libmbed.a(serial_api.o)
                0x0000185c                serial_putc
 .text.us_ticker_read
                0x00001870       0x60 /home/tlegrand/Documents/Robotik/gcc4mbed-master/external/mbed/LPC1768/GCC_ARM/libmbed.a(us_ticker_api.o)
                0x00001870                us_ticker_read
 .text.irq_handler
                0x000018d0       0x68 /home/tlegrand/Documents/Robotik/gcc4mbed-master/external/mbed/LPC1768/GCC_ARM/libmbed.a(us_ticker_api.o)
                0x000018d0                irq_handler
 .text.us_ticker_set_handler
                0x00001938       0x28 /home/tlegrand/Documents/Robotik/gcc4mbed-master/external/mbed/LPC1768/GCC_ARM/libmbed.a(us_ticker_api.o)
                0x00001938                us_ticker_set_handler
 .text.us_ticker_insert_event
                0x00001960       0x54 /home/tlegrand/Documents/Robotik/gcc4mbed-master/external/mbed/LPC1768/GCC_ARM/libmbed.a(us_ticker_api.o)
                0x00001960                us_ticker_insert_event
 .text.us_ticker_remove_event
                0x000019b4       0x58 /home/tlegrand/Documents/Robotik/gcc4mbed-master/external/mbed/LPC1768/GCC_ARM/libmbed.a(us_ticker_api.o)
                0x000019b4                us_ticker_remove_event
 .text.pinmap_pinout
                0x00001a0c       0x4c /home/tlegrand/Documents/Robotik/gcc4mbed-master/external/mbed/LPC1768/GCC_ARM/libmbed.a(pinmap_common.o)
                0x00001a0c                pinmap_pinout
 .text.pinmap_merge
                0x00001a58       0x30 /home/tlegrand/Documents/Robotik/gcc4mbed-master/external/mbed/LPC1768/GCC_ARM/libmbed.a(pinmap_common.o)
                0x00001a58                pinmap_merge
 .text.pinmap_peripheral
                0x00001a88       0x3c /home/tlegrand/Documents/Robotik/gcc4mbed-master/external/mbed/LPC1768/GCC_ARM/libmbed.a(pinmap_common.o)
                0x00001a88                pinmap_peripheral
 .text._ZN4mbed8FileLikeD2Ev
                0x00001ac4       0x28 /home/tlegrand/Documents/Robotik/gcc4mbed-master/external/mbed/LPC1768/GCC_ARM/libmbed.a(FileLike.o)
                0x00001ac4                mbed::FileLike::~FileLike()
                0x00001ac4                mbed::FileLike::~FileLike()
 .text._ZThn4_N4mbed8FileLikeD1Ev
                0x00001aec        0x8 /home/tlegrand/Documents/Robotik/gcc4mbed-master/external/mbed/LPC1768/GCC_ARM/libmbed.a(FileLike.o)
                0x00001aec                non-virtual thunk to mbed::FileLike::~FileLike()
 .text._ZN4mbed8FileLikeD0Ev
                0x00001af4       0x14 /home/tlegrand/Documents/Robotik/gcc4mbed-master/external/mbed/LPC1768/GCC_ARM/libmbed.a(FileLike.o)
                0x00001af4                mbed::FileLike::~FileLike()
 .text._ZThn4_N4mbed8FileLikeD0Ev
                0x00001b08        0x8 /home/tlegrand/Documents/Robotik/gcc4mbed-master/external/mbed/LPC1768/GCC_ARM/libmbed.a(FileLike.o)
                0x00001b08                non-virtual thunk to mbed::FileLike::~FileLike()
 .text._ZN4mbed8FileLikeC2EPKc
                0x00001b10       0x2c /home/tlegrand/Documents/Robotik/gcc4mbed-master/external/mbed/LPC1768/GCC_ARM/libmbed.a(FileLike.o)
                0x00001b10                mbed::FileLike::FileLike(char const*)
                0x00001b10                mbed::FileLike::FileLike(char const*)
 .text._ZN4mbed8FilePathC2EPKc
                0x00001b3c       0x64 /home/tlegrand/Documents/Robotik/gcc4mbed-master/external/mbed/LPC1768/GCC_ARM/libmbed.a(FilePath.o)
                0x00001b3c                mbed::FilePath::FilePath(char const*)
                0x00001b3c                mbed::FilePath::FilePath(char const*)
 .text._ZN4mbed8FilePath8fileNameEv
                0x00001ba0        0x4 /home/tlegrand/Documents/Robotik/gcc4mbed-master/external/mbed/LPC1768/GCC_ARM/libmbed.a(FilePath.o)
                0x00001ba0                mbed::FilePath::fileName()
 .text._ZN4mbed8FilePath12isFileSystemEv
                0x00001ba4       0x10 /home/tlegrand/Documents/Robotik/gcc4mbed-master/external/mbed/LPC1768/GCC_ARM/libmbed.a(FilePath.o)
                0x00001ba4                mbed::FilePath::isFileSystem()
 .text._ZN4mbed8FilePath10fileSystemEv
                0x00001bb4       0x10 /home/tlegrand/Documents/Robotik/gcc4mbed-master/external/mbed/LPC1768/GCC_ARM/libmbed.a(FilePath.o)
                0x00001bb4                mbed::FilePath::fileSystem()
 .text._ZN4mbed8FilePath6isFileEv
                0x00001bc4       0x14 /home/tlegrand/Documents/Robotik/gcc4mbed-master/external/mbed/LPC1768/GCC_ARM/libmbed.a(FilePath.o)
                0x00001bc4                mbed::FilePath::isFile()
 .text._ZN4mbed8FilePath4fileEv
                0x00001bd8       0x14 /home/tlegrand/Documents/Robotik/gcc4mbed-master/external/mbed/LPC1768/GCC_ARM/libmbed.a(FilePath.o)
                0x00001bd8                mbed::FilePath::file()
 .text._ZN4mbed8FileBaseD2Ev
                0x00001bec       0x30 /home/tlegrand/Documents/Robotik/gcc4mbed-master/external/mbed/LPC1768/GCC_ARM/libmbed.a(FileBase.o)
                0x00001bec                mbed::FileBase::~FileBase()
                0x00001bec                mbed::FileBase::~FileBase()
 .text._ZN4mbed8FileBaseD0Ev
                0x00001c1c       0x3c /home/tlegrand/Documents/Robotik/gcc4mbed-master/external/mbed/LPC1768/GCC_ARM/libmbed.a(FileBase.o)
                0x00001c1c                mbed::FileBase::~FileBase()
 .text._ZN4mbed8FileBaseC2EPKcNS_8PathTypeE
                0x00001c58       0x20 /home/tlegrand/Documents/Robotik/gcc4mbed-master/external/mbed/LPC1768/GCC_ARM/libmbed.a(FileBase.o)
                0x00001c58                mbed::FileBase::FileBase(char const*, mbed::PathType)
                0x00001c58                mbed::FileBase::FileBase(char const*, mbed::PathType)
 .text._ZN4mbed8FileBase6lookupEPKcj
                0x00001c78       0x40 /home/tlegrand/Documents/Robotik/gcc4mbed-master/external/mbed/LPC1768/GCC_ARM/libmbed.a(FileBase.o)
                0x00001c78                mbed::FileBase::lookup(char const*, unsigned int)
 .text._ZN4mbed8FileBase11getPathTypeEv
                0x00001cb8        0x4 /home/tlegrand/Documents/Robotik/gcc4mbed-master/external/mbed/LPC1768/GCC_ARM/libmbed.a(FileBase.o)
                0x00001cb8                mbed::FileBase::getPathType()
 .text._ZNK10__cxxabiv120__si_class_type_info12__do_dyncastEiNS_17__class_type_info10__sub_kindEPKS1_PKvS4_S6_RNS1_16__dyncast_resultE
                0x00001cbc       0x7c /home/tlegrand/Documents/Robotik/gcc4mbed-master/gcc-arm-none-eabi/bin/../lib/gcc/arm-none-eabi/4.7.3/../../../../arm-none-eabi/lib/armv7-m/libstdc++_s.a(si_class_type_info.o)
                0x00001cbc                __cxxabiv1::__si_class_type_info::__do_dyncast(int, __cxxabiv1::__class_type_info::__sub_kind, __cxxabiv1::__class_type_info const*, void const*, __cxxabiv1::__class_type_info const*, void const*, __cxxabiv1::__class_type_info::__dyncast_result&) const
 .text._ZN10__cxxabiv120__si_class_type_infoD2Ev
                0x00001d38       0x14 /home/tlegrand/Documents/Robotik/gcc4mbed-master/gcc-arm-none-eabi/bin/../lib/gcc/arm-none-eabi/4.7.3/../../../../arm-none-eabi/lib/armv7-m/libstdc++_s.a(si_class_type_info.o)
                0x00001d38                __cxxabiv1::__si_class_type_info::~__si_class_type_info()
                0x00001d38                __cxxabiv1::__si_class_type_info::~__si_class_type_info()
 .text._ZN10__cxxabiv120__si_class_type_infoD0Ev
                0x00001d4c       0x12 /home/tlegrand/Documents/Robotik/gcc4mbed-master/gcc-arm-none-eabi/bin/../lib/gcc/arm-none-eabi/4.7.3/../../../../arm-none-eabi/lib/armv7-m/libstdc++_s.a(si_class_type_info.o)
                0x00001d4c                __cxxabiv1::__si_class_type_info::~__si_class_type_info()
 .text._ZNK10__cxxabiv120__si_class_type_info11__do_upcastEPKNS_17__class_type_infoEPKvRNS1_15__upcast_resultE
                0x00001d5e       0x24 /home/tlegrand/Documents/Robotik/gcc4mbed-master/gcc-arm-none-eabi/bin/../lib/gcc/arm-none-eabi/4.7.3/../../../../arm-none-eabi/lib/armv7-m/libstdc++_s.a(si_class_type_info.o)
                0x00001d5e                __cxxabiv1::__si_class_type_info::__do_upcast(__cxxabiv1::__class_type_info const*, void const*, __cxxabiv1::__class_type_info::__upcast_result&) const
 .text._ZNK10__cxxabiv120__si_class_type_info20__do_find_public_srcEiPKvPKNS_17__class_type_infoES2_
                0x00001d82       0x32 /home/tlegrand/Documents/Robotik/gcc4mbed-master/gcc-arm-none-eabi/bin/../lib/gcc/arm-none-eabi/4.7.3/../../../../arm-none-eabi/lib/armv7-m/libstdc++_s.a(si_class_type_info.o)
                0x00001d82                __cxxabiv1::__si_class_type_info::__do_find_public_src(int, void const*, __cxxabiv1::__class_type_info const*, void const*) const
 .text._ZdlPv   0x00001db4        0x8 /home/tlegrand/Documents/Robotik/gcc4mbed-master/gcc-arm-none-eabi/bin/../lib/gcc/arm-none-eabi/4.7.3/../../../../arm-none-eabi/lib/armv7-m/libstdc++_s.a(del_op.o)
                0x00001db4                operator delete(void*)
 .text._ZNK10__cxxabiv117__class_type_info11__do_upcastEPKS0_PPv
                0x00001dbc       0x36 /home/tlegrand/Documents/Robotik/gcc4mbed-master/gcc-arm-none-eabi/bin/../lib/gcc/arm-none-eabi/4.7.3/../../../../arm-none-eabi/lib/armv7-m/libstdc++_s.a(class_type_info.o)
                0x00001dbc                __cxxabiv1::__class_type_info::__do_upcast(__cxxabiv1::__class_type_info const*, void**) const
 .text._ZNK10__cxxabiv117__class_type_info20__do_find_public_srcEiPKvPKS0_S2_
                0x00001df2        0xc /home/tlegrand/Documents/Robotik/gcc4mbed-master/gcc-arm-none-eabi/bin/../lib/gcc/arm-none-eabi/4.7.3/../../../../arm-none-eabi/lib/armv7-m/libstdc++_s.a(class_type_info.o)
                0x00001df2                __cxxabiv1::__class_type_info::__do_find_public_src(int, void const*, __cxxabiv1::__class_type_info const*, void const*) const
 .text._ZNK10__cxxabiv117__class_type_info11__do_upcastEPKS0_PKvRNS0_15__upcast_resultE
                0x00001dfe       0x1a /home/tlegrand/Documents/Robotik/gcc4mbed-master/gcc-arm-none-eabi/bin/../lib/gcc/arm-none-eabi/4.7.3/../../../../arm-none-eabi/lib/armv7-m/libstdc++_s.a(class_type_info.o)
                0x00001dfe                __cxxabiv1::__class_type_info::__do_upcast(__cxxabiv1::__class_type_info const*, void const*, __cxxabiv1::__class_type_info::__upcast_result&) const
 .text._ZN10__cxxabiv117__class_type_infoD2Ev
                0x00001e18       0x14 /home/tlegrand/Documents/Robotik/gcc4mbed-master/gcc-arm-none-eabi/bin/../lib/gcc/arm-none-eabi/4.7.3/../../../../arm-none-eabi/lib/armv7-m/libstdc++_s.a(class_type_info.o)
                0x00001e18                __cxxabiv1::__class_type_info::~__class_type_info()
                0x00001e18                __cxxabiv1::__class_type_info::~__class_type_info()
 .text._ZN10__cxxabiv117__class_type_infoD0Ev
                0x00001e2c       0x12 /home/tlegrand/Documents/Robotik/gcc4mbed-master/gcc-arm-none-eabi/bin/../lib/gcc/arm-none-eabi/4.7.3/../../../../arm-none-eabi/lib/armv7-m/libstdc++_s.a(class_type_info.o)
                0x00001e2c                __cxxabiv1::__class_type_info::~__class_type_info()
 .text._ZNK10__cxxabiv117__class_type_info12__do_dyncastEiNS0_10__sub_kindEPKS0_PKvS3_S5_RNS0_16__dyncast_resultE
                0x00001e3e       0x38 /home/tlegrand/Documents/Robotik/gcc4mbed-master/gcc-arm-none-eabi/bin/../lib/gcc/arm-none-eabi/4.7.3/../../../../arm-none-eabi/lib/armv7-m/libstdc++_s.a(class_type_info.o)
                0x00001e3e                __cxxabiv1::__class_type_info::__do_dyncast(int, __cxxabiv1::__class_type_info::__sub_kind, __cxxabiv1::__class_type_info const*, void const*, __cxxabiv1::__class_type_info const*, void const*, __cxxabiv1::__class_type_info::__dyncast_result&) const
 .text._ZNK10__cxxabiv117__class_type_info10__do_catchEPKSt9type_infoPPvj
                0x00001e76       0x26 /home/tlegrand/Documents/Robotik/gcc4mbed-master/gcc-arm-none-eabi/bin/../lib/gcc/arm-none-eabi/4.7.3/../../../../arm-none-eabi/lib/armv7-m/libstdc++_s.a(class_type_info.o)
                0x00001e76                __cxxabiv1::__class_type_info::__do_catch(std::type_info const*, void**, unsigned int) const
 .text.__aeabi_atexit
                0x00001e9c        0xa /home/tlegrand/Documents/Robotik/gcc4mbed-master/gcc-arm-none-eabi/bin/../lib/gcc/arm-none-eabi/4.7.3/../../../../arm-none-eabi/lib/armv7-m/libstdc++_s.a(atexit_arm.o)
                0x00001e9c                __aeabi_atexit
 *fill*         0x00001ea6        0x2 00
 .text._ZN10__cxxabiv121__vmi_class_type_infoD2Ev
                0x00001ea8       0x14 /home/tlegrand/Documents/Robotik/gcc4mbed-master/gcc-arm-none-eabi/bin/../lib/gcc/arm-none-eabi/4.7.3/../../../../arm-none-eabi/lib/armv7-m/libstdc++_s.a(vmi_class_type_info.o)
                0x00001ea8                __cxxabiv1::__vmi_class_type_info::~__vmi_class_type_info()
                0x00001ea8                __cxxabiv1::__vmi_class_type_info::~__vmi_class_type_info()
 .text._ZN10__cxxabiv121__vmi_class_type_infoD0Ev
                0x00001ebc       0x12 /home/tlegrand/Documents/Robotik/gcc4mbed-master/gcc-arm-none-eabi/bin/../lib/gcc/arm-none-eabi/4.7.3/../../../../arm-none-eabi/lib/armv7-m/libstdc++_s.a(vmi_class_type_info.o)
                0x00001ebc                __cxxabiv1::__vmi_class_type_info::~__vmi_class_type_info()
 .text._ZNK10__cxxabiv121__vmi_class_type_info20__do_find_public_srcEiPKvPKNS_17__class_type_infoES2_
                0x00001ece       0x72 /home/tlegrand/Documents/Robotik/gcc4mbed-master/gcc-arm-none-eabi/bin/../lib/gcc/arm-none-eabi/4.7.3/../../../../arm-none-eabi/lib/armv7-m/libstdc++_s.a(vmi_class_type_info.o)
                0x00001ece                __cxxabiv1::__vmi_class_type_info::__do_find_public_src(int, void const*, __cxxabiv1::__class_type_info const*, void const*) const
 .text._ZNK10__cxxabiv121__vmi_class_type_info11__do_upcastEPKNS_17__class_type_infoEPKvRNS1_15__upcast_resultE
                0x00001f40      0x126 /home/tlegrand/Documents/Robotik/gcc4mbed-master/gcc-arm-none-eabi/bin/../lib/gcc/arm-none-eabi/4.7.3/../../../../arm-none-eabi/lib/armv7-m/libstdc++_s.a(vmi_class_type_info.o)
                0x00001f40                __cxxabiv1::__vmi_class_type_info::__do_upcast(__cxxabiv1::__class_type_info const*, void const*, __cxxabiv1::__class_type_info::__upcast_result&) const
 .text._ZNK10__cxxabiv121__vmi_class_type_info12__do_dyncastEiNS_17__class_type_info10__sub_kindEPKS1_PKvS4_S6_RNS1_16__dyncast_resultE
                0x00002066      0x29e /home/tlegrand/Documents/Robotik/gcc4mbed-master/gcc-arm-none-eabi/bin/../lib/gcc/arm-none-eabi/4.7.3/../../../../arm-none-eabi/lib/armv7-m/libstdc++_s.a(vmi_class_type_info.o)
                0x00002066                __cxxabiv1::__vmi_class_type_info::__do_dyncast(int, __cxxabiv1::__class_type_info::__sub_kind, __cxxabiv1::__class_type_info const*, void const*, __cxxabiv1::__class_type_info const*, void const*, __cxxabiv1::__class_type_info::__dyncast_result&) const
 .text._ZNSt9type_infoD2Ev
                0x00002304        0xc /home/tlegrand/Documents/Robotik/gcc4mbed-master/gcc-arm-none-eabi/bin/../lib/gcc/arm-none-eabi/4.7.3/../../../../arm-none-eabi/lib/armv7-m/libstdc++_s.a(tinfo.o)
                0x00002304                std::type_info::~type_info()
                0x00002304                std::type_info::~type_info()
 .text._ZNKSt9type_info14__is_pointer_pEv
                0x00002310        0x4 /home/tlegrand/Documents/Robotik/gcc4mbed-master/gcc-arm-none-eabi/bin/../lib/gcc/arm-none-eabi/4.7.3/../../../../arm-none-eabi/lib/armv7-m/libstdc++_s.a(tinfo.o)
                0x00002310                std::type_info::__is_pointer_p() const
 .text._ZNKSt9type_info15__is_function_pEv
                0x00002314        0x4 /home/tlegrand/Documents/Robotik/gcc4mbed-master/gcc-arm-none-eabi/bin/../lib/gcc/arm-none-eabi/4.7.3/../../../../arm-none-eabi/lib/armv7-m/libstdc++_s.a(tinfo.o)
                0x00002314                std::type_info::__is_function_p() const
 .text._ZNKSt9type_info11__do_upcastEPKN10__cxxabiv117__class_type_infoEPPv
                0x00002318        0x4 /home/tlegrand/Documents/Robotik/gcc4mbed-master/gcc-arm-none-eabi/bin/../lib/gcc/arm-none-eabi/4.7.3/../../../../arm-none-eabi/lib/armv7-m/libstdc++_s.a(tinfo.o)
                0x00002318                std::type_info::__do_upcast(__cxxabiv1::__class_type_info const*, void**) const
 .text._ZNSt9type_infoD0Ev
                0x0000231c       0x14 /home/tlegrand/Documents/Robotik/gcc4mbed-master/gcc-arm-none-eabi/bin/../lib/gcc/arm-none-eabi/4.7.3/../../../../arm-none-eabi/lib/armv7-m/libstdc++_s.a(tinfo.o)
                0x0000231c                std::type_info::~type_info()
 .text._ZNKSt9type_infoeqERKS_
                0x00002330       0x28 /home/tlegrand/Documents/Robotik/gcc4mbed-master/gcc-arm-none-eabi/bin/../lib/gcc/arm-none-eabi/4.7.3/../../../../arm-none-eabi/lib/armv7-m/libstdc++_s.a(tinfo.o)
                0x00002330                std::type_info::operator==(std::type_info const&) const
 .text._ZNKSt9type_info10__do_catchEPKS_PPvj
                0x00002358        0x4 /home/tlegrand/Documents/Robotik/gcc4mbed-master/gcc-arm-none-eabi/bin/../lib/gcc/arm-none-eabi/4.7.3/../../../../arm-none-eabi/lib/armv7-m/libstdc++_s.a(tinfo.o)
                0x00002358                std::type_info::__do_catch(std::type_info const*, void**, unsigned int) const
 .text          0x0000235c      0x370 /home/tlegrand/Documents/Robotik/gcc4mbed-master/gcc-arm-none-eabi/bin/../lib/gcc/arm-none-eabi/4.7.3/armv7-m/libgcc.a(_arm_addsubdf3.o)
                0x0000235c                __aeabi_drsub
                0x00002364                __aeabi_dsub
                0x00002364                __subdf3
                0x00002368                __adddf3
                0x00002368                __aeabi_dadd
                0x000025e0                __aeabi_ui2d
                0x000025e0                __floatunsidf
                0x00002600                __floatsidf
                0x00002600                __aeabi_i2d
                0x00002624                __extendsfdf2
                0x00002624                __aeabi_f2d
                0x00002660                __aeabi_ul2d
                0x00002660                __floatundidf
                0x00002670                __floatdidf
                0x00002670                __aeabi_l2d
 .text          0x000026cc      0x424 /home/tlegrand/Documents/Robotik/gcc4mbed-master/gcc-arm-none-eabi/bin/../lib/gcc/arm-none-eabi/4.7.3/armv7-m/libgcc.a(_arm_muldivdf3.o)
                0x000026cc                __aeabi_dmul
                0x000026cc                __muldf3
                0x00002920                __aeabi_ddiv
                0x00002920                __divdf3
 .text          0x00002af0      0x110 /home/tlegrand/Documents/Robotik/gcc4mbed-master/gcc-arm-none-eabi/bin/../lib/gcc/arm-none-eabi/4.7.3/armv7-m/libgcc.a(_arm_cmpdf2.o)
                0x00002af0                __gtdf2
                0x00002af0                __gedf2
                0x00002af8                __ltdf2
                0x00002af8                __ledf2
                0x00002b00                __cmpdf2
                0x00002b00                __eqdf2
                0x00002b00                __nedf2
                0x00002b7c                __aeabi_cdrcmple
                0x00002b8c                __aeabi_cdcmple
                0x00002b8c                __aeabi_cdcmpeq
                0x00002b9c                __aeabi_dcmpeq
                0x00002bb0                __aeabi_dcmplt
                0x00002bc4                __aeabi_dcmple
                0x00002bd8                __aeabi_dcmpge
                0x00002bec                __aeabi_dcmpgt
 .text          0x00002c00       0x50 /home/tlegrand/Documents/Robotik/gcc4mbed-master/gcc-arm-none-eabi/bin/../lib/gcc/arm-none-eabi/4.7.3/armv7-m/libgcc.a(_arm_fixdfsi.o)
                0x00002c00                __fixdfsi
                0x00002c00                __aeabi_d2iz
 .text          0x00002c50       0xa0 /home/tlegrand/Documents/Robotik/gcc4mbed-master/gcc-arm-none-eabi/bin/../lib/gcc/arm-none-eabi/4.7.3/armv7-m/libgcc.a(_arm_truncdfsf2.o)
                0x00002c50                __aeabi_d2f
                0x00002c50                __truncdfsf2
 .text          0x00002cf0      0x21c /home/tlegrand/Documents/Robotik/gcc4mbed-master/gcc-arm-none-eabi/bin/../lib/gcc/arm-none-eabi/4.7.3/armv7-m/libgcc.a(_arm_addsubsf3.o)
                0x00002cf0                __aeabi_frsub
                0x00002cf8                __subsf3
                0x00002cf8                __aeabi_fsub
                0x00002cfc                __aeabi_fadd
                0x00002cfc                __addsf3
                0x00002e5c                __aeabi_ui2f
                0x00002e5c                __floatunsisf
                0x00002e64                __aeabi_i2f
                0x00002e64                __floatsisf
                0x00002e80                __floatundisf
                0x00002e80                __aeabi_ul2f
                0x00002e90                __floatdisf
                0x00002e90                __aeabi_l2f
 .text          0x00002f0c      0x2a0 /home/tlegrand/Documents/Robotik/gcc4mbed-master/gcc-arm-none-eabi/bin/../lib/gcc/arm-none-eabi/4.7.3/armv7-m/libgcc.a(_arm_muldivsf3.o)
                0x00002f0c                __mulsf3
                0x00002f0c                __aeabi_fmul
                0x00003074                __divsf3
                0x00003074                __aeabi_fdiv
 .text          0x000031ac       0xec /home/tlegrand/Documents/Robotik/gcc4mbed-master/gcc-arm-none-eabi/bin/../lib/gcc/arm-none-eabi/4.7.3/armv7-m/libgcc.a(_arm_cmpsf2.o)
                0x000031ac                __gtsf2
                0x000031ac                __gesf2
                0x000031b4                __lesf2
                0x000031b4                __ltsf2
                0x000031bc                __nesf2
                0x000031bc                __eqsf2
                0x000031bc                __cmpsf2
                0x0000321c                __aeabi_cfrcmple
                0x00003224                __aeabi_cfcmple
                0x00003224                __aeabi_cfcmpeq
                0x00003234                __aeabi_fcmpeq
                0x00003248                __aeabi_fcmplt
                0x0000325c                __aeabi_fcmple
                0x00003270                __aeabi_fcmpge
                0x00003284                __aeabi_fcmpgt
 .text.__cxa_atexit
                0x00003298       0x16 /home/tlegrand/Documents/Robotik/gcc4mbed-master/gcc-arm-none-eabi/bin/../lib/gcc/arm-none-eabi/4.7.3/../../../../arm-none-eabi/lib/armv7-m/libc_s.a(lib_a-cxa_atexit.o)
                0x00003298                __cxa_atexit
 *fill*         0x000032ae        0x2 00
 .text.__errno  0x000032b0        0xc /home/tlegrand/Documents/Robotik/gcc4mbed-master/gcc-arm-none-eabi/bin/../lib/gcc/arm-none-eabi/4.7.3/../../../../arm-none-eabi/lib/armv7-m/libc_s.a(lib_a-errno.o)
                0x000032b0                __errno
 .text._fclose_r
                0x000032bc       0xac /home/tlegrand/Documents/Robotik/gcc4mbed-master/gcc-arm-none-eabi/bin/../lib/gcc/arm-none-eabi/4.7.3/../../../../arm-none-eabi/lib/armv7-m/libc_s.a(lib_a-fclose.o)
                0x000032bc                _fclose_r
 .text.fclose   0x00003368       0x10 /home/tlegrand/Documents/Robotik/gcc4mbed-master/gcc-arm-none-eabi/bin/../lib/gcc/arm-none-eabi/4.7.3/../../../../arm-none-eabi/lib/armv7-m/libc_s.a(lib_a-fclose.o)
                0x00003368                fclose
 .text._fflush_r
                0x00003378      0x148 /home/tlegrand/Documents/Robotik/gcc4mbed-master/gcc-arm-none-eabi/bin/../lib/gcc/arm-none-eabi/4.7.3/../../../../arm-none-eabi/lib/armv7-m/libc_s.a(lib_a-fflush.o)
                0x00003378                _fflush_r
 .text.fflush   0x000034c0       0x24 /home/tlegrand/Documents/Robotik/gcc4mbed-master/gcc-arm-none-eabi/bin/../lib/gcc/arm-none-eabi/4.7.3/../../../../arm-none-eabi/lib/armv7-m/libc_s.a(lib_a-fflush.o)
                0x000034c0                fflush
 .text._cleanup_r
                0x000034e4       0x32 /home/tlegrand/Documents/Robotik/gcc4mbed-master/gcc-arm-none-eabi/bin/../lib/gcc/arm-none-eabi/4.7.3/../../../../arm-none-eabi/lib/armv7-m/libc_s.a(lib_a-findfp.o)
                0x000034e4                _cleanup_r
 *fill*         0x00003516        0x2 00
 .text.std.isra.0
                0x00003518       0x48 /home/tlegrand/Documents/Robotik/gcc4mbed-master/gcc-arm-none-eabi/bin/../lib/gcc/arm-none-eabi/4.7.3/../../../../arm-none-eabi/lib/armv7-m/libc_s.a(lib_a-findfp.o)
 .text.__sfmoreglue
                0x00003560       0x2a /home/tlegrand/Documents/Robotik/gcc4mbed-master/gcc-arm-none-eabi/bin/../lib/gcc/arm-none-eabi/4.7.3/../../../../arm-none-eabi/lib/armv7-m/libc_s.a(lib_a-findfp.o)
                0x00003560                __sfmoreglue
 *fill*         0x0000358a        0x2 00
 .text.__sinit  0x0000358c       0x58 /home/tlegrand/Documents/Robotik/gcc4mbed-master/gcc-arm-none-eabi/bin/../lib/gcc/arm-none-eabi/4.7.3/../../../../arm-none-eabi/lib/armv7-m/libc_s.a(lib_a-findfp.o)
                0x0000358c                __sinit
 .text.__sfp    0x000035e4       0x78 /home/tlegrand/Documents/Robotik/gcc4mbed-master/gcc-arm-none-eabi/bin/../lib/gcc/arm-none-eabi/4.7.3/../../../../arm-none-eabi/lib/armv7-m/libc_s.a(lib_a-findfp.o)
                0x000035e4                __sfp
 .text.__sfp_lock_acquire
                0x0000365c        0x2 /home/tlegrand/Documents/Robotik/gcc4mbed-master/gcc-arm-none-eabi/bin/../lib/gcc/arm-none-eabi/4.7.3/../../../../arm-none-eabi/lib/armv7-m/libc_s.a(lib_a-findfp.o)
                0x0000365c                __sfp_lock_acquire
 .text.__sfp_lock_release
                0x0000365e        0x2 /home/tlegrand/Documents/Robotik/gcc4mbed-master/gcc-arm-none-eabi/bin/../lib/gcc/arm-none-eabi/4.7.3/../../../../arm-none-eabi/lib/armv7-m/libc_s.a(lib_a-findfp.o)
                0x0000365e                __sfp_lock_release
 .text._fopen_r
                0x00003660       0x80 /home/tlegrand/Documents/Robotik/gcc4mbed-master/gcc-arm-none-eabi/bin/../lib/gcc/arm-none-eabi/4.7.3/../../../../arm-none-eabi/lib/armv7-m/libc_s.a(lib_a-fopen.o)
                0x00003660                _fopen_r
 .text.fopen    0x000036e0       0x14 /home/tlegrand/Documents/Robotik/gcc4mbed-master/gcc-arm-none-eabi/bin/../lib/gcc/arm-none-eabi/4.7.3/../../../../arm-none-eabi/lib/armv7-m/libc_s.a(lib_a-fopen.o)
                0x000036e0                fopen
 .text.fprintf  0x000036f4       0x24 /home/tlegrand/Documents/Robotik/gcc4mbed-master/gcc-arm-none-eabi/bin/../lib/gcc/arm-none-eabi/4.7.3/../../../../arm-none-eabi/lib/armv7-m/libc_s.a(lib_a-fprintf.o)
                0x000036f4                fprintf
                0x000036f4                fiprintf
 .text._free_r  0x00003718       0x88 /home/tlegrand/Documents/Robotik/gcc4mbed-master/gcc-arm-none-eabi/bin/../lib/gcc/arm-none-eabi/4.7.3/../../../../arm-none-eabi/lib/armv7-m/libc_s.a(lib_a-freer.o)
                0x00003718                _free_r
 .text._fseek_r
                0x000037a0      0x130 /home/tlegrand/Documents/Robotik/gcc4mbed-master/gcc-arm-none-eabi/bin/../lib/gcc/arm-none-eabi/4.7.3/../../../../arm-none-eabi/lib/armv7-m/libc_s.a(lib_a-fseek.o)
                0x000037a0                _fseek_r
 .text._fwalk_reent
                0x000038d0       0x44 /home/tlegrand/Documents/Robotik/gcc4mbed-master/gcc-arm-none-eabi/bin/../lib/gcc/arm-none-eabi/4.7.3/../../../../arm-none-eabi/lib/armv7-m/libc_s.a(lib_a-fwalk.o)
                0x000038d0                _fwalk_reent
 .text.__libc_init_array
                0x00003914       0x4c /home/tlegrand/Documents/Robotik/gcc4mbed-master/gcc-arm-none-eabi/bin/../lib/gcc/arm-none-eabi/4.7.3/../../../../arm-none-eabi/lib/armv7-m/libc_s.a(lib_a-init.o)
                0x00003914                __libc_init_array
 .text.__smakebuf_r
                0x00003960       0xa8 /home/tlegrand/Documents/Robotik/gcc4mbed-master/gcc-arm-none-eabi/bin/../lib/gcc/arm-none-eabi/4.7.3/../../../../arm-none-eabi/lib/armv7-m/libc_s.a(lib_a-makebuf.o)
                0x00003960                __smakebuf_r
 .text.malloc   0x00003a08       0x10 /home/tlegrand/Documents/Robotik/gcc4mbed-master/gcc-arm-none-eabi/bin/../lib/gcc/arm-none-eabi/4.7.3/../../../../arm-none-eabi/lib/armv7-m/libc_s.a(lib_a-malloc.o)
                0x00003a08                malloc
 .text.free     0x00003a18       0x10 /home/tlegrand/Documents/Robotik/gcc4mbed-master/gcc-arm-none-eabi/bin/../lib/gcc/arm-none-eabi/4.7.3/../../../../arm-none-eabi/lib/armv7-m/libc_s.a(lib_a-malloc.o)
                0x00003a18                free
 .text._malloc_r
                0x00003a28       0x94 /home/tlegrand/Documents/Robotik/gcc4mbed-master/gcc-arm-none-eabi/bin/../lib/gcc/arm-none-eabi/4.7.3/../../../../arm-none-eabi/lib/armv7-m/libc_s.a(lib_a-mallocr.o)
                0x00003a28                _malloc_r
 .text.memchr   0x00003abc       0x1c /home/tlegrand/Documents/Robotik/gcc4mbed-master/gcc-arm-none-eabi/bin/../lib/gcc/arm-none-eabi/4.7.3/../../../../arm-none-eabi/lib/armv7-m/libc_s.a(lib_a-memchr.o)
                0x00003abc                memchr
 .text.memcpy   0x00003ad8       0x12 /home/tlegrand/Documents/Robotik/gcc4mbed-master/gcc-arm-none-eabi/bin/../lib/gcc/arm-none-eabi/4.7.3/../../../../arm-none-eabi/lib/armv7-m/libc_s.a(lib_a-memcpy.o)
                0x00003ad8                memcpy
 .text.memset   0x00003aea       0x10 /home/tlegrand/Documents/Robotik/gcc4mbed-master/gcc-arm-none-eabi/bin/../lib/gcc/arm-none-eabi/4.7.3/../../../../arm-none-eabi/lib/armv7-m/libc_s.a(lib_a-memset.o)
                0x00003aea                memset
 *fill*         0x00003afa        0x2 00
 .text._open_r  0x00003afc       0x24 /home/tlegrand/Documents/Robotik/gcc4mbed-master/gcc-arm-none-eabi/bin/../lib/gcc/arm-none-eabi/4.7.3/../../../../arm-none-eabi/lib/armv7-m/libc_s.a(lib_a-openr.o)
                0x00003afc                _open_r
 .text._realloc_r
                0x00003b20       0x48 /home/tlegrand/Documents/Robotik/gcc4mbed-master/gcc-arm-none-eabi/bin/../lib/gcc/arm-none-eabi/4.7.3/../../../../arm-none-eabi/lib/armv7-m/libc_s.a(lib_a-reallocr.o)
                0x00003b20                _realloc_r
 .text._sbrk_r  0x00003b68       0x20 /home/tlegrand/Documents/Robotik/gcc4mbed-master/gcc-arm-none-eabi/bin/../lib/gcc/arm-none-eabi/4.7.3/../../../../arm-none-eabi/lib/armv7-m/libc_s.a(lib_a-sbrkr.o)
                0x00003b68                _sbrk_r
 .text.setbuf   0x00003b88       0x10 /home/tlegrand/Documents/Robotik/gcc4mbed-master/gcc-arm-none-eabi/bin/../lib/gcc/arm-none-eabi/4.7.3/../../../../arm-none-eabi/lib/armv7-m/libc_s.a(lib_a-setbuf.o)
                0x00003b88                setbuf
 .text.setvbuf  0x00003b98      0x124 /home/tlegrand/Documents/Robotik/gcc4mbed-master/gcc-arm-none-eabi/bin/../lib/gcc/arm-none-eabi/4.7.3/../../../../arm-none-eabi/lib/armv7-m/libc_s.a(lib_a-setvbuf.o)
                0x00003b98                setvbuf
 .text.sprintf  0x00003cbc       0x48 /home/tlegrand/Documents/Robotik/gcc4mbed-master/gcc-arm-none-eabi/bin/../lib/gcc/arm-none-eabi/4.7.3/../../../../arm-none-eabi/lib/armv7-m/libc_s.a(lib_a-sprintf.o)
                0x00003cbc                sprintf
                0x00003cbc                siprintf
 .text.sscanf   0x00003d04       0x54 /home/tlegrand/Documents/Robotik/gcc4mbed-master/gcc-arm-none-eabi/bin/../lib/gcc/arm-none-eabi/4.7.3/../../../../arm-none-eabi/lib/armv7-m/libc_s.a(lib_a-sscanf.o)
                0x00003d04                sscanf
                0x00003d04                siscanf
 .text.__sread  0x00003d58       0x22 /home/tlegrand/Documents/Robotik/gcc4mbed-master/gcc-arm-none-eabi/bin/../lib/gcc/arm-none-eabi/4.7.3/../../../../arm-none-eabi/lib/armv7-m/libc_s.a(lib_a-stdio.o)
                0x00003d58                __sread
 .text.__seofread
                0x00003d7a        0x4 /home/tlegrand/Documents/Robotik/gcc4mbed-master/gcc-arm-none-eabi/bin/../lib/gcc/arm-none-eabi/4.7.3/../../../../arm-none-eabi/lib/armv7-m/libc_s.a(lib_a-stdio.o)
                0x00003d7a                __seofread
 .text.__swrite
                0x00003d7e       0x3c /home/tlegrand/Documents/Robotik/gcc4mbed-master/gcc-arm-none-eabi/bin/../lib/gcc/arm-none-eabi/4.7.3/../../../../arm-none-eabi/lib/armv7-m/libc_s.a(lib_a-stdio.o)
                0x00003d7e                __swrite
 .text.__sseek  0x00003dba       0x24 /home/tlegrand/Documents/Robotik/gcc4mbed-master/gcc-arm-none-eabi/bin/../lib/gcc/arm-none-eabi/4.7.3/../../../../arm-none-eabi/lib/armv7-m/libc_s.a(lib_a-stdio.o)
                0x00003dba                __sseek
 .text.__sclose
                0x00003dde        0x8 /home/tlegrand/Documents/Robotik/gcc4mbed-master/gcc-arm-none-eabi/bin/../lib/gcc/arm-none-eabi/4.7.3/../../../../arm-none-eabi/lib/armv7-m/libc_s.a(lib_a-stdio.o)
                0x00003dde                __sclose
 .text.strcmp   0x00003de6       0x16 /home/tlegrand/Documents/Robotik/gcc4mbed-master/gcc-arm-none-eabi/bin/../lib/gcc/arm-none-eabi/4.7.3/../../../../arm-none-eabi/lib/armv7-m/libc_s.a(lib_a-strcmp.o)
                0x00003de6                strcmp
 .text.strlen   0x00003dfc       0x10 /home/tlegrand/Documents/Robotik/gcc4mbed-master/gcc-arm-none-eabi/bin/../lib/gcc/arm-none-eabi/4.7.3/../../../../arm-none-eabi/lib/armv7-m/libc_s.a(lib_a-strlen.o)
                0x00003dfc                strlen
 .text.strncmp  0x00003e0c       0x2e /home/tlegrand/Documents/Robotik/gcc4mbed-master/gcc-arm-none-eabi/bin/../lib/gcc/arm-none-eabi/4.7.3/../../../../arm-none-eabi/lib/armv7-m/libc_s.a(lib_a-strncmp.o)
                0x00003e0c                strncmp
 .text.__ssputc_r
                0x00003e3a       0xae /home/tlegrand/Documents/Robotik/gcc4mbed-master/gcc-arm-none-eabi/bin/../lib/gcc/arm-none-eabi/4.7.3/../../../../arm-none-eabi/lib/armv7-m/libc_s.a(lib_a-svfprintf.o)
                0x00003e3a                __ssputc_r
 .text._svfprintf_r
                0x00003ee8      0x1f4 /home/tlegrand/Documents/Robotik/gcc4mbed-master/gcc-arm-none-eabi/bin/../lib/gcc/arm-none-eabi/4.7.3/../../../../arm-none-eabi/lib/armv7-m/libc_s.a(lib_a-svfprintf.o)
                0x00003ee8                _svfprintf_r
                0x00003ee8                _svfiprintf_r
 .text._sungetc_r
                0x000040dc       0x7a /home/tlegrand/Documents/Robotik/gcc4mbed-master/gcc-arm-none-eabi/bin/../lib/gcc/arm-none-eabi/4.7.3/../../../../arm-none-eabi/lib/armv7-m/libc_s.a(lib_a-svfscanf.o)
                0x000040dc                _sungetc_r
 .text.__ssrefill_r
                0x00004156       0x3a /home/tlegrand/Documents/Robotik/gcc4mbed-master/gcc-arm-none-eabi/bin/../lib/gcc/arm-none-eabi/4.7.3/../../../../arm-none-eabi/lib/armv7-m/libc_s.a(lib_a-svfscanf.o)
                0x00004156                __ssrefill_r
 .text.__ssvfscanf_r
                0x00004190      0x2d0 /home/tlegrand/Documents/Robotik/gcc4mbed-master/gcc-arm-none-eabi/bin/../lib/gcc/arm-none-eabi/4.7.3/../../../../arm-none-eabi/lib/armv7-m/libc_s.a(lib_a-svfscanf.o)
                0x00004190                __ssvfscanf_r
                0x00004190                __ssvfiscanf_r
 .text.__submore
                0x00004460       0x76 /home/tlegrand/Documents/Robotik/gcc4mbed-master/gcc-arm-none-eabi/bin/../lib/gcc/arm-none-eabi/4.7.3/../../../../arm-none-eabi/lib/armv7-m/libc_s.a(lib_a-ungetc.o)
                0x00004460                __submore
 .text.__sfputc_r
                0x000044d6       0x2c /home/tlegrand/Documents/Robotik/gcc4mbed-master/gcc-arm-none-eabi/bin/../lib/gcc/arm-none-eabi/4.7.3/../../../../arm-none-eabi/lib/armv7-m/libc_s.a(lib_a-vfprintf.o)
                0x000044d6                __sfputc_r
 *fill*         0x00004502        0x2 00
 .text._vfprintf_r
                0x00004504      0x22c /home/tlegrand/Documents/Robotik/gcc4mbed-master/gcc-arm-none-eabi/bin/../lib/gcc/arm-none-eabi/4.7.3/../../../../arm-none-eabi/lib/armv7-m/libc_s.a(lib_a-vfprintf.o)
                0x00004504                _vfiprintf_r
                0x00004504                _vfprintf_r
 .text.vfprintf
                0x00004730       0x1c /home/tlegrand/Documents/Robotik/gcc4mbed-master/gcc-arm-none-eabi/bin/../lib/gcc/arm-none-eabi/4.7.3/../../../../arm-none-eabi/lib/armv7-m/libc_s.a(lib_a-vfprintf.o)
                0x00004730                vfiprintf
                0x00004730                vfprintf
 .text.__cvt    0x0000474c       0xd2 /home/tlegrand/Documents/Robotik/gcc4mbed-master/gcc-arm-none-eabi/bin/../lib/gcc/arm-none-eabi/4.7.3/../../../../arm-none-eabi/lib/armv7-m/libc_s.a(lib_a-vfprintf_float.o)
                0x0000474c                __cvt
 .text.__exponent
                0x0000481e       0x5e /home/tlegrand/Documents/Robotik/gcc4mbed-master/gcc-arm-none-eabi/bin/../lib/gcc/arm-none-eabi/4.7.3/../../../../arm-none-eabi/lib/armv7-m/libc_s.a(lib_a-vfprintf_float.o)
                0x0000481e                __exponent
 .text._printf_float
                0x0000487c      0x4a4 /home/tlegrand/Documents/Robotik/gcc4mbed-master/gcc-arm-none-eabi/bin/../lib/gcc/arm-none-eabi/4.7.3/../../../../arm-none-eabi/lib/armv7-m/libc_s.a(lib_a-vfprintf_float.o)
                0x0000487c                _printf_float
 .text._printf_common
                0x00004d20       0xde /home/tlegrand/Documents/Robotik/gcc4mbed-master/gcc-arm-none-eabi/bin/../lib/gcc/arm-none-eabi/4.7.3/../../../../arm-none-eabi/lib/armv7-m/libc_s.a(lib_a-vfprintf_i.o)
                0x00004d20                _printf_common
 *fill*         0x00004dfe        0x2 00
 .text._printf_i
                0x00004e00      0x248 /home/tlegrand/Documents/Robotik/gcc4mbed-master/gcc-arm-none-eabi/bin/../lib/gcc/arm-none-eabi/4.7.3/../../../../arm-none-eabi/lib/armv7-m/libc_s.a(lib_a-vfprintf_i.o)
                0x00004e00                _printf_i
 .text._scanf_float
                0x00005048      0x3b8 /home/tlegrand/Documents/Robotik/gcc4mbed-master/gcc-arm-none-eabi/bin/../lib/gcc/arm-none-eabi/4.7.3/../../../../arm-none-eabi/lib/armv7-m/libc_s.a(lib_a-vfscanf_float.o)
                0x00005048                _scanf_float
 .text._scanf_chars
                0x00005400       0xcc /home/tlegrand/Documents/Robotik/gcc4mbed-master/gcc-arm-none-eabi/bin/../lib/gcc/arm-none-eabi/4.7.3/../../../../arm-none-eabi/lib/armv7-m/libc_s.a(lib_a-vfscanf_i.o)
                0x00005400                _scanf_chars
 .text._scanf_i
                0x000054cc      0x1e4 /home/tlegrand/Documents/Robotik/gcc4mbed-master/gcc-arm-none-eabi/bin/../lib/gcc/arm-none-eabi/4.7.3/../../../../arm-none-eabi/lib/armv7-m/libc_s.a(lib_a-vfscanf_i.o)
                0x000054cc                _scanf_i
 .text.__swbuf_r
                0x000056b0       0xb4 /home/tlegrand/Documents/Robotik/gcc4mbed-master/gcc-arm-none-eabi/bin/../lib/gcc/arm-none-eabi/4.7.3/../../../../arm-none-eabi/lib/armv7-m/libc_s.a(lib_a-wbuf.o)
                0x000056b0                __swbuf_r
 .text._write_r
                0x00005764       0x24 /home/tlegrand/Documents/Robotik/gcc4mbed-master/gcc-arm-none-eabi/bin/../lib/gcc/arm-none-eabi/4.7.3/../../../../arm-none-eabi/lib/armv7-m/libc_s.a(lib_a-writer.o)
                0x00005764                _write_r
 .text.__swsetup_r
                0x00005788       0xec /home/tlegrand/Documents/Robotik/gcc4mbed-master/gcc-arm-none-eabi/bin/../lib/gcc/arm-none-eabi/4.7.3/../../../../arm-none-eabi/lib/armv7-m/libc_s.a(lib_a-wsetup.o)
                0x00005788                __swsetup_r
 .text.__do_register_exitproc
                0x00005874       0x7c /home/tlegrand/Documents/Robotik/gcc4mbed-master/gcc-arm-none-eabi/bin/../lib/gcc/arm-none-eabi/4.7.3/../../../../arm-none-eabi/lib/armv7-m/libc_s.a(lib_a-__atexit.o)
                0x00005874                __do_register_exitproc
 .text._close_r
                0x000058f0       0x20 /home/tlegrand/Documents/Robotik/gcc4mbed-master/gcc-arm-none-eabi/bin/../lib/gcc/arm-none-eabi/4.7.3/../../../../arm-none-eabi/lib/armv7-m/libc_s.a(lib_a-closer.o)
                0x000058f0                _close_r
 .text.quorem   0x00005910      0x11a /home/tlegrand/Documents/Robotik/gcc4mbed-master/gcc-arm-none-eabi/bin/../lib/gcc/arm-none-eabi/4.7.3/../../../../arm-none-eabi/lib/armv7-m/libc_s.a(lib_a-dtoa.o)
 *fill*         0x00005a2a        0x6 00
 .text._dtoa_r  0x00005a30      0xb40 /home/tlegrand/Documents/Robotik/gcc4mbed-master/gcc-arm-none-eabi/bin/../lib/gcc/arm-none-eabi/4.7.3/../../../../arm-none-eabi/lib/armv7-m/libc_s.a(lib_a-dtoa.o)
                0x00005a30                _dtoa_r
 .text.__sflags
                0x00006570       0x62 /home/tlegrand/Documents/Robotik/gcc4mbed-master/gcc-arm-none-eabi/bin/../lib/gcc/arm-none-eabi/4.7.3/../../../../arm-none-eabi/lib/armv7-m/libc_s.a(lib_a-flags.o)
                0x00006570                __sflags
 *fill*         0x000065d2        0x2 00
 .text._fstat_r
                0x000065d4       0x24 /home/tlegrand/Documents/Robotik/gcc4mbed-master/gcc-arm-none-eabi/bin/../lib/gcc/arm-none-eabi/4.7.3/../../../../arm-none-eabi/lib/armv7-m/libc_s.a(lib_a-fstatr.o)
                0x000065d4                _fstat_r
 .text._isatty_r
                0x000065f8       0x20 /home/tlegrand/Documents/Robotik/gcc4mbed-master/gcc-arm-none-eabi/bin/../lib/gcc/arm-none-eabi/4.7.3/../../../../arm-none-eabi/lib/armv7-m/libc_s.a(lib_a-isattyr.o)
                0x000065f8                _isatty_r
 .text._localeconv_r
                0x00006618        0x8 /home/tlegrand/Documents/Robotik/gcc4mbed-master/gcc-arm-none-eabi/bin/../lib/gcc/arm-none-eabi/4.7.3/../../../../arm-none-eabi/lib/armv7-m/libc_s.a(lib_a-locale.o)
                0x00006618                _localeconv_r
 .text._lseek_r
                0x00006620       0x24 /home/tlegrand/Documents/Robotik/gcc4mbed-master/gcc-arm-none-eabi/bin/../lib/gcc/arm-none-eabi/4.7.3/../../../../arm-none-eabi/lib/armv7-m/libc_s.a(lib_a-lseekr.o)
                0x00006620                _lseek_r
 .text._Balloc  0x00006644       0x6a /home/tlegrand/Documents/Robotik/gcc4mbed-master/gcc-arm-none-eabi/bin/../lib/gcc/arm-none-eabi/4.7.3/../../../../arm-none-eabi/lib/armv7-m/libc_s.a(lib_a-mprec.o)
                0x00006644                _Balloc
 .text._Bfree   0x000066ae       0x2e /home/tlegrand/Documents/Robotik/gcc4mbed-master/gcc-arm-none-eabi/bin/../lib/gcc/arm-none-eabi/4.7.3/../../../../arm-none-eabi/lib/armv7-m/libc_s.a(lib_a-mprec.o)
                0x000066ae                _Bfree
 .text.__multadd
                0x000066dc       0x78 /home/tlegrand/Documents/Robotik/gcc4mbed-master/gcc-arm-none-eabi/bin/../lib/gcc/arm-none-eabi/4.7.3/../../../../arm-none-eabi/lib/armv7-m/libc_s.a(lib_a-mprec.o)
                0x000066dc                __multadd
 .text.__s2b    0x00006754       0x84 /home/tlegrand/Documents/Robotik/gcc4mbed-master/gcc-arm-none-eabi/bin/../lib/gcc/arm-none-eabi/4.7.3/../../../../arm-none-eabi/lib/armv7-m/libc_s.a(lib_a-mprec.o)
                0x00006754                __s2b
 .text.__hi0bits
                0x000067d8       0x3e /home/tlegrand/Documents/Robotik/gcc4mbed-master/gcc-arm-none-eabi/bin/../lib/gcc/arm-none-eabi/4.7.3/../../../../arm-none-eabi/lib/armv7-m/libc_s.a(lib_a-mprec.o)
                0x000067d8                __hi0bits
 .text.__lo0bits
                0x00006816       0x5a /home/tlegrand/Documents/Robotik/gcc4mbed-master/gcc-arm-none-eabi/bin/../lib/gcc/arm-none-eabi/4.7.3/../../../../arm-none-eabi/lib/armv7-m/libc_s.a(lib_a-mprec.o)
                0x00006816                __lo0bits
 .text.__i2b    0x00006870       0x12 /home/tlegrand/Documents/Robotik/gcc4mbed-master/gcc-arm-none-eabi/bin/../lib/gcc/arm-none-eabi/4.7.3/../../../../arm-none-eabi/lib/armv7-m/libc_s.a(lib_a-mprec.o)
                0x00006870                __i2b
 .text.__multiply
                0x00006882      0x122 /home/tlegrand/Documents/Robotik/gcc4mbed-master/gcc-arm-none-eabi/bin/../lib/gcc/arm-none-eabi/4.7.3/../../../../arm-none-eabi/lib/armv7-m/libc_s.a(lib_a-mprec.o)
                0x00006882                __multiply
 .text.__pow5mult
                0x000069a4       0xa4 /home/tlegrand/Documents/Robotik/gcc4mbed-master/gcc-arm-none-eabi/bin/../lib/gcc/arm-none-eabi/4.7.3/../../../../arm-none-eabi/lib/armv7-m/libc_s.a(lib_a-mprec.o)
                0x000069a4                __pow5mult
 .text.__lshift
                0x00006a48       0xa8 /home/tlegrand/Documents/Robotik/gcc4mbed-master/gcc-arm-none-eabi/bin/../lib/gcc/arm-none-eabi/4.7.3/../../../../arm-none-eabi/lib/armv7-m/libc_s.a(lib_a-mprec.o)
                0x00006a48                __lshift
 .text.__mcmp   0x00006af0       0x3a /home/tlegrand/Documents/Robotik/gcc4mbed-master/gcc-arm-none-eabi/bin/../lib/gcc/arm-none-eabi/4.7.3/../../../../arm-none-eabi/lib/armv7-m/libc_s.a(lib_a-mprec.o)
                0x00006af0                __mcmp
 .text.__mdiff  0x00006b2a       0xc4 /home/tlegrand/Documents/Robotik/gcc4mbed-master/gcc-arm-none-eabi/bin/../lib/gcc/arm-none-eabi/4.7.3/../../../../arm-none-eabi/lib/armv7-m/libc_s.a(lib_a-mprec.o)
                0x00006b2a                __mdiff
 *fill*         0x00006bee        0x2 00
 .text.__ulp    0x00006bf0       0x40 /home/tlegrand/Documents/Robotik/gcc4mbed-master/gcc-arm-none-eabi/bin/../lib/gcc/arm-none-eabi/4.7.3/../../../../arm-none-eabi/lib/armv7-m/libc_s.a(lib_a-mprec.o)
                0x00006bf0                __ulp
 .text.__b2d    0x00006c30       0xa8 /home/tlegrand/Documents/Robotik/gcc4mbed-master/gcc-arm-none-eabi/bin/../lib/gcc/arm-none-eabi/4.7.3/../../../../arm-none-eabi/lib/armv7-m/libc_s.a(lib_a-mprec.o)
                0x00006c30                __b2d
 .text.__d2b    0x00006cd8       0xa8 /home/tlegrand/Documents/Robotik/gcc4mbed-master/gcc-arm-none-eabi/bin/../lib/gcc/arm-none-eabi/4.7.3/../../../../arm-none-eabi/lib/armv7-m/libc_s.a(lib_a-mprec.o)
                0x00006cd8                __d2b
 .text.__ratio  0x00006d80       0x4a /home/tlegrand/Documents/Robotik/gcc4mbed-master/gcc-arm-none-eabi/bin/../lib/gcc/arm-none-eabi/4.7.3/../../../../arm-none-eabi/lib/armv7-m/libc_s.a(lib_a-mprec.o)
                0x00006d80                __ratio
 .text.__copybits
                0x00006dca       0x32 /home/tlegrand/Documents/Robotik/gcc4mbed-master/gcc-arm-none-eabi/bin/../lib/gcc/arm-none-eabi/4.7.3/../../../../arm-none-eabi/lib/armv7-m/libc_s.a(lib_a-mprec.o)
                0x00006dca                __copybits
 .text.__any_on
                0x00006dfc       0x4c /home/tlegrand/Documents/Robotik/gcc4mbed-master/gcc-arm-none-eabi/bin/../lib/gcc/arm-none-eabi/4.7.3/../../../../arm-none-eabi/lib/armv7-m/libc_s.a(lib_a-mprec.o)
                0x00006dfc                __any_on
 .text._malloc_usable_size_r
                0x00006e48       0x12 /home/tlegrand/Documents/Robotik/gcc4mbed-master/gcc-arm-none-eabi/bin/../lib/gcc/arm-none-eabi/4.7.3/../../../../arm-none-eabi/lib/armv7-m/libc_s.a(lib_a-msizer.o)
                0x00006e48                _malloc_usable_size_r
 *fill*         0x00006e5a        0x2 00
 .text._read_r  0x00006e5c       0x24 /home/tlegrand/Documents/Robotik/gcc4mbed-master/gcc-arm-none-eabi/bin/../lib/gcc/arm-none-eabi/4.7.3/../../../../arm-none-eabi/lib/armv7-m/libc_s.a(lib_a-readr.o)
                0x00006e5c                _read_r
 .text.__fpclassifyd
                0x00006e80       0x64 /home/tlegrand/Documents/Robotik/gcc4mbed-master/gcc-arm-none-eabi/bin/../lib/gcc/arm-none-eabi/4.7.3/../../../../arm-none-eabi/lib/armv7-m/libc_s.a(lib_a-s_fpclassify.o)
                0x00006e80                __fpclassifyd
 .text.__sccl   0x00006ee4       0x60 /home/tlegrand/Documents/Robotik/gcc4mbed-master/gcc-arm-none-eabi/bin/../lib/gcc/arm-none-eabi/4.7.3/../../../../arm-none-eabi/lib/armv7-m/libc_s.a(lib_a-sccl.o)
                0x00006ee4                __sccl
 .text.nanf     0x00006f44        0x8 /home/tlegrand/Documents/Robotik/gcc4mbed-master/gcc-arm-none-eabi/bin/../lib/gcc/arm-none-eabi/4.7.3/../../../../arm-none-eabi/lib/armv7-m/libc_s.a(lib_a-sf_nan.o)
                0x00006f44                nanf
 .text.match    0x00006f4c       0x2a /home/tlegrand/Documents/Robotik/gcc4mbed-master/gcc-arm-none-eabi/bin/../lib/gcc/arm-none-eabi/4.7.3/../../../../arm-none-eabi/lib/armv7-m/libc_s.a(lib_a-strtod.o)
 *fill*         0x00006f76        0x2 00
 .text._strtod_r
                0x00006f78      0xb10 /home/tlegrand/Documents/Robotik/gcc4mbed-master/gcc-arm-none-eabi/bin/../lib/gcc/arm-none-eabi/4.7.3/../../../../arm-none-eabi/lib/armv7-m/libc_s.a(lib_a-strtod.o)
                0x00006f78                _strtod_r
 .text._strtol_r
                0x00007a88      0x10c /home/tlegrand/Documents/Robotik/gcc4mbed-master/gcc-arm-none-eabi/bin/../lib/gcc/arm-none-eabi/4.7.3/../../../../arm-none-eabi/lib/armv7-m/libc_s.a(lib_a-strtol.o)
                0x00007a88                _strtol_r
 .text._strtoul_r
                0x00007b94       0xfc /home/tlegrand/Documents/Robotik/gcc4mbed-master/gcc-arm-none-eabi/bin/../lib/gcc/arm-none-eabi/4.7.3/../../../../arm-none-eabi/lib/armv7-m/libc_s.a(lib_a-strtoul.o)
                0x00007b94                _strtoul_r
 .text._calloc_r
                0x00007c90       0x1c /home/tlegrand/Documents/Robotik/gcc4mbed-master/gcc-arm-none-eabi/bin/../lib/gcc/arm-none-eabi/4.7.3/../../../../arm-none-eabi/lib/armv7-m/libc_s.a(lib_a-callocr.o)
                0x00007c90                _calloc_r
 .text.rshift   0x00007cac       0x72 /home/tlegrand/Documents/Robotik/gcc4mbed-master/gcc-arm-none-eabi/bin/../lib/gcc/arm-none-eabi/4.7.3/../../../../arm-none-eabi/lib/armv7-m/libc_s.a(lib_a-gdtoa-gethex.o)
 *fill*         0x00007d1e        0x2 00
 .text.htinit.constprop.0
                0x00007d20       0x18 /home/tlegrand/Documents/Robotik/gcc4mbed-master/gcc-arm-none-eabi/bin/../lib/gcc/arm-none-eabi/4.7.3/../../../../arm-none-eabi/lib/armv7-m/libc_s.a(lib_a-gdtoa-gethex.o)
 .text.__hexdig_init
                0x00007d38       0x2c /home/tlegrand/Documents/Robotik/gcc4mbed-master/gcc-arm-none-eabi/bin/../lib/gcc/arm-none-eabi/4.7.3/../../../../arm-none-eabi/lib/armv7-m/libc_s.a(lib_a-gdtoa-gethex.o)
                0x00007d38                __hexdig_init
 .text.__gethex
                0x00007d64      0x474 /home/tlegrand/Documents/Robotik/gcc4mbed-master/gcc-arm-none-eabi/bin/../lib/gcc/arm-none-eabi/4.7.3/../../../../arm-none-eabi/lib/armv7-m/libc_s.a(lib_a-gdtoa-gethex.o)
                0x00007d64                __gethex
 .text.L_shift  0x000081d8       0x28 /home/tlegrand/Documents/Robotik/gcc4mbed-master/gcc-arm-none-eabi/bin/../lib/gcc/arm-none-eabi/4.7.3/../../../../arm-none-eabi/lib/armv7-m/libc_s.a(lib_a-gdtoa-hexnan.o)
 .text.__hexnan
                0x00008200      0x124 /home/tlegrand/Documents/Robotik/gcc4mbed-master/gcc-arm-none-eabi/bin/../lib/gcc/arm-none-eabi/4.7.3/../../../../arm-none-eabi/lib/armv7-m/libc_s.a(lib_a-gdtoa-hexnan.o)
                0x00008200                __hexnan
 .text          0x00008324       0x40 /home/tlegrand/Documents/Robotik/gcc4mbed-master/gcc-arm-none-eabi/bin/../lib/gcc/arm-none-eabi/4.7.3/armv7-m/libgcc.a(_arm_fixunsdfsi.o)
                0x00008324                __fixunsdfsi
                0x00008324                __aeabi_d2uiz
 .text._isatty  0x00008364       0x10 /home/tlegrand/Documents/Robotik/gcc4mbed-master/gcc-arm-none-eabi/bin/../lib/gcc/arm-none-eabi/4.7.3/../../../../arm-none-eabi/lib/armv7-m/libnosys.a(isatty.o)
                0x00008364                _isatty
 .text._sbrk    0x00008374       0x20 /home/tlegrand/Documents/Robotik/gcc4mbed-master/gcc-arm-none-eabi/bin/../lib/gcc/arm-none-eabi/4.7.3/../../../../arm-none-eabi/lib/armv7-m/libnosys.a(sbrk.o)
                0x00008374                _sbrk
 .text.fabs     0x00008394        0x8 /home/tlegrand/Documents/Robotik/gcc4mbed-master/gcc-arm-none-eabi/bin/../lib/gcc/arm-none-eabi/4.7.3/../../../../arm-none-eabi/lib/armv7-m/libm.a(lib_a-s_fabs.o)
                0x00008394                fabs
 *(.init)
 .init          0x0000839c        0x4 /home/tlegrand/Documents/Robotik/gcc4mbed-master/gcc-arm-none-eabi/bin/../lib/gcc/arm-none-eabi/4.7.3/armv7-m/crti.o
                0x0000839c                _init
 .init          0x000083a0        0x8 /home/tlegrand/Documents/Robotik/gcc4mbed-master/gcc-arm-none-eabi/bin/../lib/gcc/arm-none-eabi/4.7.3/armv7-m/crtn.o
 *(.fini)
 .fini          0x000083a8        0x4 /home/tlegrand/Documents/Robotik/gcc4mbed-master/gcc-arm-none-eabi/bin/../lib/gcc/arm-none-eabi/4.7.3/armv7-m/crti.o
                0x000083a8                _fini
 .fini          0x000083ac        0x8 /home/tlegrand/Documents/Robotik/gcc4mbed-master/gcc-arm-none-eabi/bin/../lib/gcc/arm-none-eabi/4.7.3/armv7-m/crtn.o
 *crtbegin.o(.ctors)
 *crtbegin?.o(.ctors)
 *(EXCLUDE_FILE(*crtend.o *crtend?.o) .ctors)
 *(SORT(.ctors.*))
 *(.ctors)
 *crtbegin.o(.dtors)
 *crtbegin?.o(.dtors)
 *(EXCLUDE_FILE(*crtend.o *crtend?.o) .dtors)
 *(SORT(.dtors.*))
 *(.dtors)
 *(.rodata*)
 .rodata.str1.4
                0x000083b4       0x3f LPC176x/./main.o
                                 0x40 (size before relaxing)
 *fill*         0x000083f3        0x1 00
 .rodata._ZTSN4mbed6SerialE
                0x000083f4       0x10 /home/tlegrand/Documents/Robotik/gcc4mbed-master/external/mbed/LPC1768/GCC_ARM/libmbed.a(Serial.o)
                0x000083f4                typeinfo name for mbed::Serial
 *fill*         0x00008404        0x4 00
 .rodata._ZTVN4mbed6SerialE
                0x00008408       0x48 /home/tlegrand/Documents/Robotik/gcc4mbed-master/external/mbed/LPC1768/GCC_ARM/libmbed.a(Serial.o)
                0x00008408                vtable for mbed::Serial
 .rodata._ZTIN4mbed6SerialE
                0x00008450        0xc /home/tlegrand/Documents/Robotik/gcc4mbed-master/external/mbed/LPC1768/GCC_ARM/libmbed.a(Serial.o)
                0x00008450                typeinfo for mbed::Serial
 .rodata.__stdin_name
                0x0000845c        0x8 /home/tlegrand/Documents/Robotik/gcc4mbed-master/external/mbed/LPC1768/GCC_ARM/libmbed.a(stdio.o)
                0x0000845c                __stdin_name
 .rodata.__stderr_name
                0x00008464        0x8 /home/tlegrand/Documents/Robotik/gcc4mbed-master/external/mbed/LPC1768/GCC_ARM/libmbed.a(stdio.o)
                0x00008464                __stderr_name
 .rodata._ZTSN4mbed10FileHandleE
                0x0000846c       0x14 /home/tlegrand/Documents/Robotik/gcc4mbed-master/external/mbed/LPC1768/GCC_ARM/libmbed.a(stdio.o)
                0x0000846c                typeinfo name for mbed::FileHandle
 .rodata.__stdout_name
                0x00008480        0x8 /home/tlegrand/Documents/Robotik/gcc4mbed-master/external/mbed/LPC1768/GCC_ARM/libmbed.a(stdio.o)
                0x00008480                __stdout_name
 .rodata._ZTIN4mbed10FileHandleE
                0x00008488        0x8 /home/tlegrand/Documents/Robotik/gcc4mbed-master/external/mbed/LPC1768/GCC_ARM/libmbed.a(stdio.o)
                0x00008488                typeinfo for mbed::FileHandle
 .rodata._ZTVN4mbed10FileHandleE
                0x00008490       0x30 /home/tlegrand/Documents/Robotik/gcc4mbed-master/external/mbed/LPC1768/GCC_ARM/libmbed.a(stdio.o)
                0x00008490                vtable for mbed::FileHandle
 .rodata.str1.4
                0x000084c0        0xe /home/tlegrand/Documents/Robotik/gcc4mbed-master/external/mbed/LPC1768/GCC_ARM/libmbed.a(stdio.o)
                                 0x10 (size before relaxing)
 *fill*         0x000084ce        0x2 00
 .rodata._ZTVN4mbed6StreamE
                0x000084d0       0x48 /home/tlegrand/Documents/Robotik/gcc4mbed-master/external/mbed/LPC1768/GCC_ARM/libmbed.a(Stream.o)
                0x000084d0                vtable for mbed::Stream
 .rodata._ZTIN4mbed6StreamE
                0x00008518        0xc /home/tlegrand/Documents/Robotik/gcc4mbed-master/external/mbed/LPC1768/GCC_ARM/libmbed.a(Stream.o)
                0x00008518                typeinfo for mbed::Stream
 .rodata.str1.4
                0x00008524        0x3 /home/tlegrand/Documents/Robotik/gcc4mbed-master/external/mbed/LPC1768/GCC_ARM/libmbed.a(Stream.o)
                                  0x8 (size before relaxing)
 *fill*         0x00008527        0x1 00
 .rodata._ZTSN4mbed6StreamE
                0x00008528       0x10 /home/tlegrand/Documents/Robotik/gcc4mbed-master/external/mbed/LPC1768/GCC_ARM/libmbed.a(Stream.o)
                0x00008528                typeinfo name for mbed::Stream
 .rodata._ZTIN4mbed6TickerE
                0x00008538        0xc /home/tlegrand/Documents/Robotik/gcc4mbed-master/external/mbed/LPC1768/GCC_ARM/libmbed.a(Ticker.o)
                0x00008538                typeinfo for mbed::Ticker
 .rodata._ZTSN4mbed6TickerE
                0x00008544       0x10 /home/tlegrand/Documents/Robotik/gcc4mbed-master/external/mbed/LPC1768/GCC_ARM/libmbed.a(Ticker.o)
                0x00008544                typeinfo name for mbed::Ticker
 *fill*         0x00008554        0x4 00
 .rodata._ZTVN4mbed6TickerE
                0x00008558       0x18 /home/tlegrand/Documents/Robotik/gcc4mbed-master/external/mbed/LPC1768/GCC_ARM/libmbed.a(Ticker.o)
                0x00008558                vtable for mbed::Ticker
 .rodata._ZTIN4mbed7TimeoutE
                0x00008570        0xc /home/tlegrand/Documents/Robotik/gcc4mbed-master/external/mbed/LPC1768/GCC_ARM/libmbed.a(Timeout.o)
                0x00008570                typeinfo for mbed::Timeout
 *fill*         0x0000857c        0x4 00
 .rodata._ZTVN4mbed7TimeoutE
                0x00008580       0x18 /home/tlegrand/Documents/Robotik/gcc4mbed-master/external/mbed/LPC1768/GCC_ARM/libmbed.a(Timeout.o)
                0x00008580                vtable for mbed::Timeout
 .rodata._ZTSN4mbed7TimeoutE
                0x00008598       0x10 /home/tlegrand/Documents/Robotik/gcc4mbed-master/external/mbed/LPC1768/GCC_ARM/libmbed.a(Timeout.o)
                0x00008598                typeinfo name for mbed::Timeout
 .rodata._ZTIN4mbed10TimerEventE
                0x000085a8        0x8 /home/tlegrand/Documents/Robotik/gcc4mbed-master/external/mbed/LPC1768/GCC_ARM/libmbed.a(TimerEvent.o)
                0x000085a8                typeinfo for mbed::TimerEvent
 .rodata._ZTVN4mbed10TimerEventE
                0x000085b0       0x18 /home/tlegrand/Documents/Robotik/gcc4mbed-master/external/mbed/LPC1768/GCC_ARM/libmbed.a(TimerEvent.o)
                0x000085b0                vtable for mbed::TimerEvent
 .rodata._ZTSN4mbed10TimerEventE
                0x000085c8       0x14 /home/tlegrand/Documents/Robotik/gcc4mbed-master/external/mbed/LPC1768/GCC_ARM/libmbed.a(TimerEvent.o)
                0x000085c8                typeinfo name for mbed::TimerEvent
 .rodata.PinMap_I2C_SDA
                0x000085dc       0x3c /home/tlegrand/Documents/Robotik/gcc4mbed-master/external/mbed/LPC1768/GCC_ARM/libmbed.a(i2c_api.o)
 .rodata.str1.4
                0x00008618       0x17 /home/tlegrand/Documents/Robotik/gcc4mbed-master/external/mbed/LPC1768/GCC_ARM/libmbed.a(i2c_api.o)
                                 0x18 (size before relaxing)
 *fill*         0x0000862f        0x1 00
 .rodata.PinMap_I2C_SCL
                0x00008630       0x3c /home/tlegrand/Documents/Robotik/gcc4mbed-master/external/mbed/LPC1768/GCC_ARM/libmbed.a(i2c_api.o)
 .rodata.PinMap_UART_RX
                0x0000866c       0x6c /home/tlegrand/Documents/Robotik/gcc4mbed-master/external/mbed/LPC1768/GCC_ARM/libmbed.a(serial_api.o)
 .rodata.str1.4
                0x000086d8       0xa5 /home/tlegrand/Documents/Robotik/gcc4mbed-master/external/mbed/LPC1768/GCC_ARM/libmbed.a(serial_api.o)
                                 0xa8 (size before relaxing)
 *fill*         0x0000877d        0x3 00
 .rodata.PinMap_UART_TX
                0x00008780       0x6c /home/tlegrand/Documents/Robotik/gcc4mbed-master/external/mbed/LPC1768/GCC_ARM/libmbed.a(serial_api.o)
 .rodata.str1.4
                0x000087ec       0x48 /home/tlegrand/Documents/Robotik/gcc4mbed-master/external/mbed/LPC1768/GCC_ARM/libmbed.a(pinmap_common.o)
 .rodata._ZTIN4mbed8FileLikeE
                0x00008834       0x20 /home/tlegrand/Documents/Robotik/gcc4mbed-master/external/mbed/LPC1768/GCC_ARM/libmbed.a(FileLike.o)
                0x00008834                typeinfo for mbed::FileLike
 .rodata._ZTSN4mbed8FileLikeE
                0x00008854       0x14 /home/tlegrand/Documents/Robotik/gcc4mbed-master/external/mbed/LPC1768/GCC_ARM/libmbed.a(FileLike.o)
                0x00008854                typeinfo name for mbed::FileLike
 .rodata._ZTVN4mbed8FileLikeE
                0x00008868       0x40 /home/tlegrand/Documents/Robotik/gcc4mbed-master/external/mbed/LPC1768/GCC_ARM/libmbed.a(FileLike.o)
                0x00008868                vtable for mbed::FileLike
 .rodata._ZTSN4mbed8FileBaseE
                0x000088a8       0x14 /home/tlegrand/Documents/Robotik/gcc4mbed-master/external/mbed/LPC1768/GCC_ARM/libmbed.a(FileBase.o)
                0x000088a8                typeinfo name for mbed::FileBase
 *fill*         0x000088bc        0x4 00
 .rodata._ZTVN4mbed8FileBaseE
                0x000088c0       0x10 /home/tlegrand/Documents/Robotik/gcc4mbed-master/external/mbed/LPC1768/GCC_ARM/libmbed.a(FileBase.o)
                0x000088c0                vtable for mbed::FileBase
 .rodata._ZTIN4mbed8FileBaseE
                0x000088d0        0x8 /home/tlegrand/Documents/Robotik/gcc4mbed-master/external/mbed/LPC1768/GCC_ARM/libmbed.a(FileBase.o)
                0x000088d0                typeinfo for mbed::FileBase
 .rodata._ZTVN10__cxxabiv120__si_class_type_infoE
                0x000088d8       0x30 /home/tlegrand/Documents/Robotik/gcc4mbed-master/gcc-arm-none-eabi/bin/../lib/gcc/arm-none-eabi/4.7.3/../../../../arm-none-eabi/lib/armv7-m/libstdc++_s.a(si_class_type_info.o)
                0x000088d8                vtable for __cxxabiv1::__si_class_type_info
 .rodata._ZTIN10__cxxabiv120__si_class_type_infoE
                0x00008908        0xc /home/tlegrand/Documents/Robotik/gcc4mbed-master/gcc-arm-none-eabi/bin/../lib/gcc/arm-none-eabi/4.7.3/../../../../arm-none-eabi/lib/armv7-m/libstdc++_s.a(si_class_type_info.o)
                0x00008908                typeinfo for __cxxabiv1::__si_class_type_info
 .rodata._ZTSN10__cxxabiv120__si_class_type_infoE
                0x00008914       0x25 /home/tlegrand/Documents/Robotik/gcc4mbed-master/gcc-arm-none-eabi/bin/../lib/gcc/arm-none-eabi/4.7.3/../../../../arm-none-eabi/lib/armv7-m/libstdc++_s.a(si_class_type_info.o)
                0x00008914                typeinfo name for __cxxabiv1::__si_class_type_info
 *fill*         0x00008939        0x7 00
 .rodata._ZTVN10__cxxabiv117__class_type_infoE
                0x00008940       0x30 /home/tlegrand/Documents/Robotik/gcc4mbed-master/gcc-arm-none-eabi/bin/../lib/gcc/arm-none-eabi/4.7.3/../../../../arm-none-eabi/lib/armv7-m/libstdc++_s.a(class_type_info.o)
                0x00008940                vtable for __cxxabiv1::__class_type_info
 .rodata._ZTIN10__cxxabiv117__class_type_infoE
                0x00008970        0xc /home/tlegrand/Documents/Robotik/gcc4mbed-master/gcc-arm-none-eabi/bin/../lib/gcc/arm-none-eabi/4.7.3/../../../../arm-none-eabi/lib/armv7-m/libstdc++_s.a(class_type_info.o)
                0x00008970                typeinfo for __cxxabiv1::__class_type_info
 .rodata._ZTSN10__cxxabiv117__class_type_infoE
                0x0000897c       0x22 /home/tlegrand/Documents/Robotik/gcc4mbed-master/gcc-arm-none-eabi/bin/../lib/gcc/arm-none-eabi/4.7.3/../../../../arm-none-eabi/lib/armv7-m/libstdc++_s.a(class_type_info.o)
                0x0000897c                typeinfo name for __cxxabiv1::__class_type_info
 *fill*         0x0000899e        0x2 00
 .rodata._ZTIN10__cxxabiv121__vmi_class_type_infoE
                0x000089a0        0xc /home/tlegrand/Documents/Robotik/gcc4mbed-master/gcc-arm-none-eabi/bin/../lib/gcc/arm-none-eabi/4.7.3/../../../../arm-none-eabi/lib/armv7-m/libstdc++_s.a(vmi_class_type_info.o)
                0x000089a0                typeinfo for __cxxabiv1::__vmi_class_type_info
 .rodata._ZTSN10__cxxabiv121__vmi_class_type_infoE
                0x000089ac       0x26 /home/tlegrand/Documents/Robotik/gcc4mbed-master/gcc-arm-none-eabi/bin/../lib/gcc/arm-none-eabi/4.7.3/../../../../arm-none-eabi/lib/armv7-m/libstdc++_s.a(vmi_class_type_info.o)
                0x000089ac                typeinfo name for __cxxabiv1::__vmi_class_type_info
 *fill*         0x000089d2        0x6 00
 .rodata._ZTVN10__cxxabiv121__vmi_class_type_infoE
                0x000089d8       0x30 /home/tlegrand/Documents/Robotik/gcc4mbed-master/gcc-arm-none-eabi/bin/../lib/gcc/arm-none-eabi/4.7.3/../../../../arm-none-eabi/lib/armv7-m/libstdc++_s.a(vmi_class_type_info.o)
                0x000089d8                vtable for __cxxabiv1::__vmi_class_type_info
 .rodata._ZTISt9type_info
                0x00008a08        0x8 /home/tlegrand/Documents/Robotik/gcc4mbed-master/gcc-arm-none-eabi/bin/../lib/gcc/arm-none-eabi/4.7.3/../../../../arm-none-eabi/lib/armv7-m/libstdc++_s.a(tinfo.o)
                0x00008a08                typeinfo for std::type_info
 .rodata._ZTSSt9type_info
                0x00008a10        0xd /home/tlegrand/Documents/Robotik/gcc4mbed-master/gcc-arm-none-eabi/bin/../lib/gcc/arm-none-eabi/4.7.3/../../../../arm-none-eabi/lib/armv7-m/libstdc++_s.a(tinfo.o)
                0x00008a10                typeinfo name for std::type_info
 *fill*         0x00008a1d        0x3 00
 .rodata._ZTVSt9type_info
                0x00008a20       0x20 /home/tlegrand/Documents/Robotik/gcc4mbed-master/gcc-arm-none-eabi/bin/../lib/gcc/arm-none-eabi/4.7.3/../../../../arm-none-eabi/lib/armv7-m/libstdc++_s.a(tinfo.o)
                0x00008a20                vtable for std::type_info
 .rodata.__sf_fake_stdin
                0x00008a40       0x20 /home/tlegrand/Documents/Robotik/gcc4mbed-master/gcc-arm-none-eabi/bin/../lib/gcc/arm-none-eabi/4.7.3/../../../../arm-none-eabi/lib/armv7-m/libc_s.a(lib_a-findfp.o)
                0x00008a40                __sf_fake_stdin
 .rodata.__sf_fake_stdout
                0x00008a60       0x20 /home/tlegrand/Documents/Robotik/gcc4mbed-master/gcc-arm-none-eabi/bin/../lib/gcc/arm-none-eabi/4.7.3/../../../../arm-none-eabi/lib/armv7-m/libc_s.a(lib_a-findfp.o)
                0x00008a60                __sf_fake_stdout
 .rodata.__sf_fake_stderr
                0x00008a80       0x20 /home/tlegrand/Documents/Robotik/gcc4mbed-master/gcc-arm-none-eabi/bin/../lib/gcc/arm-none-eabi/4.7.3/../../../../arm-none-eabi/lib/armv7-m/libc_s.a(lib_a-findfp.o)
                0x00008a80                __sf_fake_stderr
 .rodata.str1.1
                0x00008aa0        0x2 /home/tlegrand/Documents/Robotik/gcc4mbed-master/gcc-arm-none-eabi/bin/../lib/gcc/arm-none-eabi/4.7.3/../../../../arm-none-eabi/lib/armv7-m/libc_s.a(lib_a-impure.o)
 *fill*         0x00008aa2        0x2 00
 .rodata._global_impure_ptr
                0x00008aa4        0x4 /home/tlegrand/Documents/Robotik/gcc4mbed-master/gcc-arm-none-eabi/bin/../lib/gcc/arm-none-eabi/4.7.3/../../../../arm-none-eabi/lib/armv7-m/libc_s.a(lib_a-impure.o)
                0x00008aa4                _global_impure_ptr
 .rodata.str1.1
                0x00008aa8       0x11 /home/tlegrand/Documents/Robotik/gcc4mbed-master/gcc-arm-none-eabi/bin/../lib/gcc/arm-none-eabi/4.7.3/../../../../arm-none-eabi/lib/armv7-m/libc_s.a(lib_a-svfprintf.o)
 .rodata.str1.1
                0x00000000       0x11 /home/tlegrand/Documents/Robotik/gcc4mbed-master/gcc-arm-none-eabi/bin/../lib/gcc/arm-none-eabi/4.7.3/../../../../arm-none-eabi/lib/armv7-m/libc_s.a(lib_a-vfprintf.o)
 .rodata.str1.1
                0x00008ab9       0x10 /home/tlegrand/Documents/Robotik/gcc4mbed-master/gcc-arm-none-eabi/bin/../lib/gcc/arm-none-eabi/4.7.3/../../../../arm-none-eabi/lib/armv7-m/libc_s.a(lib_a-vfprintf_float.o)
 .rodata.str1.1
                0x00008ac9       0x22 /home/tlegrand/Documents/Robotik/gcc4mbed-master/gcc-arm-none-eabi/bin/../lib/gcc/arm-none-eabi/4.7.3/../../../../arm-none-eabi/lib/armv7-m/libc_s.a(lib_a-vfprintf_i.o)
 .rodata.str1.1
                0x00008aeb        0x5 /home/tlegrand/Documents/Robotik/gcc4mbed-master/gcc-arm-none-eabi/bin/../lib/gcc/arm-none-eabi/4.7.3/../../../../arm-none-eabi/lib/armv7-m/libc_s.a(lib_a-vfscanf_float.o)