Archive member included because of file (symbol)

/home/tlegrand/Documents/Robotik/gcc4mbed-master/external/mbed/LPC1768/GCC_ARM/libmbed.a(exit.o)
                              LPC176x/gcc4mbed.o (exit)
/home/tlegrand/Documents/Robotik/gcc4mbed-master/external/mbed/LPC1768/GCC_ARM/libmbed.a(mbed_interface.o)
                              /home/tlegrand/Documents/Robotik/gcc4mbed-master/external/mbed/LPC1768/GCC_ARM/libmbed.a(exit.o) (mbed_interface_connected)
/home/tlegrand/Documents/Robotik/gcc4mbed-master/external/mbed/LPC1768/GCC_ARM/libmbed.a(semihost_api.o)
                              /home/tlegrand/Documents/Robotik/gcc4mbed-master/external/mbed/LPC1768/GCC_ARM/libmbed.a(exit.o) (semihost_exit)
/home/tlegrand/Documents/Robotik/gcc4mbed-master/external/mbed/LPC1768/GCC_ARM/libmbed.a(stdio.o)
                              /home/tlegrand/Documents/Robotik/gcc4mbed-master/external/mbed/LPC1768/GCC_ARM/system_LPC17xx.o (stdio_retargeting_module)
/home/tlegrand/Documents/Robotik/gcc4mbed-master/external/mbed/LPC1768/GCC_ARM/libmbed.a(board.o)
                              /home/tlegrand/Documents/Robotik/gcc4mbed-master/external/mbed/LPC1768/GCC_ARM/libmbed.a(exit.o) (mbed_die)
/home/tlegrand/Documents/Robotik/gcc4mbed-master/external/mbed/LPC1768/GCC_ARM/libmbed.a(gpio_api.o)
                              /home/tlegrand/Documents/Robotik/gcc4mbed-master/external/mbed/LPC1768/GCC_ARM/libmbed.a(board.o) (gpio_init)
/home/tlegrand/Documents/Robotik/gcc4mbed-master/external/mbed/LPC1768/GCC_ARM/libmbed.a(pinmap.o)
                              /home/tlegrand/Documents/Robotik/gcc4mbed-master/external/mbed/LPC1768/GCC_ARM/libmbed.a(gpio_api.o) (pin_function)
/home/tlegrand/Documents/Robotik/gcc4mbed-master/external/mbed/LPC1768/GCC_ARM/libmbed.a(semihost.o)
                              /home/tlegrand/Documents/Robotik/gcc4mbed-master/external/mbed/LPC1768/GCC_ARM/libmbed.a(mbed_interface.o) (semihost_connected)
/home/tlegrand/Documents/Robotik/gcc4mbed-master/external/mbed/LPC1768/GCC_ARM/libmbed.a(serial_api.o)
                              /home/tlegrand/Documents/Robotik/gcc4mbed-master/external/mbed/LPC1768/GCC_ARM/libmbed.a(stdio.o) (serial_baud)
/home/tlegrand/Documents/Robotik/gcc4mbed-master/external/mbed/LPC1768/GCC_ARM/libmbed.a(pinmap_common.o)
                              /home/tlegrand/Documents/Robotik/gcc4mbed-master/external/mbed/LPC1768/GCC_ARM/libmbed.a(serial_api.o) (pinmap_pinout)
/home/tlegrand/Documents/Robotik/gcc4mbed-master/external/mbed/LPC1768/GCC_ARM/libmbed.a(wait_api.o)
                              /home/tlegrand/Documents/Robotik/gcc4mbed-master/external/mbed/LPC1768/GCC_ARM/libmbed.a(board.o) (wait_ms)
/home/tlegrand/Documents/Robotik/gcc4mbed-master/external/mbed/LPC1768/GCC_ARM/libmbed.a(FilePath.o)
                              /home/tlegrand/Documents/Robotik/gcc4mbed-master/external/mbed/LPC1768/GCC_ARM/libmbed.a(stdio.o) (mbed::FilePath::FilePath(char const*))
/home/tlegrand/Documents/Robotik/gcc4mbed-master/external/mbed/LPC1768/GCC_ARM/libmbed.a(FileSystemLike.o)
                              /home/tlegrand/Documents/Robotik/gcc4mbed-master/external/mbed/LPC1768/GCC_ARM/libmbed.a(stdio.o) (mbed::FileSystemLike::opendir())
/home/tlegrand/Documents/Robotik/gcc4mbed-master/external/mbed/LPC1768/GCC_ARM/libmbed.a(us_ticker_api.o)
                              /home/tlegrand/Documents/Robotik/gcc4mbed-master/external/mbed/LPC1768/GCC_ARM/libmbed.a(wait_api.o) (us_ticker_read)
/home/tlegrand/Documents/Robotik/gcc4mbed-master/external/mbed/LPC1768/GCC_ARM/libmbed.a(FileBase.o)
                              /home/tlegrand/Documents/Robotik/gcc4mbed-master/external/mbed/LPC1768/GCC_ARM/libmbed.a(FileSystemLike.o) (mbed::FileBase::~FileBase())
/home/tlegrand/Documents/Robotik/gcc4mbed-master/gcc-arm-none-eabi/bin/../lib/gcc/arm-none-eabi/4.7.3/../../../../arm-none-eabi/lib/armv7-m/libstdc++_s.a(si_class_type_info.o)
                              /home/tlegrand/Documents/Robotik/gcc4mbed-master/external/mbed/LPC1768/GCC_ARM/libmbed.a(FileSystemLike.o) (vtable for __cxxabiv1::__si_class_type_info)
/home/tlegrand/Documents/Robotik/gcc4mbed-master/gcc-arm-none-eabi/bin/../lib/gcc/arm-none-eabi/4.7.3/../../../../arm-none-eabi/lib/armv7-m/libstdc++_s.a(del_op.o)
                              /home/tlegrand/Documents/Robotik/gcc4mbed-master/external/mbed/LPC1768/GCC_ARM/libmbed.a(stdio.o) (operator delete(void*))
/home/tlegrand/Documents/Robotik/gcc4mbed-master/gcc-arm-none-eabi/bin/../lib/gcc/arm-none-eabi/4.7.3/../../../../arm-none-eabi/lib/armv7-m/libstdc++_s.a(class_type_info.o)
                              /home/tlegrand/Documents/Robotik/gcc4mbed-master/gcc-arm-none-eabi/bin/../lib/gcc/arm-none-eabi/4.7.3/../../../../arm-none-eabi/lib/armv7-m/libstdc++_s.a(si_class_type_info.o) (__cxxabiv1::__class_type_info::__do_upcast(__cxxabiv1::__class_type_info const*, void**) const)
[...]
Memory Configuration

Name             Origin             Length             Attributes
FLASH            0x00000000         0x00080000         xr
RAM              0x100000c8         0x00007f38         xrw
USB_RAM          0x2007c000         0x00004000         xrw
ETH_RAM          0x20080000         0x00004000         xrw
*default*        0x00000000         0xffffffff

Linker script and memory map

LOAD /home/tlegrand/Documents/Robotik/gcc4mbed-master/gcc-arm-none-eabi/bin/../lib/gcc/arm-none-eabi/4.7.3/armv7-m/crti.o
LOAD /home/tlegrand/Documents/Robotik/gcc4mbed-master/gcc-arm-none-eabi/bin/../lib/gcc/arm-none-eabi/4.7.3/armv7-m/crtbegin.o
LOAD LPC176x/./main.o
LOAD LPC176x/gcc4mbed.o
LOAD /home/tlegrand/Documents/Robotik/gcc4mbed-master/external/mbed/LPC1768/GCC_ARM/startup_LPC17xx.o
LOAD /home/tlegrand/Documents/Robotik/gcc4mbed-master/external/mbed/LPC1768/GCC_ARM/cmsis_nvic.o
LOAD /home/tlegrand/Documents/Robotik/gcc4mbed-master/external/mbed/LPC1768/GCC_ARM/core_cm3.o
LOAD /home/tlegrand/Documents/Robotik/gcc4mbed-master/external/mbed/LPC1768/GCC_ARM/system_LPC17xx.o
LOAD /home/tlegrand/Documents/Robotik/gcc4mbed-master/external/mbed/LPC1768/GCC_ARM/libmbed.a
LOAD /home/tlegrand/Documents/Robotik/gcc4mbed-master/gcc-arm-none-eabi/bin/../lib/gcc/arm-none-eabi/4.7.3/../../../../arm-none-eabi/lib/armv7-m/libstdc++_s.a
LOAD /home/tlegrand/Documents/Robotik/gcc4mbed-master/gcc-arm-none-eabi/bin/../lib/gcc/arm-none-eabi/4.7.3/../../../../arm-none-eabi/lib/armv7-m/libsupc++_s.a
LOAD /home/tlegrand/Documents/Robotik/gcc4mbed-master/gcc-arm-none-eabi/bin/../lib/gcc/arm-none-eabi/4.7.3/armv7-m/libgcc.a
LOAD /home/tlegrand/Documents/Robotik/gcc4mbed-master/gcc-arm-none-eabi/bin/../lib/gcc/arm-none-eabi/4.7.3/../../../../arm-none-eabi/lib/armv7-m/libc_s.a
LOAD /home/tlegrand/Documents/Robotik/gcc4mbed-master/gcc-arm-none-eabi/bin/../lib/gcc/arm-none-eabi/4.7.3/armv7-m/libgcc.a
LOAD /home/tlegrand/Documents/Robotik/gcc4mbed-master/gcc-arm-none-eabi/bin/../lib/gcc/arm-none-eabi/4.7.3/../../../../arm-none-eabi/lib/armv7-m/libc_s.a
LOAD /home/tlegrand/Documents/Robotik/gcc4mbed-master/gcc-arm-none-eabi/bin/../lib/gcc/arm-none-eabi/4.7.3/../../../../arm-none-eabi/lib/armv7-m/libnosys.a
LOAD /home/tlegrand/Documents/Robotik/gcc4mbed-master/gcc-arm-none-eabi/bin/../lib/gcc/arm-none-eabi/4.7.3/../../../../arm-none-eabi/lib/armv7-m/libstdc++.a
LOAD /home/tlegrand/Documents/Robotik/gcc4mbed-master/gcc-arm-none-eabi/bin/../lib/gcc/arm-none-eabi/4.7.3/../../../../arm-none-eabi/lib/armv7-m/libm.a
START GROUP
LOAD /home/tlegrand/Documents/Robotik/gcc4mbed-master/gcc-arm-none-eabi/bin/../lib/gcc/arm-none-eabi/4.7.3/armv7-m/libgcc.a
LOAD /home/tlegrand/Documents/Robotik/gcc4mbed-master/gcc-arm-none-eabi/bin/../lib/gcc/arm-none-eabi/4.7.3/../../../../arm-none-eabi/lib/armv7-m/libc.a
END GROUP
LOAD /home/tlegrand/Documents/Robotik/gcc4mbed-master/gcc-arm-none-eabi/bin/../lib/gcc/arm-none-eabi/4.7.3/armv7-m/crtend.o
LOAD /home/tlegrand/Documents/Robotik/gcc4mbed-master/gcc-arm-none-eabi/bin/../lib/gcc/arm-none-eabi/4.7.3/armv7-m/crtn.o

.text           0x00000000     0x6570
 *(.isr_vector)
 .isr_vector    0x00000000       0xcc /home/tlegrand/Documents/Robotik/gcc4mbed-master/external/mbed/LPC1768/GCC_ARM/startup_LPC17xx.o
                0x00000000                __isr_vector
 *(.text*)
 .text          0x000000cc       0x54 /home/tlegrand/Documents/Robotik/gcc4mbed-master/gcc-arm-none-eabi/bin/../lib/gcc/arm-none-eabi/4.7.3/armv7-m/crtbegin.o
 .text.startup.main
                0x00000120       0x38 LPC176x/./main.o
                0x00000120                main
 .text._start   0x00000158       0x2c LPC176x/gcc4mbed.o
                0x00000158                _start
 .text.__wrap__isatty
                0x00000184        0xc LPC176x/gcc4mbed.o
                0x00000184                __wrap__isatty
 .text          0x00000190       0x90 /home/tlegrand/Documents/Robotik/gcc4mbed-master/external/mbed/LPC1768/GCC_ARM/startup_LPC17xx.o
                0x00000190                Reset_Handler
                0x000001c4                NMI_Handler
                0x000001c6                HardFault_Handler
                0x000001c8                MemManage_Handler
                0x000001ca                BusFault_Handler
                0x000001cc                UsageFault_Handler
                0x000001ce                SVC_Handler
                0x000001d0                DebugMon_Handler
                0x000001d2                PendSV_Handler
                0x000001d4                SysTick_Handler
                0x000001d6                Default_Handler
                0x000001d6                DEF_IRQHandler
                0x000001d8                WDT_IRQHandler
                0x000001da                TIMER0_IRQHandler
                0x000001dc                TIMER1_IRQHandler
                0x000001de                TIMER2_IRQHandler
                0x000001e0                TIMER3_IRQHandler
                0x000001e2                UART0_IRQHandler
                0x000001e4                UART1_IRQHandler
                0x000001e6                UART2_IRQHandler
                0x000001e8                UART3_IRQHandler
                0x000001ea                PWM1_IRQHandler
                0x000001ec                I2C0_IRQHandler
                0x000001ee                I2C1_IRQHandler
                0x000001f0                I2C2_IRQHandler
                0x000001f2                SPI_IRQHandler
                0x000001f4                SSP0_IRQHandler
                0x000001f6                SSP1_IRQHandler
                0x000001f8                PLL0_IRQHandler
                0x000001fa                RTC_IRQHandler
                0x000001fc                EINT0_IRQHandler
                0x000001fe                EINT1_IRQHandler
                0x00000200                EINT2_IRQHandler
                0x00000202                EINT3_IRQHandler
                0x00000204                ADC_IRQHandler
                0x00000206                BOD_IRQHandler
                0x00000208                USB_IRQHandler
                0x0000020a                CAN_IRQHandler
                0x0000020c                DMA_IRQHandler
                0x0000020e                I2S_IRQHandler
                0x00000210                ENET_IRQHandler
                0x00000212                RIT_IRQHandler
                0x00000214                MCPWM_IRQHandler
                0x00000216                QEI_IRQHandler
                0x00000218                PLL1_IRQHandler
                0x0000021a                USBActivity_IRQHandler
                0x0000021c                CANActivity_IRQHandler
 .text.SystemInit
                0x00000220       0xdc /home/tlegrand/Documents/Robotik/gcc4mbed-master/external/mbed/LPC1768/GCC_ARM/system_LPC17xx.o
                0x00000220                SystemInit
 .text.exit     0x000002fc       0x1c /home/tlegrand/Documents/Robotik/gcc4mbed-master/external/mbed/LPC1768/GCC_ARM/libmbed.a(exit.o)
                0x000002fc                exit
 .text.mbed_interface_connected
                0x00000318        0x4 /home/tlegrand/Documents/Robotik/gcc4mbed-master/external/mbed/LPC1768/GCC_ARM/libmbed.a(mbed_interface.o)
                0x00000318                mbed_interface_connected
 .text.semihost_exit
                0x0000031c       0x18 /home/tlegrand/Documents/Robotik/gcc4mbed-master/external/mbed/LPC1768/GCC_ARM/libmbed.a(semihost_api.o)
                0x0000031c                semihost_exit
 .text._ZL11init_serialv
                0x00000334       0x44 /home/tlegrand/Documents/Robotik/gcc4mbed-master/external/mbed/LPC1768/GCC_ARM/libmbed.a(stdio.o)
 .text._close   0x00000378       0x2c /home/tlegrand/Documents/Robotik/gcc4mbed-master/external/mbed/LPC1768/GCC_ARM/libmbed.a(stdio.o)
                0x00000378                _close
 .text._write   0x000003a4       0x8c /home/tlegrand/Documents/Robotik/gcc4mbed-master/external/mbed/LPC1768/GCC_ARM/libmbed.a(stdio.o)
                0x000003a4                _write
 .text._read    0x00000430       0x3c /home/tlegrand/Documents/Robotik/gcc4mbed-master/external/mbed/LPC1768/GCC_ARM/libmbed.a(stdio.o)
                0x00000430                _read
 .text._lseek   0x0000046c       0x28 /home/tlegrand/Documents/Robotik/gcc4mbed-master/external/mbed/LPC1768/GCC_ARM/libmbed.a(stdio.o)
                0x0000046c                _lseek
 .text._fstat   0x00000494       0x20 /home/tlegrand/Documents/Robotik/gcc4mbed-master/external/mbed/LPC1768/GCC_ARM/libmbed.a(stdio.o)
                0x00000494                _fstat
 .text.mbed_die
                0x000004b4       0x84 /home/tlegrand/Documents/Robotik/gcc4mbed-master/external/mbed/LPC1768/GCC_ARM/libmbed.a(board.o)
                0x000004b4                mbed_die
 .text.gpio_set
                0x00000538       0x18 /home/tlegrand/Documents/Robotik/gcc4mbed-master/external/mbed/LPC1768/GCC_ARM/libmbed.a(gpio_api.o)
                0x00000538                gpio_set
 .text.gpio_dir
                0x00000550       0x24 /home/tlegrand/Documents/Robotik/gcc4mbed-master/external/mbed/LPC1768/GCC_ARM/libmbed.a(gpio_api.o)
                0x00000550                gpio_dir
 .text.gpio_init
                0x00000574       0x58 /home/tlegrand/Documents/Robotik/gcc4mbed-master/external/mbed/LPC1768/GCC_ARM/libmbed.a(gpio_api.o)
                0x00000574                gpio_init
 .text.pin_function
                0x000005cc       0x44 /home/tlegrand/Documents/Robotik/gcc4mbed-master/external/mbed/LPC1768/GCC_ARM/libmbed.a(pinmap.o)
                0x000005cc                pin_function
 .text.pin_mode
                0x00000610       0x70 /home/tlegrand/Documents/Robotik/gcc4mbed-master/external/mbed/LPC1768/GCC_ARM/libmbed.a(pinmap.o)
                0x00000610                pin_mode
 .text.semihost_connected
                0x00000680       0x10 /home/tlegrand/Documents/Robotik/gcc4mbed-master/external/mbed/LPC1768/GCC_ARM/libmbed.a(semihost.o)
                0x00000680                semihost_connected
 .text.serial_baud
                0x00000690      0x268 /home/tlegrand/Documents/Robotik/gcc4mbed-master/external/mbed/LPC1768/GCC_ARM/libmbed.a(serial_api.o)
                0x00000690                serial_baud
 .text.serial_format
                0x000008f8       0x88 /home/tlegrand/Documents/Robotik/gcc4mbed-master/external/mbed/LPC1768/GCC_ARM/libmbed.a(serial_api.o)
                0x000008f8                serial_format
 .text.serial_init
                0x00000980      0x258 /home/tlegrand/Documents/Robotik/gcc4mbed-master/external/mbed/LPC1768/GCC_ARM/libmbed.a(serial_api.o)
                0x00000980                serial_init
 .text.serial_getc
                0x00000bd8        0xc /home/tlegrand/Documents/Robotik/gcc4mbed-master/external/mbed/LPC1768/GCC_ARM/libmbed.a(serial_api.o)
                0x00000bd8                serial_getc
 .text.serial_putc
                0x00000be4       0x14 /home/tlegrand/Documents/Robotik/gcc4mbed-master/external/mbed/LPC1768/GCC_ARM/libmbed.a(serial_api.o)
                0x00000be4                serial_putc
 .text.pinmap_pinout
                0x00000bf8       0x4c /home/tlegrand/Documents/Robotik/gcc4mbed-master/external/mbed/LPC1768/GCC_ARM/libmbed.a(pinmap_common.o)
                0x00000bf8                pinmap_pinout
 .text.pinmap_merge
                0x00000c44       0x30 /home/tlegrand/Documents/Robotik/gcc4mbed-master/external/mbed/LPC1768/GCC_ARM/libmbed.a(pinmap_common.o)
                0x00000c44                pinmap_merge
 .text.pinmap_peripheral
                0x00000c74       0x3c /home/tlegrand/Documents/Robotik/gcc4mbed-master/external/mbed/LPC1768/GCC_ARM/libmbed.a(pinmap_common.o)
                0x00000c74                pinmap_peripheral
 .text.wait_us  0x00000cb0       0x18 /home/tlegrand/Documents/Robotik/gcc4mbed-master/external/mbed/LPC1768/GCC_ARM/libmbed.a(wait_api.o)
                0x00000cb0                wait_us
 .text.wait_ms  0x00000cc8        0xc /home/tlegrand/Documents/Robotik/gcc4mbed-master/external/mbed/LPC1768/GCC_ARM/libmbed.a(wait_api.o)
                0x00000cc8                wait_ms
 .text.us_ticker_read
                0x00000cd4       0x60 /home/tlegrand/Documents/Robotik/gcc4mbed-master/external/mbed/LPC1768/GCC_ARM/libmbed.a(us_ticker_api.o)
                0x00000cd4                us_ticker_read
 .text          0x00000d34      0x370 /home/tlegrand/Documents/Robotik/gcc4mbed-master/gcc-arm-none-eabi/bin/../lib/gcc/arm-none-eabi/4.7.3/armv7-m/libgcc.a(_arm_addsubdf3.o)
                0x00000d34                __aeabi_drsub
                0x00000d3c                __aeabi_dsub
                0x00000d3c                __subdf3
                0x00000d40                __adddf3
                0x00000d40                __aeabi_dadd
                0x00000fb8                __aeabi_ui2d
                0x00000fb8                __floatunsidf
                0x00000fd8                __floatsidf
                0x00000fd8                __aeabi_i2d
                0x00000ffc                __extendsfdf2
                0x00000ffc                __aeabi_f2d
                0x00001038                __aeabi_ul2d
                0x00001038                __floatundidf
                0x00001048                __floatdidf
                0x00001048                __aeabi_l2d
 .text          0x000010a4      0x424 /home/tlegrand/Documents/Robotik/gcc4mbed-master/gcc-arm-none-eabi/bin/../lib/gcc/arm-none-eabi/4.7.3/armv7-m/libgcc.a(_arm_muldivdf3.o)
                0x000010a4                __aeabi_dmul
                0x000010a4                __muldf3
                0x000012f8                __aeabi_ddiv
                0x000012f8                __divdf3
 .text          0x000014c8      0x110 /home/tlegrand/Documents/Robotik/gcc4mbed-master/gcc-arm-none-eabi/bin/../lib/gcc/arm-none-eabi/4.7.3/armv7-m/libgcc.a(_arm_cmpdf2.o)
                0x000014c8                __gtdf2
                0x000014c8                __gedf2
                0x000014d0                __ltdf2
                0x000014d0                __ledf2
                0x000014d8                __cmpdf2
                0x000014d8                __eqdf2
                0x000014d8                __nedf2
                0x00001554                __aeabi_cdrcmple
                0x00001564                __aeabi_cdcmple
                0x00001564                __aeabi_cdcmpeq
                0x00001574                __aeabi_dcmpeq
                0x00001588                __aeabi_dcmplt
                0x0000159c                __aeabi_dcmple
                0x000015b0                __aeabi_dcmpge
                0x000015c4                __aeabi_dcmpgt
 .text          0x000015d8       0x50 /home/tlegrand/Documents/Robotik/gcc4mbed-master/gcc-arm-none-eabi/bin/../lib/gcc/arm-none-eabi/4.7.3/armv7-m/libgcc.a(_arm_fixdfsi.o)
                0x000015d8                __fixdfsi
                0x000015d8                __aeabi_d2iz
 .text          0x00001628       0xa0 /home/tlegrand/Documents/Robotik/gcc4mbed-master/gcc-arm-none-eabi/bin/../lib/gcc/arm-none-eabi/4.7.3/armv7-m/libgcc.a(_arm_truncdfsf2.o)
                0x00001628                __aeabi_d2f
                0x00001628                __truncdfsf2
 .text          0x000016c8      0x21c /home/tlegrand/Documents/Robotik/gcc4mbed-master/gcc-arm-none-eabi/bin/../lib/gcc/arm-none-eabi/4.7.3/armv7-m/libgcc.a(_arm_addsubsf3.o)
                0x000016c8                __aeabi_frsub
                0x000016d0                __subsf3
                0x000016d0                __aeabi_fsub
                0x000016d4                __aeabi_fadd
                0x000016d4                __addsf3
                0x00001834                __aeabi_ui2f
                0x00001834                __floatunsisf
                0x0000183c                __aeabi_i2f
                0x0000183c                __floatsisf
                0x00001858                __floatundisf
                0x00001858                __aeabi_ul2f
                0x00001868                __floatdisf
                0x00001868                __aeabi_l2f
 .text          0x000018e4      0x2a0 /home/tlegrand/Documents/Robotik/gcc4mbed-master/gcc-arm-none-eabi/bin/../lib/gcc/arm-none-eabi/4.7.3/armv7-m/libgcc.a(_arm_muldivsf3.o)
                0x000018e4                __mulsf3
                0x000018e4                __aeabi_fmul
                0x00001a4c                __divsf3
                0x00001a4c                __aeabi_fdiv
 .text          0x00001b84       0xec /home/tlegrand/Documents/Robotik/gcc4mbed-master/gcc-arm-none-eabi/bin/../lib/gcc/arm-none-eabi/4.7.3/armv7-m/libgcc.a(_arm_cmpsf2.o)
                0x00001b84                __gtsf2
                0x00001b84                __gesf2
                0x00001b8c                __lesf2
                0x00001b8c                __ltsf2
                0x00001b94                __nesf2
                0x00001b94                __eqsf2
                0x00001b94                __cmpsf2
                0x00001bf4                __aeabi_cfrcmple
                0x00001bfc                __aeabi_cfcmple
                0x00001bfc                __aeabi_cfcmpeq
                0x00001c0c                __aeabi_fcmpeq
                0x00001c20                __aeabi_fcmplt
                0x00001c34                __aeabi_fcmple
                0x00001c48                __aeabi_fcmpge
                0x00001c5c                __aeabi_fcmpgt
 .text.__errno  0x00001c70        0xc /home/tlegrand/Documents/Robotik/gcc4mbed-master/gcc-arm-none-eabi/bin/../lib/gcc/arm-none-eabi/4.7.3/../../../../arm-none-eabi/lib/armv7-m/libc_s.a(lib_a-errno.o)
                0x00001c70                __errno
 .text.fprintf  0x00001c7c       0x24 /home/tlegrand/Documents/Robotik/gcc4mbed-master/gcc-arm-none-eabi/bin/../lib/gcc/arm-none-eabi/4.7.3/../../../../arm-none-eabi/lib/armv7-m/libc_s.a(lib_a-fprintf.o)
                0x00001c7c                fprintf
                0x00001c7c                fiprintf
 .text.__libc_init_array
                0x00001ca0       0x4c /home/tlegrand/Documents/Robotik/gcc4mbed-master/gcc-arm-none-eabi/bin/../lib/gcc/arm-none-eabi/4.7.3/../../../../arm-none-eabi/lib/armv7-m/libc_s.a(lib_a-init.o)
                0x00001ca0                __libc_init_array
 .text.malloc   0x00001cec       0x10 /home/tlegrand/Documents/Robotik/gcc4mbed-master/gcc-arm-none-eabi/bin/../lib/gcc/arm-none-eabi/4.7.3/../../../../arm-none-eabi/lib/armv7-m/libc_s.a(lib_a-malloc.o)
                0x00001cec                malloc
 .text._malloc_r
                0x00001cfc       0x94 /home/tlegrand/Documents/Robotik/gcc4mbed-master/gcc-arm-none-eabi/bin/../lib/gcc/arm-none-eabi/4.7.3/../../../../arm-none-eabi/lib/armv7-m/libc_s.a(lib_a-mallocr.o)
                0x00001cfc                _malloc_r
 .text.memcpy   0x00001d90       0x12 /home/tlegrand/Documents/Robotik/gcc4mbed-master/gcc-arm-none-eabi/bin/../lib/gcc/arm-none-eabi/4.7.3/../../../../arm-none-eabi/lib/armv7-m/libc_s.a(lib_a-memcpy.o)
                0x00001d90                memcpy
 .text.memset   0x00001da2       0x10 /home/tlegrand/Documents/Robotik/gcc4mbed-master/gcc-arm-none-eabi/bin/../lib/gcc/arm-none-eabi/4.7.3/../../../../arm-none-eabi/lib/armv7-m/libc_s.a(lib_a-memset.o)
                0x00001da2                memset
 *fill*         0x00001db2        0x2 00
 .text.puts     0x00001db4       0x3c /home/tlegrand/Documents/Robotik/gcc4mbed-master/gcc-arm-none-eabi/bin/../lib/gcc/arm-none-eabi/4.7.3/../../../../arm-none-eabi/lib/armv7-m/libc_s.a(lib_a-puts.o)
                0x00001db4                puts
 .text._sbrk_r  0x00001df0       0x20 /home/tlegrand/Documents/Robotik/gcc4mbed-master/gcc-arm-none-eabi/bin/../lib/gcc/arm-none-eabi/4.7.3/../../../../arm-none-eabi/lib/armv7-m/libc_s.a(lib_a-sbrkr.o)
                0x00001df0                _sbrk_r
 .text.__sread  0x00001e10       0x22 /home/tlegrand/Documents/Robotik/gcc4mbed-master/gcc-arm-none-eabi/bin/../lib/gcc/arm-none-eabi/4.7.3/../../../../arm-none-eabi/lib/armv7-m/libc_s.a(lib_a-stdio.o)
                0x00001e10                __sread
 .text.__swrite
                0x00001e32       0x3c /home/tlegrand/Documents/Robotik/gcc4mbed-master/gcc-arm-none-eabi/bin/../lib/gcc/arm-none-eabi/4.7.3/../../../../arm-none-eabi/lib/armv7-m/libc_s.a(lib_a-stdio.o)
                0x00001e32                __swrite
 .text.__sseek  0x00001e6e       0x24 /home/tlegrand/Documents/Robotik/gcc4mbed-master/gcc-arm-none-eabi/bin/../lib/gcc/arm-none-eabi/4.7.3/../../../../arm-none-eabi/lib/armv7-m/libc_s.a(lib_a-stdio.o)
                0x00001e6e                __sseek
 .text.__sclose
                0x00001e92        0x8 /home/tlegrand/Documents/Robotik/gcc4mbed-master/gcc-arm-none-eabi/bin/../lib/gcc/arm-none-eabi/4.7.3/../../../../arm-none-eabi/lib/armv7-m/libc_s.a(lib_a-stdio.o)
                0x00001e92                __sclose
 .text.strlen   0x00001e9a       0x10 /home/tlegrand/Documents/Robotik/gcc4mbed-master/gcc-arm-none-eabi/bin/../lib/gcc/arm-none-eabi/4.7.3/../../../../arm-none-eabi/lib/armv7-m/libc_s.a(lib_a-strlen.o)
                0x00001e9a                strlen
 .text.strncmp  0x00001eaa       0x2e /home/tlegrand/Documents/Robotik/gcc4mbed-master/gcc-arm-none-eabi/bin/../lib/gcc/arm-none-eabi/4.7.3/../../../../arm-none-eabi/lib/armv7-m/libc_s.a(lib_a-strncmp.o)
                0x00001eaa                strncmp
 .text.__sfputc_r
                0x00001ed8       0x2c /home/tlegrand/Documents/Robotik/gcc4mbed-master/gcc-arm-none-eabi/bin/../lib/gcc/arm-none-eabi/4.7.3/../../../../arm-none-eabi/lib/armv7-m/libc_s.a(lib_a-vfprintf.o)
                0x00001ed8                __sfputc_r
 .text._vfprintf_r
                0x00001f04      0x22c /home/tlegrand/Documents/Robotik/gcc4mbed-master/gcc-arm-none-eabi/bin/../lib/gcc/arm-none-eabi/4.7.3/../../../../arm-none-eabi/lib/armv7-m/libc_s.a(lib_a-vfprintf.o)
                0x00001f04                _vfiprintf_r
                0x00001f04                _vfprintf_r
 .text.__cvt    0x00002130       0xd2 /home/tlegrand/Documents/Robotik/gcc4mbed-master/gcc-arm-none-eabi/bin/../lib/gcc/arm-none-eabi/4.7.3/../../../../arm-none-eabi/lib/armv7-m/libc_s.a(lib_a-vfprintf_float.o)
                0x00002130                __cvt
 .text.__exponent
                0x00002202       0x5e /home/tlegrand/Documents/Robotik/gcc4mbed-master/gcc-arm-none-eabi/bin/../lib/gcc/arm-none-eabi/4.7.3/../../../../arm-none-eabi/lib/armv7-m/libc_s.a(lib_a-vfprintf_float.o)
                0x00002202                __exponent
 .text._printf_float
                0x00002260      0x4a4 /home/tlegrand/Documents/Robotik/gcc4mbed-master/gcc-arm-none-eabi/bin/../lib/gcc/arm-none-eabi/4.7.3/../../../../arm-none-eabi/lib/armv7-m/libc_s.a(lib_a-vfprintf_float.o)
                0x00002260                _printf_float
 .text._printf_common
                0x00002704       0xde /home/tlegrand/Documents/Robotik/gcc4mbed-master/gcc-arm-none-eabi/bin/../lib/gcc/arm-none-eabi/4.7.3/../../../../arm-none-eabi/lib/armv7-m/libc_s.a(lib_a-vfprintf_i.o)
                0x00002704                _printf_common
 *fill*         0x000027e2        0x2 00
 .text._printf_i
                0x000027e4      0x248 /home/tlegrand/Documents/Robotik/gcc4mbed-master/gcc-arm-none-eabi/bin/../lib/gcc/arm-none-eabi/4.7.3/../../../../arm-none-eabi/lib/armv7-m/libc_s.a(lib_a-vfprintf_i.o)
                0x000027e4                _printf_i
 .text._scanf_float
                0x00002a2c      0x3b8 /home/tlegrand/Documents/Robotik/gcc4mbed-master/gcc-arm-none-eabi/bin/../lib/gcc/arm-none-eabi/4.7.3/../../../../arm-none-eabi/lib/armv7-m/libc_s.a(lib_a-vfscanf_float.o)
                0x00002a2c                _scanf_float
 .text.__swbuf_r
                0x00002de4       0xb4 /home/tlegrand/Documents/Robotik/gcc4mbed-master/gcc-arm-none-eabi/bin/../lib/gcc/arm-none-eabi/4.7.3/../../../../arm-none-eabi/lib/armv7-m/libc_s.a(lib_a-wbuf.o)
                0x00002de4                __swbuf_r
 .text._write_r
                0x00002e98       0x24 /home/tlegrand/Documents/Robotik/gcc4mbed-master/gcc-arm-none-eabi/bin/../lib/gcc/arm-none-eabi/4.7.3/../../../../arm-none-eabi/lib/armv7-m/libc_s.a(lib_a-writer.o)
                0x00002e98                _write_r
 .text.__swsetup_r
                0x00002ebc       0xec /home/tlegrand/Documents/Robotik/gcc4mbed-master/gcc-arm-none-eabi/bin/../lib/gcc/arm-none-eabi/4.7.3/../../../../arm-none-eabi/lib/armv7-m/libc_s.a(lib_a-wsetup.o)
                0x00002ebc                __swsetup_r
 .text._close_r
                0x00002fa8       0x20 /home/tlegrand/Documents/Robotik/gcc4mbed-master/gcc-arm-none-eabi/bin/../lib/gcc/arm-none-eabi/4.7.3/../../../../arm-none-eabi/lib/armv7-m/libc_s.a(lib_a-closer.o)
                0x00002fa8                _close_r
 .text.quorem   0x00002fc8      0x11a /home/tlegrand/Documents/Robotik/gcc4mbed-master/gcc-arm-none-eabi/bin/../lib/gcc/arm-none-eabi/4.7.3/../../../../arm-none-eabi/lib/armv7-m/libc_s.a(lib_a-dtoa.o)
 *fill*         0x000030e2        0x6 00
 .text._dtoa_r  0x000030e8      0xb40 /home/tlegrand/Documents/Robotik/gcc4mbed-master/gcc-arm-none-eabi/bin/../lib/gcc/arm-none-eabi/4.7.3/../../../../arm-none-eabi/lib/armv7-m/libc_s.a(lib_a-dtoa.o)
                0x000030e8                _dtoa_r
 .text._fflush_r
                0x00003c28      0x148 /home/tlegrand/Documents/Robotik/gcc4mbed-master/gcc-arm-none-eabi/bin/../lib/gcc/arm-none-eabi/4.7.3/../../../../arm-none-eabi/lib/armv7-m/libc_s.a(lib_a-fflush.o)
                0x00003c28                _fflush_r
 .text._cleanup_r
                0x00003d70       0x32 /home/tlegrand/Documents/Robotik/gcc4mbed-master/gcc-arm-none-eabi/bin/../lib/gcc/arm-none-eabi/4.7.3/../../../../arm-none-eabi/lib/armv7-m/libc_s.a(lib_a-findfp.o)
                0x00003d70                _cleanup_r
 *fill*         0x00003da2        0x2 00
 .text.std.isra.0
                0x00003da4       0x48 /home/tlegrand/Documents/Robotik/gcc4mbed-master/gcc-arm-none-eabi/bin/../lib/gcc/arm-none-eabi/4.7.3/../../../../arm-none-eabi/lib/armv7-m/libc_s.a(lib_a-findfp.o)
 .text.__sfmoreglue
                0x00003dec       0x2a /home/tlegrand/Documents/Robotik/gcc4mbed-master/gcc-arm-none-eabi/bin/../lib/gcc/arm-none-eabi/4.7.3/../../../../arm-none-eabi/lib/armv7-m/libc_s.a(lib_a-findfp.o)
                0x00003dec                __sfmoreglue
 *fill*         0x00003e16        0x2 00
 .text.__sinit  0x00003e18       0x58 /home/tlegrand/Documents/Robotik/gcc4mbed-master/gcc-arm-none-eabi/bin/../lib/gcc/arm-none-eabi/4.7.3/../../../../arm-none-eabi/lib/armv7-m/libc_s.a(lib_a-findfp.o)
                0x00003e18                __sinit
 .text.__sfp    0x00003e70       0x78 /home/tlegrand/Documents/Robotik/gcc4mbed-master/gcc-arm-none-eabi/bin/../lib/gcc/arm-none-eabi/4.7.3/../../../../arm-none-eabi/lib/armv7-m/libc_s.a(lib_a-findfp.o)
                0x00003e70                __sfp
 .text._free_r  0x00003ee8       0x88 /home/tlegrand/Documents/Robotik/gcc4mbed-master/gcc-arm-none-eabi/bin/../lib/gcc/arm-none-eabi/4.7.3/../../../../arm-none-eabi/lib/armv7-m/libc_s.a(lib_a-freer.o)
                0x00003ee8                _free_r
 .text._localeconv_r
                0x00003f70        0x8 /home/tlegrand/Documents/Robotik/gcc4mbed-master/gcc-arm-none-eabi/bin/../lib/gcc/arm-none-eabi/4.7.3/../../../../arm-none-eabi/lib/armv7-m/libc_s.a(lib_a-locale.o)
                0x00003f70                _localeconv_r
 .text._lseek_r
                0x00003f78       0x24 /home/tlegrand/Documents/Robotik/gcc4mbed-master/gcc-arm-none-eabi/bin/../lib/gcc/arm-none-eabi/4.7.3/../../../../arm-none-eabi/lib/armv7-m/libc_s.a(lib_a-lseekr.o)
                0x00003f78                _lseek_r
 .text.__smakebuf_r
                0x00003f9c       0xa8 /home/tlegrand/Documents/Robotik/gcc4mbed-master/gcc-arm-none-eabi/bin/../lib/gcc/arm-none-eabi/4.7.3/../../../../arm-none-eabi/lib/armv7-m/libc_s.a(lib_a-makebuf.o)
                0x00003f9c                __smakebuf_r
 .text.memchr   0x00004044       0x1c /home/tlegrand/Documents/Robotik/gcc4mbed-master/gcc-arm-none-eabi/bin/../lib/gcc/arm-none-eabi/4.7.3/../../../../arm-none-eabi/lib/armv7-m/libc_s.a(lib_a-memchr.o)
                0x00004044                memchr
 .text._Balloc  0x00004060       0x6a /home/tlegrand/Documents/Robotik/gcc4mbed-master/gcc-arm-none-eabi/bin/../lib/gcc/arm-none-eabi/4.7.3/../../../../arm-none-eabi/lib/armv7-m/libc_s.a(lib_a-mprec.o)
                0x00004060                _Balloc
 .text._Bfree   0x000040ca       0x2e /home/tlegrand/Documents/Robotik/gcc4mbed-master/gcc-arm-none-eabi/bin/../lib/gcc/arm-none-eabi/4.7.3/../../../../arm-none-eabi/lib/armv7-m/libc_s.a(lib_a-mprec.o)
                0x000040ca                _Bfree
 .text.__multadd
                0x000040f8       0x78 /home/tlegrand/Documents/Robotik/gcc4mbed-master/gcc-arm-none-eabi/bin/../lib/gcc/arm-none-eabi/4.7.3/../../../../arm-none-eabi/lib/armv7-m/libc_s.a(lib_a-mprec.o)
                0x000040f8                __multadd
 .text.__s2b    0x00004170       0x84 /home/tlegrand/Documents/Robotik/gcc4mbed-master/gcc-arm-none-eabi/bin/../lib/gcc/arm-none-eabi/4.7.3/../../../../arm-none-eabi/lib/armv7-m/libc_s.a(lib_a-mprec.o)
                0x00004170                __s2b
 .text.__hi0bits
                0x000041f4       0x3e /home/tlegrand/Documents/Robotik/gcc4mbed-master/gcc-arm-none-eabi/bin/../lib/gcc/arm-none-eabi/4.7.3/../../../../arm-none-eabi/lib/armv7-m/libc_s.a(lib_a-mprec.o)
                0x000041f4                __hi0bits
 .text.__lo0bits
                0x00004232       0x5a /home/tlegrand/Documents/Robotik/gcc4mbed-master/gcc-arm-none-eabi/bin/../lib/gcc/arm-none-eabi/4.7.3/../../../../arm-none-eabi/lib/armv7-m/libc_s.a(lib_a-mprec.o)
                0x00004232                __lo0bits
 .text.__i2b    0x0000428c       0x12 /home/tlegrand/Documents/Robotik/gcc4mbed-master/gcc-arm-none-eabi/bin/../lib/gcc/arm-none-eabi/4.7.3/../../../../arm-none-eabi/lib/armv7-m/libc_s.a(lib_a-mprec.o)
                0x0000428c                __i2b
 .text.__multiply
                0x0000429e      0x122 /home/tlegrand/Documents/Robotik/gcc4mbed-master/gcc-arm-none-eabi/bin/../lib/gcc/arm-none-eabi/4.7.3/../../../../arm-none-eabi/lib/armv7-m/libc_s.a(lib_a-mprec.o)
                0x0000429e                __multiply
 .text.__pow5mult
                0x000043c0       0xa4 /home/tlegrand/Documents/Robotik/gcc4mbed-master/gcc-arm-none-eabi/bin/../lib/gcc/arm-none-eabi/4.7.3/../../../../arm-none-eabi/lib/armv7-m/libc_s.a(lib_a-mprec.o)
                0x000043c0                __pow5mult
 .text.__lshift
                0x00004464       0xa8 /home/tlegrand/Documents/Robotik/gcc4mbed-master/gcc-arm-none-eabi/bin/../lib/gcc/arm-none-eabi/4.7.3/../../../../arm-none-eabi/lib/armv7-m/libc_s.a(lib_a-mprec.o)
                0x00004464                __lshift
 .text.__mcmp   0x0000450c       0x3a /home/tlegrand/Documents/Robotik/gcc4mbed-master/gcc-arm-none-eabi/bin/../lib/gcc/arm-none-eabi/4.7.3/../../../../arm-none-eabi/lib/armv7-m/libc_s.a(lib_a-mprec.o)
                0x0000450c                __mcmp
 .text.__mdiff  0x00004546       0xc4 /home/tlegrand/Documents/Robotik/gcc4mbed-master/gcc-arm-none-eabi/bin/../lib/gcc/arm-none-eabi/4.7.3/../../../../arm-none-eabi/lib/armv7-m/libc_s.a(lib_a-mprec.o)
                0x00004546                __mdiff
 *fill*         0x0000460a        0x2 00
 .text.__ulp    0x0000460c       0x40 /home/tlegrand/Documents/Robotik/gcc4mbed-master/gcc-arm-none-eabi/bin/../lib/gcc/arm-none-eabi/4.7.3/../../../../arm-none-eabi/lib/armv7-m/libc_s.a(lib_a-mprec.o)
                0x0000460c                __ulp
 .text.__b2d    0x0000464c       0xa8 /home/tlegrand/Documents/Robotik/gcc4mbed-master/gcc-arm-none-eabi/bin/../lib/gcc/arm-none-eabi/4.7.3/../../../../arm-none-eabi/lib/armv7-m/libc_s.a(lib_a-mprec.o)
                0x0000464c                __b2d
 .text.__d2b    0x000046f4       0xa8 /home/tlegrand/Documents/Robotik/gcc4mbed-master/gcc-arm-none-eabi/bin/../lib/gcc/arm-none-eabi/4.7.3/../../../../arm-none-eabi/lib/armv7-m/libc_s.a(lib_a-mprec.o)
                0x000046f4                __d2b
 .text.__ratio  0x0000479c       0x4a /home/tlegrand/Documents/Robotik/gcc4mbed-master/gcc-arm-none-eabi/bin/../lib/gcc/arm-none-eabi/4.7.3/../../../../arm-none-eabi/lib/armv7-m/libc_s.a(lib_a-mprec.o)
                0x0000479c                __ratio
 .text.__copybits
                0x000047e6       0x32 /home/tlegrand/Documents/Robotik/gcc4mbed-master/gcc-arm-none-eabi/bin/../lib/gcc/arm-none-eabi/4.7.3/../../../../arm-none-eabi/lib/armv7-m/libc_s.a(lib_a-mprec.o)
                0x000047e6                __copybits
 .text.__any_on
                0x00004818       0x4c /home/tlegrand/Documents/Robotik/gcc4mbed-master/gcc-arm-none-eabi/bin/../lib/gcc/arm-none-eabi/4.7.3/../../../../arm-none-eabi/lib/armv7-m/libc_s.a(lib_a-mprec.o)
                0x00004818                __any_on
 .text._putc_r  0x00004864       0x7c /home/tlegrand/Documents/Robotik/gcc4mbed-master/gcc-arm-none-eabi/bin/../lib/gcc/arm-none-eabi/4.7.3/../../../../arm-none-eabi/lib/armv7-m/libc_s.a(lib_a-putc.o)
                0x00004864                _putc_r
 .text._read_r  0x000048e0       0x24 /home/tlegrand/Documents/Robotik/gcc4mbed-master/gcc-arm-none-eabi/bin/../lib/gcc/arm-none-eabi/4.7.3/../../../../arm-none-eabi/lib/armv7-m/libc_s.a(lib_a-readr.o)
                0x000048e0                _read_r
 .text._realloc_r
                0x00004904       0x48 /home/tlegrand/Documents/Robotik/gcc4mbed-master/gcc-arm-none-eabi/bin/../lib/gcc/arm-none-eabi/4.7.3/../../../../arm-none-eabi/lib/armv7-m/libc_s.a(lib_a-reallocr.o)
                0x00004904                _realloc_r
 .text.__fpclassifyd
                0x0000494c       0x64 /home/tlegrand/Documents/Robotik/gcc4mbed-master/gcc-arm-none-eabi/bin/../lib/gcc/arm-none-eabi/4.7.3/../../../../arm-none-eabi/lib/armv7-m/libc_s.a(lib_a-s_fpclassify.o)
                0x0000494c                __fpclassifyd
 .text.nanf     0x000049b0        0x8 /home/tlegrand/Documents/Robotik/gcc4mbed-master/gcc-arm-none-eabi/bin/../lib/gcc/arm-none-eabi/4.7.3/../../../../arm-none-eabi/lib/armv7-m/libc_s.a(lib_a-sf_nan.o)
                0x000049b0                nanf
 .text.sprintf  0x000049b8       0x48 /home/tlegrand/Documents/Robotik/gcc4mbed-master/gcc-arm-none-eabi/bin/../lib/gcc/arm-none-eabi/4.7.3/../../../../arm-none-eabi/lib/armv7-m/libc_s.a(lib_a-sprintf.o)
                0x000049b8                sprintf
                0x000049b8                siprintf
 .text.match    0x00004a00       0x2a /home/tlegrand/Documents/Robotik/gcc4mbed-master/gcc-arm-none-eabi/bin/../lib/gcc/arm-none-eabi/4.7.3/../../../../arm-none-eabi/lib/armv7-m/libc_s.a(lib_a-strtod.o)
 *fill*         0x00004a2a        0x6 00
 .text._strtod_r
                0x00004a30      0xb10 /home/tlegrand/Documents/Robotik/gcc4mbed-master/gcc-arm-none-eabi/bin/../lib/gcc/arm-none-eabi/4.7.3/../../../../arm-none-eabi/lib/armv7-m/libc_s.a(lib_a-strtod.o)
                0x00004a30                _strtod_r
 .text._strtol_r
                0x00005540      0x10c /home/tlegrand/Documents/Robotik/gcc4mbed-master/gcc-arm-none-eabi/bin/../lib/gcc/arm-none-eabi/4.7.3/../../../../arm-none-eabi/lib/armv7-m/libc_s.a(lib_a-strtol.o)
                0x00005540                _strtol_r
 .text.__ssputc_r
                0x0000564c       0xae /home/tlegrand/Documents/Robotik/gcc4mbed-master/gcc-arm-none-eabi/bin/../lib/gcc/arm-none-eabi/4.7.3/../../../../arm-none-eabi/lib/armv7-m/libc_s.a(lib_a-svfprintf.o)
                0x0000564c                __ssputc_r
 *fill*         0x000056fa        0x2 00
 .text._svfprintf_r
                0x000056fc      0x1f4 /home/tlegrand/Documents/Robotik/gcc4mbed-master/gcc-arm-none-eabi/bin/../lib/gcc/arm-none-eabi/4.7.3/../../../../arm-none-eabi/lib/armv7-m/libc_s.a(lib_a-svfprintf.o)
                0x000056fc                _svfprintf_r
                0x000056fc                _svfiprintf_r
 .text._calloc_r
                0x000058f0       0x1c /home/tlegrand/Documents/Robotik/gcc4mbed-master/gcc-arm-none-eabi/bin/../lib/gcc/arm-none-eabi/4.7.3/../../../../arm-none-eabi/lib/armv7-m/libc_s.a(lib_a-callocr.o)
                0x000058f0                _calloc_r
 .text._fstat_r
                0x0000590c       0x24 /home/tlegrand/Documents/Robotik/gcc4mbed-master/gcc-arm-none-eabi/bin/../lib/gcc/arm-none-eabi/4.7.3/../../../../arm-none-eabi/lib/armv7-m/libc_s.a(lib_a-fstatr.o)
                0x0000590c                _fstat_r
 .text.rshift   0x00005930       0x72 /home/tlegrand/Documents/Robotik/gcc4mbed-master/gcc-arm-none-eabi/bin/../lib/gcc/arm-none-eabi/4.7.3/../../../../arm-none-eabi/lib/armv7-m/libc_s.a(lib_a-gdtoa-gethex.o)
 *fill*         0x000059a2        0x2 00
 .text.htinit.constprop.0
                0x000059a4       0x18 /home/tlegrand/Documents/Robotik/gcc4mbed-master/gcc-arm-none-eabi/bin/../lib/gcc/arm-none-eabi/4.7.3/../../../../arm-none-eabi/lib/armv7-m/libc_s.a(lib_a-gdtoa-gethex.o)
 .text.__hexdig_init
                0x000059bc       0x2c /home/tlegrand/Documents/Robotik/gcc4mbed-master/gcc-arm-none-eabi/bin/../lib/gcc/arm-none-eabi/4.7.3/../../../../arm-none-eabi/lib/armv7-m/libc_s.a(lib_a-gdtoa-gethex.o)
                0x000059bc                __hexdig_init
 .text.__gethex
                0x000059e8      0x474 /home/tlegrand/Documents/Robotik/gcc4mbed-master/gcc-arm-none-eabi/bin/../lib/gcc/arm-none-eabi/4.7.3/../../../../arm-none-eabi/lib/armv7-m/libc_s.a(lib_a-gdtoa-gethex.o)
                0x000059e8                __gethex
 .text.L_shift  0x00005e5c       0x28 /home/tlegrand/Documents/Robotik/gcc4mbed-master/gcc-arm-none-eabi/bin/../lib/gcc/arm-none-eabi/4.7.3/../../../../arm-none-eabi/lib/armv7-m/libc_s.a(lib_a-gdtoa-hexnan.o)
 .text.__hexnan
                0x00005e84      0x124 /home/tlegrand/Documents/Robotik/gcc4mbed-master/gcc-arm-none-eabi/bin/../lib/gcc/arm-none-eabi/4.7.3/../../../../arm-none-eabi/lib/armv7-m/libc_s.a(lib_a-gdtoa-hexnan.o)
                0x00005e84                __hexnan
 .text._isatty_r
                0x00005fa8       0x20 /home/tlegrand/Documents/Robotik/gcc4mbed-master/gcc-arm-none-eabi/bin/../lib/gcc/arm-none-eabi/4.7.3/../../../../arm-none-eabi/lib/armv7-m/libc_s.a(lib_a-isattyr.o)
                0x00005fa8                _isatty_r
 .text._malloc_usable_size_r
                0x00005fc8       0x12 /home/tlegrand/Documents/Robotik/gcc4mbed-master/gcc-arm-none-eabi/bin/../lib/gcc/arm-none-eabi/4.7.3/../../../../arm-none-eabi/lib/armv7-m/libc_s.a(lib_a-msizer.o)
                0x00005fc8                _malloc_usable_size_r
 *fill*         0x00005fda        0x2 00
 .text          0x00005fdc       0x40 /home/tlegrand/Documents/Robotik/gcc4mbed-master/gcc-arm-none-eabi/bin/../lib/gcc/arm-none-eabi/4.7.3/armv7-m/libgcc.a(_arm_fixunsdfsi.o)
                0x00005fdc                __fixunsdfsi
                0x00005fdc                __aeabi_d2uiz
 .text._isatty  0x0000601c       0x10 /home/tlegrand/Documents/Robotik/gcc4mbed-master/gcc-arm-none-eabi/bin/../lib/gcc/arm-none-eabi/4.7.3/../../../../arm-none-eabi/lib/armv7-m/libnosys.a(isatty.o)
                0x0000601c                _isatty
 .text._sbrk    0x0000602c       0x20 /home/tlegrand/Documents/Robotik/gcc4mbed-master/gcc-arm-none-eabi/bin/../lib/gcc/arm-none-eabi/4.7.3/../../../../arm-none-eabi/lib/armv7-m/libnosys.a(sbrk.o)
                0x0000602c                _sbrk
 .text.fabs     0x0000604c        0x8 /home/tlegrand/Documents/Robotik/gcc4mbed-master/gcc-arm-none-eabi/bin/../lib/gcc/arm-none-eabi/4.7.3/../../../../arm-none-eabi/lib/armv7-m/libm.a(lib_a-s_fabs.o)
                0x0000604c                fabs
 *(.init)
 .init          0x00006054        0x4 /home/tlegrand/Documents/Robotik/gcc4mbed-master/gcc-arm-none-eabi/bin/../lib/gcc/arm-none-eabi/4.7.3/armv7-m/crti.o
                0x00006054                _init
 .init          0x00006058        0x8 /home/tlegrand/Documents/Robotik/gcc4mbed-master/gcc-arm-none-eabi/bin/../lib/gcc/arm-none-eabi/4.7.3/armv7-m/crtn.o
 *(.fini)
 .fini          0x00006060        0x4 /home/tlegrand/Documents/Robotik/gcc4mbed-master/gcc-arm-none-eabi/bin/../lib/gcc/arm-none-eabi/4.7.3/armv7-m/crti.o
                0x00006060                _fini
 .fini          0x00006064        0x8 /home/tlegrand/Documents/Robotik/gcc4mbed-master/gcc-arm-none-eabi/bin/../lib/gcc/arm-none-eabi/4.7.3/armv7-m/crtn.o
 *crtbegin.o(.ctors)
 *crtbegin?.o(.ctors)
 *(EXCLUDE_FILE(*crtend.o *crtend?.o) .ctors)
 *(SORT(.ctors.*))
 *(.ctors)
 *crtbegin.o(.dtors)
 *crtbegin?.o(.dtors)
 *(EXCLUDE_FILE(*crtend.o *crtend?.o) .dtors)
 *(SORT(.dtors.*))
 *(.dtors)
 *(.rodata*)
 .rodata.str1.4
                0x0000606c       0x39 LPC176x/./main.o
                                 0x3c (size before relaxing)
 *fill*         0x000060a5        0x3 00
 .rodata.PinMap_UART_RX
                0x000060a8       0x6c /home/tlegrand/Documents/Robotik/gcc4mbed-master/external/mbed/LPC1768/GCC_ARM/libmbed.a(serial_api.o)
 .rodata.str1.4
                0x00006114       0xa5 /home/tlegrand/Documents/Robotik/gcc4mbed-master/external/mbed/LPC1768/GCC_ARM/libmbed.a(serial_api.o)
                                 0xa8 (size before relaxing)
 *fill*         0x000061b9        0x3 00
 .rodata.PinMap_UART_TX
                0x000061bc       0x6c /home/tlegrand/Documents/Robotik/gcc4mbed-master/external/mbed/LPC1768/GCC_ARM/libmbed.a(serial_api.o)
 .rodata.str1.4
                0x00006228       0x48 /home/tlegrand/Documents/Robotik/gcc4mbed-master/external/mbed/LPC1768/GCC_ARM/libmbed.a(pinmap_common.o)
 .rodata.str1.1
                0x00006270        0x2 /home/tlegrand/Documents/Robotik/gcc4mbed-master/gcc-arm-none-eabi/bin/../lib/gcc/arm-none-eabi/4.7.3/../../../../arm-none-eabi/lib/armv7-m/libc_s.a(lib_a-impure.o)
 *fill*         0x00006272        0x2 00
 .rodata._global_impure_ptr
                0x00006274        0x4 /home/tlegrand/Documents/Robotik/gcc4mbed-master/gcc-arm-none-eabi/bin/../lib/gcc/arm-none-eabi/4.7.3/../../../../arm-none-eabi/lib/armv7-m/libc_s.a(lib_a-impure.o)
                0x00006274                _global_impure_ptr
 .rodata.str1.1
                0x00006278       0x11 /home/tlegrand/Documents/Robotik/gcc4mbed-master/gcc-arm-none-eabi/bin/../lib/gcc/arm-none-eabi/4.7.3/../../../../arm-none-eabi/lib/armv7-m/libc_s.a(lib_a-vfprintf.o)
 .rodata.str1.1
                0x00006289       0x10 /home/tlegrand/Documents/Robotik/gcc4mbed-master/gcc-arm-none-eabi/bin/../lib/gcc/arm-none-eabi/4.7.3/../../../../arm-none-eabi/lib/armv7-m/libc_s.a(lib_a-vfprintf_float.o)
 .rodata.str1.1
                0x00006299       0x22 /home/tlegrand/Documents/Robotik/gcc4mbed-master/gcc-arm-none-eabi/bin/../lib/gcc/arm-none-eabi/4.7.3/../../../../arm-none-eabi/lib/armv7-m/libc_s.a(lib_a-vfprintf_i.o)
 .rodata.str1.1
                0x000062bb        0x5 /home/tlegrand/Documents/Robotik/gcc4mbed-master/gcc-arm-none-eabi/bin/../lib/gcc/arm-none-eabi/4.7.3/../../../../arm-none-eabi/lib/armv7-m/libc_s.a(lib_a-vfscanf_float.o)
 .rodata._ctype_
                0x000062c0      0x101 /home/tlegrand/Documents/Robotik/gcc4mbed-master/gcc-arm-none-eabi/bin/../lib/gcc/arm-none-eabi/4.7.3/../../../../arm-none-eabi/lib/armv7-m/libc_s.a(lib_a-ctype_.o)
                0x000062c0                _ctype_
 .rodata.str1.1
                0x000063c1        0xf /home/tlegrand/Documents/Robotik/gcc4mbed-master/gcc-arm-none-eabi/bin/../lib/gcc/arm-none-eabi/4.7.3/../../../../arm-none-eabi/lib/armv7-m/libc_s.a(lib_a-dtoa.o)
 .rodata.__sf_fake_stdin
                0x000063d0       0x20 /home/tlegrand/Documents/Robotik/gcc4mbed-master/gcc-arm-none-eabi/bin/../lib/gcc/arm-none-eabi/4.7.3/../../../../arm-none-eabi/lib/armv7-m/libc_s.a(lib_a-findfp.o)
                0x000063d0                __sf_fake_stdin
 .rodata.__sf_fake_stdout
                0x000063f0       0x20 /home/tlegrand/Documents/Robotik/gcc4mbed-master/gcc-arm-none-eabi/bin/../lib/gcc/arm-none-eabi/4.7.3/../../../../arm-none-eabi/lib/armv7-m/libc_s.a(lib_a-findfp.o)
                0x000063f0                __sf_fake_stdout
 .rodata.__sf_fake_stderr
                0x00006410       0x20 /home/tlegrand/Documents/Robotik/gcc4mbed-master/gcc-arm-none-eabi/bin/../lib/gcc/arm-none-eabi/4.7.3/../../../../arm-none-eabi/lib/armv7-m/libc_s.a(lib_a-findfp.o)
                0x00006410                __sf_fake_stderr
 .rodata.str1.1
                0x00006430        0x8 /home/tlegrand/Documents/Robotik/gcc4mbed-master/gcc-arm-none-eabi/bin/../lib/gcc/arm-none-eabi/4.7.3/../../../../arm-none-eabi/lib/armv7-m/libc_s.a(lib_a-locale.o)
                                  0xb (size before relaxing)
 .rodata.__mprec_tens
                0x00006438       0xc8 /home/tlegrand/Documents/Robotik/gcc4mbed-master/gcc-arm-none-eabi/bin/../lib/gcc/arm-none-eabi/4.7.3/../../../../arm-none-eabi/lib/armv7-m/libc_s.a(lib_a-mprec.o)
                0x00006438                __mprec_tens
 .rodata.p05.5252
                0x00006500        0xc /home/tlegrand/Documents/Robotik/gcc4mbed-master/gcc-arm-none-eabi/bin/../lib/gcc/arm-none-eabi/4.7.3/../../../../arm-none-eabi/lib/armv7-m/libc_s.a(lib_a-mprec.o)
 *fill*         0x0000650c        0x4 00
 .rodata.__mprec_bigtens
                0x00006510       0x28 /home/tlegrand/Documents/Robotik/gcc4mbed-master/gcc-arm-none-eabi/bin/../lib/gcc/arm-none-eabi/4.7.3/../../../../arm-none-eabi/lib/armv7-m/libc_s.a(lib_a-mprec.o)
                0x00006510                __mprec_bigtens
 .rodata.str1.1
                0x00000000        0x8 /home/tlegrand/Documents/Robotik/gcc4mbed-master/gcc-arm-none-eabi/bin/../lib/gcc/arm-none-eabi/4.7.3/../../../../arm-none-eabi/lib/armv7-m/libc_s.a(lib_a-strtod.o)
                                  0xc (size before relaxing)
 .rodata.tinytens
                0x00006538       0x28 /home/tlegrand/Documents/Robotik/gcc4mbed-master/gcc-arm-none-eabi/bin/../lib/gcc/arm-none-eabi/4.7.3/../../../../arm-none-eabi/lib/armv7-m/libc_s.a(lib_a-strtod.o)
 .rodata.str1.1
                0x00000000       0x11 /home/tlegrand/Documents/Robotik/gcc4mbed-master/gcc-arm-none-eabi/bin/../lib/gcc/arm-none-eabi/4.7.3/../../../../arm-none-eabi/lib/armv7-m/libc_s.a(lib_a-svfprintf.o)
 .rodata.str1.1
                0x00006560        0xb /home/tlegrand/Documents/Robotik/gcc4mbed-master/gcc-arm-none-eabi/bin/../lib/gcc/arm-none-eabi/4.7.3/../../../../arm-none-eabi/lib/armv7-m/libc_s.a(lib_a-gdtoa-gethex.o)
                                 0x19 (size before relaxing)
 *(.eh_frame*)
 *fill*         0x0000656b        0x1 00
 .eh_frame      0x0000656c        0x0 /home/tlegrand/Documents/Robotik/gcc4mbed-master/gcc-arm-none-eabi/bin/../lib/gcc/arm-none-eabi/4.7.3/armv7-m/crtbegin.o
 .eh_frame      0x0000656c        0x4 /home/tlegrand/Documents/Robotik/gcc4mbed-master/gcc-arm-none-eabi/bin/../lib/gcc/arm-none-eabi/4.7.3/armv7-m/crtend.o

.glue_7         0x00006570        0x0
 .glue_7        0x00000000        0x0 linker stubs

.glue_7t        0x00006570        0x0
 .glue_7t       0x00000000        0x0 linker stubs

.vfp11_veneer   0x00006570        0x0
 .vfp11_veneer  0x00000000        0x0 linker stubs

.v4_bx          0x00006570        0x0
 .v4_bx         0x00000000        0x0 linker stubs

.iplt           0x00006570        0x0
 .iplt          0x00000000        0x0 /home/tlegrand/Documents/Robotik/gcc4mbed-master/gcc-arm-none-eabi/bin/../lib/gcc/arm-none-eabi/4.7.3/armv7-m/crtbegin.o

.rel.dyn        0x00006570        0x0
 .rel.iplt      0x00000000        0x0 /home/tlegrand/Documents/Robotik/gcc4mbed-master/gcc-arm-none-eabi/bin/../lib/gcc/arm-none-eabi/4.7.3/armv7-m/crtbegin.o

.ARM.extab
 *(.ARM.extab* .gnu.linkonce.armextab.*)
                0x00006570                __exidx_start = .

.ARM.exidx
 *(.ARM.exidx* .gnu.linkonce.armexidx.*)
                0x00006570                __exidx_end = .
                0x00006570                __etext = .

.data           0x100000c8       0xd8 load address 0x00006570
                0x100000c8                __data_start__ = .
                0x100000c8                Image$$RW_IRAM1$$Base = .
 *(vtable)
 *(.data*)
 .data.SystemCoreClock
                0x100000c8        0x4 /home/tlegrand/Documents/Robotik/gcc4mbed-master/external/mbed/LPC1768/GCC_ARM/system_LPC17xx.o
                0x100000c8                SystemCoreClock
 .data.impure_data
                0x100000cc       0x64 /home/tlegrand/Documents/Robotik/gcc4mbed-master/gcc-arm-none-eabi/bin/../lib/gcc/arm-none-eabi/4.7.3/../../../../arm-none-eabi/lib/armv7-m/libc_s.a(lib_a-impure.o)
 .data._impure_ptr
                0x10000130        0x4 /home/tlegrand/Documents/Robotik/gcc4mbed-master/gcc-arm-none-eabi/bin/../lib/gcc/arm-none-eabi/4.7.3/../../../../arm-none-eabi/lib/armv7-m/libc_s.a(lib_a-impure.o)
                0x10000130                _impure_ptr
 .data.__ctype_ptr__
                0x10000134        0x4 /home/tlegrand/Documents/Robotik/gcc4mbed-master/gcc-arm-none-eabi/bin/../lib/gcc/arm-none-eabi/4.7.3/../../../../arm-none-eabi/lib/armv7-m/libc_s.a(lib_a-ctype_.o)
                0x10000134                __ctype_ptr__
 .data.lconv    0x10000138       0x38 /home/tlegrand/Documents/Robotik/gcc4mbed-master/gcc-arm-none-eabi/bin/../lib/gcc/arm-none-eabi/4.7.3/../../../../arm-none-eabi/lib/armv7-m/libc_s.a(lib_a-locale.o)
 .data.fpi.5208
                0x10000170       0x14 /home/tlegrand/Documents/Robotik/gcc4mbed-master/gcc-arm-none-eabi/bin/../lib/gcc/arm-none-eabi/4.7.3/../../../../arm-none-eabi/lib/armv7-m/libc_s.a(lib_a-strtod.o)
 .data.fpinan.5244
                0x10000184       0x14 /home/tlegrand/Documents/Robotik/gcc4mbed-master/gcc-arm-none-eabi/bin/../lib/gcc/arm-none-eabi/4.7.3/../../../../arm-none-eabi/lib/armv7-m/libc_s.a(lib_a-strtod.o)
                0x10000198                . = ALIGN (0x4)
                0x10000198                PROVIDE (__preinit_array_start, .)
 *(.preinit_array)
                0x10000198                PROVIDE (__preinit_array_end, .)
                0x10000198                . = ALIGN (0x4)
                0x10000198                PROVIDE (__init_array_start, .)
 *(SORT(.init_array.*))
 *(.init_array)
 .init_array    0x10000198        0x4 /home/tlegrand/Documents/Robotik/gcc4mbed-master/gcc-arm-none-eabi/bin/../lib/gcc/arm-none-eabi/4.7.3/armv7-m/crtbegin.o
                0x1000019c                PROVIDE (__init_array_end, .)
                0x1000019c                . = ALIGN (0x4)
                0x1000019c                PROVIDE (__fini_array_start, .)
 *(SORT(.fini_array.*))
 *(.fini_array)
 .fini_array    0x1000019c        0x4 /home/tlegrand/Documents/Robotik/gcc4mbed-master/gcc-arm-none-eabi/bin/../lib/gcc/arm-none-eabi/4.7.3/armv7-m/crtbegin.o
                0x100001a0                PROVIDE (__fini_array_end, .)
                0x100001a0                . = ALIGN (0x4)
                0x100001a0                __data_end__ = .

.jcr            0x100001a0        0x0 load address 0x00006648
 .jcr           0x100001a0        0x0 /home/tlegrand/Documents/Robotik/gcc4mbed-master/gcc-arm-none-eabi/bin/../lib/gcc/arm-none-eabi/4.7.3/armv7-m/crtbegin.o

.igot.plt       0x100001a0        0x0 load address 0x00006648
 .igot.plt      0x00000000        0x0 /home/tlegrand/Documents/Robotik/gcc4mbed-master/gcc-arm-none-eabi/bin/../lib/gcc/arm-none-eabi/4.7.3/armv7-m/crtbegin.o

.bss            0x100001a0      0x23c load address 0x00006648
                0x100001a0                __bss_start__ = .
 *(.bss*)
 .bss           0x100001a0       0x1c /home/tlegrand/Documents/Robotik/gcc4mbed-master/gcc-arm-none-eabi/bin/../lib/gcc/arm-none-eabi/4.7.3/armv7-m/crtbegin.o
 .bss.stdio_retargeting_module
                0x100001bc        0x4 /home/tlegrand/Documents/Robotik/gcc4mbed-master/external/mbed/LPC1768/GCC_ARM/libmbed.a(stdio.o)
                0x100001bc                stdio_retargeting_module
 .bss._ZL11filehandles
                0x100001c0      0x100 /home/tlegrand/Documents/Robotik/gcc4mbed-master/external/mbed/LPC1768/GCC_ARM/libmbed.a(stdio.o)
 .bss.stdio_uart_inited
                0x100002c0        0x4 /home/tlegrand/Documents/Robotik/gcc4mbed-master/external/mbed/LPC1768/GCC_ARM/libmbed.a(serial_api.o)
                0x100002c0                stdio_uart_inited
 .bss.us_ticker_running
                0x100002c4        0x4 /home/tlegrand/Documents/Robotik/gcc4mbed-master/external/mbed/LPC1768/GCC_ARM/libmbed.a(us_ticker_api.o)
 .bss.__malloc_free_list
                0x100002c8        0x4 /home/tlegrand/Documents/Robotik/gcc4mbed-master/gcc-arm-none-eabi/bin/../lib/gcc/arm-none-eabi/4.7.3/../../../../arm-none-eabi/lib/armv7-m/libc_s.a(lib_a-mallocr.o)
                0x100002c8                __malloc_free_list
 .bss.heap_end.4058
                0x100002cc        0x4 /home/tlegrand/Documents/Robotik/gcc4mbed-master/gcc-arm-none-eabi/bin/../lib/gcc/arm-none-eabi/4.7.3/../../../../arm-none-eabi/lib/armv7-m/libnosys.a(sbrk.o)
 *(COMMON)
 COMMON         0x100002d0        0x8 /home/tlegrand/Documents/Robotik/gcc4mbed-master/external/mbed/LPC1768/GCC_ARM/libmbed.a(serial_api.o)
                0x100002d0                stdio_uart
 COMMON         0x100002d8        0x4 /home/tlegrand/Documents/Robotik/gcc4mbed-master/gcc-arm-none-eabi/bin/../lib/gcc/arm-none-eabi/4.7.3/../../../../arm-none-eabi/lib/armv7-m/libc_s.a(lib_a-reent.o)
                0x100002d8                errno
 COMMON         0x100002dc      0x100 /home/tlegrand/Documents/Robotik/gcc4mbed-master/gcc-arm-none-eabi/bin/../lib/gcc/arm-none-eabi/4.7.3/../../../../arm-none-eabi/lib/armv7-m/libc_s.a(lib_a-gdtoa-gethex.o)
                0x100002dc                __hexdig
                0x100003dc                __bss_end__ = .
                0x100003dc                Image$$RW_IRAM1$$ZI$$Limit = .

.heap           0x100003e0      0x800
                0x100003e0                __end__ = .
                0x100003e0                end = __end__
 *(.heap*)
 .heap          0x100003e0      0x800 /home/tlegrand/Documents/Robotik/gcc4mbed-master/external/mbed/LPC1768/GCC_ARM/startup_LPC17xx.o
                0x100003e0                __HeapBase
                0x10000be0                __HeapLimit = .

.stack_dummy    0x100003e0      0xc00
 *(.stack)
 .stack         0x100003e0      0xc00 /home/tlegrand/Documents/Robotik/gcc4mbed-master/external/mbed/LPC1768/GCC_ARM/startup_LPC17xx.o
                0x10008000                __StackTop = (ORIGIN (RAM) + 0x7f38)
                0x10007400                __StackLimit = (__StackTop - SIZEOF (.stack_dummy))
                0x10008000                PROVIDE (__stack, __StackTop)
                0x10000be0                PROVIDE (__heapLimit, __HeapLimit)
                0x00007420                PROVIDE (__stackSize, (__StackTop - __HeapLimit))
                0x00000001                ASSERT ((__StackLimit >= __HeapLimit), region RAM overflowed with stack)

.AHBSRAM0       0x2007c000        0x0
                0x2007c000                Image$$RW_IRAM2$$Base = .
 *(AHBSRAM0)
                0x2007c000                Image$$RW_IRAM2$$ZI$$Limit = .

.AHBSRAM1       0x20080000        0x0
                0x20080000                Image$$RW_IRAM3$$Base = .
 *(AHBSRAM1)
                0x20080000                Image$$RW_IRAM3$$ZI$$Limit = .
OUTPUT(maxbotixEMbed.elf elf32-littlearm)

.ARM.attributes
                0x00000000       0x29
 .ARM.attributes
                0x00000000       0x1d /home/tlegrand/Documents/Robotik/gcc4mbed-master/gcc-arm-none-eabi/bin/../lib/gcc/arm-none-eabi/4.7.3/armv7-m/crti.o
 .ARM.attributes
                0x0000001d       0x2d /home/tlegrand/Documents/Robotik/gcc4mbed-master/gcc-arm-none-eabi/bin/../lib/gcc/arm-none-eabi/4.7.3/armv7-m/crtbegin.o
 .ARM.attributes
                0x0000004a       0x33 LPC176x/./main.o
 .ARM.attributes
                0x0000007d       0x33 LPC176x/gcc4mbed.o
 .ARM.attributes
                0x000000b0       0x1b /home/tlegrand/Documents/Robotik/gcc4mbed-master/external/mbed/LPC1768/GCC_ARM/startup_LPC17xx.o
 .ARM.attributes
                0x000000cb       0x33 /home/tlegrand/Documents/Robotik/gcc4mbed-master/external/mbed/LPC1768/GCC_ARM/system_LPC17xx.o
 .ARM.attributes
                0x000000fe       0x33 /home/tlegrand/Documents/Robotik/gcc4mbed-master/external/mbed/LPC1768/GCC_ARM/libmbed.a(exit.o)
 .ARM.attributes
                0x00000131       0x33 /home/tlegrand/Documents/Robotik/gcc4mbed-master/external/mbed/LPC1768/GCC_ARM/libmbed.a(mbed_interface.o)
 .ARM.attributes
                0x00000164       0x33 /home/tlegrand/Documents/Robotik/gcc4mbed-master/external/mbed/LPC1768/GCC_ARM/libmbed.a(semihost_api.o)
 .ARM.attributes
                0x00000197       0x33 /home/tlegrand/Documents/Robotik/gcc4mbed-master/external/mbed/LPC1768/GCC_ARM/libmbed.a(stdio.o)
 .ARM.attributes
                0x000001ca       0x33 /home/tlegrand/Documents/Robotik/gcc4mbed-master/external/mbed/LPC1768/GCC_ARM/libmbed.a(board.o)
 .ARM.attributes
                0x000001fd       0x33 /home/tlegrand/Documents/Robotik/gcc4mbed-master/external/mbed/LPC1768/GCC_ARM/libmbed.a(gpio_api.o)
 .ARM.attributes
                0x00000230       0x33 /home/tlegrand/Documents/Robotik/gcc4mbed-master/external/mbed/LPC1768/GCC_ARM/libmbed.a(pinmap.o)
 .ARM.attributes
                0x00000263       0x33 /home/tlegrand/Documents/Robotik/gcc4mbed-master/external/mbed/LPC1768/GCC_ARM/libmbed.a(semihost.o)
 .ARM.attributes
                0x00000296       0x33 /home/tlegrand/Documents/Robotik/gcc4mbed-master/external/mbed/LPC1768/GCC_ARM/libmbed.a(serial_api.o)
 .ARM.attributes
                0x000002c9       0x33 /home/tlegrand/Documents/Robotik/gcc4mbed-master/external/mbed/LPC1768/GCC_ARM/libmbed.a(pinmap_common.o)
 .ARM.attributes
                0x000002fc       0x33 /home/tlegrand/Documents/Robotik/gcc4mbed-master/external/mbed/LPC1768/GCC_ARM/libmbed.a(wait_api.o)
 .ARM.attributes
                0x0000032f       0x33 /home/tlegrand/Documents/Robotik/gcc4mbed-master/external/mbed/LPC1768/GCC_ARM/libmbed.a(us_ticker_api.o)
 .ARM.attributes
                0x00000362       0x1d /home/tlegrand/Documents/Robotik/gcc4mbed-master/gcc-arm-none-eabi/bin/../lib/gcc/arm-none-eabi/4.7.3/armv7-m/libgcc.a(_arm_addsubdf3.o)
 .ARM.attributes
                0x0000037f       0x1d /home/tlegrand/Documents/Robotik/gcc4mbed-master/gcc-arm-none-eabi/bin/../lib/gcc/arm-none-eabi/4.7.3/armv7-m/libgcc.a(_arm_muldivdf3.o)
 .ARM.attributes
                0x0000039c       0x1d /home/tlegrand/Documents/Robotik/gcc4mbed-master/gcc-arm-none-eabi/bin/../lib/gcc/arm-none-eabi/4.7.3/armv7-m/libgcc.a(_arm_cmpdf2.o)
 .ARM.attributes
                0x000003b9       0x1d /home/tlegrand/Documents/Robotik/gcc4mbed-master/gcc-arm-none-eabi/bin/../lib/gcc/arm-none-eabi/4.7.3/armv7-m/libgcc.a(_arm_fixdfsi.o)
 .ARM.attributes
                0x000003d6       0x1d /home/tlegrand/Documents/Robotik/gcc4mbed-master/gcc-arm-none-eabi/bin/../lib/gcc/arm-none-eabi/4.7.3/armv7-m/libgcc.a(_arm_truncdfsf2.o)
 .ARM.attributes
                0x000003f3       0x1d /home/tlegrand/Documents/Robotik/gcc4mbed-master/gcc-arm-none-eabi/bin/../lib/gcc/arm-none-eabi/4.7.3/armv7-m/libgcc.a(_arm_addsubsf3.o)
 .ARM.attributes
                0x00000410       0x1d /home/tlegrand/Documents/Robotik/gcc4mbed-master/gcc-arm-none-eabi/bin/../lib/gcc/arm-none-eabi/4.7.3/armv7-m/libgcc.a(_arm_muldivsf3.o)
 .ARM.attributes
                0x0000042d       0x1d /home/tlegrand/Documents/Robotik/gcc4mbed-master/gcc-arm-none-eabi/bin/../lib/gcc/arm-none-eabi/4.7.3/armv7-m/libgcc.a(_arm_cmpsf2.o)
 .ARM.attributes
                0x0000044a       0x2d /home/tlegrand/Documents/Robotik/gcc4mbed-master/gcc-arm-none-eabi/bin/../lib/gcc/arm-none-eabi/4.7.3/../../../../arm-none-eabi/lib/armv7-m/libc_s.a(lib_a-errno.o)
 .ARM.attributes
                0x00000477       0x2d /home/tlegrand/Documents/Robotik/gcc4mbed-master/gcc-arm-none-eabi/bin/../lib/gcc/arm-none-eabi/4.7.3/../../../../arm-none-eabi/lib/armv7-m/libc_s.a(lib_a-fprintf.o)
 .ARM.attributes
                0x000004a4       0x2d /home/tlegrand/Documents/Robotik/gcc4mbed-master/gcc-arm-none-eabi/bin/../lib/gcc/arm-none-eabi/4.7.3/../../../../arm-none-eabi/lib/armv7-m/libc_s.a(lib_a-impure.o)
 .ARM.attributes
                0x000004d1       0x2d /home/tlegrand/Documents/Robotik/gcc4mbed-master/gcc-arm-none-eabi/bin/../lib/gcc/arm-none-eabi/4.7.3/../../../../arm-none-eabi/lib/armv7-m/libc_s.a(lib_a-init.o)
 .ARM.attributes
                0x000004fe       0x2d /home/tlegrand/Documents/Robotik/gcc4mbed-master/gcc-arm-none-eabi/bin/../lib/gcc/arm-none-eabi/4.7.3/../../../../arm-none-eabi/lib/armv7-m/libc_s.a(lib_a-malloc.o)
 .ARM.attributes
                0x0000052b       0x2d /home/tlegrand/Documents/Robotik/gcc4mbed-master/gcc-arm-none-eabi/bin/../lib/gcc/arm-none-eabi/4.7.3/../../../../arm-none-eabi/lib/armv7-m/libc_s.a(lib_a-mallocr.o)
 .ARM.attributes
                0x00000558       0x2d /home/tlegrand/Documents/Robotik/gcc4mbed-master/gcc-arm-none-eabi/bin/../lib/gcc/arm-none-eabi/4.7.3/../../../../arm-none-eabi/lib/armv7-m/libc_s.a(lib_a-memcpy.o)
 .ARM.attributes
                0x00000585       0x2d /home/tlegrand/Documents/Robotik/gcc4mbed-master/gcc-arm-none-eabi/bin/../lib/gcc/arm-none-eabi/4.7.3/../../../../arm-none-eabi/lib/armv7-m/libc_s.a(lib_a-memset.o)
 .ARM.attributes
                0x000005b2       0x2d /home/tlegrand/Documents/Robotik/gcc4mbed-master/gcc-arm-none-eabi/bin/../lib/gcc/arm-none-eabi/4.7.3/../../../../arm-none-eabi/lib/armv7-m/libc_s.a(lib_a-puts.o)
 .ARM.attributes
                0x000005df       0x2d /home/tlegrand/Documents/Robotik/gcc4mbed-master/gcc-arm-none-eabi/bin/../lib/gcc/arm-none-eabi/4.7.3/../../../../arm-none-eabi/lib/armv7-m/libc_s.a(lib_a-sbrkr.o)
 .ARM.attributes
                0x0000060c       0x2d /home/tlegrand/Documents/Robotik/gcc4mbed-master/gcc-arm-none-eabi/bin/../lib/gcc/arm-none-eabi/4.7.3/../../../../arm-none-eabi/lib/armv7-m/libc_s.a(lib_a-stdio.o)
 .ARM.attributes
                0x00000639       0x2d /home/tlegrand/Documents/Robotik/gcc4mbed-master/gcc-arm-none-eabi/bin/../lib/gcc/arm-none-eabi/4.7.3/../../../../arm-none-eabi/lib/armv7-m/libc_s.a(lib_a-strlen.o)
 .ARM.attributes
                0x00000666       0x2d /home/tlegrand/Documents/Robotik/gcc4mbed-master/gcc-arm-none-eabi/bin/../lib/gcc/arm-none-eabi/4.7.3/../../../../arm-none-eabi/lib/armv7-m/libc_s.a(lib_a-strncmp.o)
 .ARM.attributes
                0x00000693       0x2d /home/tlegrand/Documents/Robotik/gcc4mbed-master/gcc-arm-none-eabi/bin/../lib/gcc/arm-none-eabi/4.7.3/../../../../arm-none-eabi/lib/armv7-m/libc_s.a(lib_a-vfprintf.o)
 .ARM.attributes
                0x000006c0       0x2d /home/tlegrand/Documents/Robotik/gcc4mbed-master/gcc-arm-none-eabi/bin/../lib/gcc/arm-none-eabi/4.7.3/../../../../arm-none-eabi/lib/armv7-m/libc_s.a(lib_a-vfprintf_float.o)
 .ARM.attributes
                0x000006ed       0x2d /home/tlegrand/Documents/Robotik/gcc4mbed-master/gcc-arm-none-eabi/bin/../lib/gcc/arm-none-eabi/4.7.3/../../../../arm-none-eabi/lib/armv7-m/libc_s.a(lib_a-vfprintf_i.o)
 .ARM.attributes
                0x0000071a       0x2d /home/tlegrand/Documents/Robotik/gcc4mbed-master/gcc-arm-none-eabi/bin/../lib/gcc/arm-none-eabi/4.7.3/../../../../arm-none-eabi/lib/armv7-m/libc_s.a(lib_a-vfscanf_float.o)
 .ARM.attributes
                0x00000747       0x2d /home/tlegrand/Documents/Robotik/gcc4mbed-master/gcc-arm-none-eabi/bin/../lib/gcc/arm-none-eabi/4.7.3/../../../../arm-none-eabi/lib/armv7-m/libc_s.a(lib_a-wbuf.o)
 .ARM.attributes
                0x00000774       0x2d /home/tlegrand/Documents/Robotik/gcc4mbed-master/gcc-arm-none-eabi/bin/../lib/gcc/arm-none-eabi/4.7.3/../../../../arm-none-eabi/lib/armv7-m/libc_s.a(lib_a-writer.o)
 .ARM.attributes
                0x000007a1       0x2d /home/tlegrand/Documents/Robotik/gcc4mbed-master/gcc-arm-none-eabi/bin/../lib/gcc/arm-none-eabi/4.7.3/../../../../arm-none-eabi/lib/armv7-m/libc_s.a(lib_a-wsetup.o)
 .ARM.attributes
                0x000007ce       0x2d /home/tlegrand/Documents/Robotik/gcc4mbed-master/gcc-arm-none-eabi/bin/../lib/gcc/arm-none-eabi/4.7.3/../../../../arm-none-eabi/lib/armv7-m/libc_s.a(lib_a-closer.o)
 .ARM.attributes
                0x000007fb       0x2d /home/tlegrand/Documents/Robotik/gcc4mbed-master/gcc-arm-none-eabi/bin/../lib/gcc/arm-none-eabi/4.7.3/../../../../arm-none-eabi/lib/armv7-m/libc_s.a(lib_a-ctype_.o)
 .ARM.attributes
                0x00000828       0x2d /home/tlegrand/Documents/Robotik/gcc4mbed-master/gcc-arm-none-eabi/bin/../lib/gcc/arm-none-eabi/4.7.3/../../../../arm-none-eabi/lib/armv7-m/libc_s.a(lib_a-dtoa.o)
 .ARM.attributes
                0x00000855       0x2d /home/tlegrand/Documents/Robotik/gcc4mbed-master/gcc-arm-none-eabi/bin/../lib/gcc/arm-none-eabi/4.7.3/../../../../arm-none-eabi/lib/armv7-m/libc_s.a(lib_a-fflush.o)
 .ARM.attributes
                0x00000882       0x2d /home/tlegrand/Documents/Robotik/gcc4mbed-master/gcc-arm-none-eabi/bin/../lib/gcc/arm-none-eabi/4.7.3/../../../../arm-none-eabi/lib/armv7-m/libc_s.a(lib_a-findfp.o)
 .ARM.attributes
                0x000008af       0x2d /home/tlegrand/Documents/Robotik/gcc4mbed-master/gcc-arm-none-eabi/bin/../lib/gcc/arm-none-eabi/4.7.3/../../../../arm-none-eabi/lib/armv7-m/libc_s.a(lib_a-freer.o)
 .ARM.attributes
                0x000008dc       0x2d /home/tlegrand/Documents/Robotik/gcc4mbed-master/gcc-arm-none-eabi/bin/../lib/gcc/arm-none-eabi/4.7.3/../../../../arm-none-eabi/lib/armv7-m/libc_s.a(lib_a-locale.o)
 .ARM.attributes
                0x00000909       0x2d /home/tlegrand/Documents/Robotik/gcc4mbed-master/gcc-arm-none-eabi/bin/../lib/gcc/arm-none-eabi/4.7.3/../../../../arm-none-eabi/lib/armv7-m/libc_s.a(lib_a-lseekr.o)
 .ARM.attributes
                0x00000936       0x2d /home/tlegrand/Documents/Robotik/gcc4mbed-master/gcc-arm-none-eabi/bin/../lib/gcc/arm-none-eabi/4.7.3/../../../../arm-none-eabi/lib/armv7-m/libc_s.a(lib_a-makebuf.o)
 .ARM.attributes
                0x00000963       0x2d /home/tlegrand/Documents/Robotik/gcc4mbed-master/gcc-arm-none-eabi/bin/../lib/gcc/arm-none-eabi/4.7.3/../../../../arm-none-eabi/lib/armv7-m/libc_s.a(lib_a-memchr.o)
 .ARM.attributes
                0x00000990       0x2d /home/tlegrand/Documents/Robotik/gcc4mbed-master/gcc-arm-none-eabi/bin/../lib/gcc/arm-none-eabi/4.7.3/../../../../arm-none-eabi/lib/armv7-m/libc_s.a(lib_a-mprec.o)
 .ARM.attributes
                0x000009bd       0x2d /home/tlegrand/Documents/Robotik/gcc4mbed-master/gcc-arm-none-eabi/bin/../lib/gcc/arm-none-eabi/4.7.3/../../../../arm-none-eabi/lib/armv7-m/libc_s.a(lib_a-putc.o)
 .ARM.attributes
                0x000009ea       0x2d /home/tlegrand/Documents/Robotik/gcc4mbed-master/gcc-arm-none-eabi/bin/../lib/gcc/arm-none-eabi/4.7.3/../../../../arm-none-eabi/lib/armv7-m/libc_s.a(lib_a-readr.o)
 .ARM.attributes
                0x00000a17       0x2d /home/tlegrand/Documents/Robotik/gcc4mbed-master/gcc-arm-none-eabi/bin/../lib/gcc/arm-none-eabi/4.7.3/../../../../arm-none-eabi/lib/armv7-m/libc_s.a(lib_a-reallocr.o)
 .ARM.attributes
                0x00000a44       0x2d /home/tlegrand/Documents/Robotik/gcc4mbed-master/gcc-arm-none-eabi/bin/../lib/gcc/arm-none-eabi/4.7.3/../../../../arm-none-eabi/lib/armv7-m/libc_s.a(lib_a-reent.o)
 .ARM.attributes
                0x00000a71       0x2d /home/tlegrand/Documents/Robotik/gcc4mbed-master/gcc-arm-none-eabi/bin/../lib/gcc/arm-none-eabi/4.7.3/../../../../arm-none-eabi/lib/armv7-m/libc_s.a(lib_a-s_fpclassify.o)
 .ARM.attributes
                0x00000a9e       0x2d /home/tlegrand/Documents/Robotik/gcc4mbed-master/gcc-arm-none-eabi/bin/../lib/gcc/arm-none-eabi/4.7.3/../../../../arm-none-eabi/lib/armv7-m/libc_s.a(lib_a-sf_nan.o)
 .ARM.attributes
                0x00000acb       0x2d /home/tlegrand/Documents/Robotik/gcc4mbed-master/gcc-arm-none-eabi/bin/../lib/gcc/arm-none-eabi/4.7.3/../../../../arm-none-eabi/lib/armv7-m/libc_s.a(lib_a-sprintf.o)
 .ARM.attributes
                0x00000af8       0x2d /home/tlegrand/Documents/Robotik/gcc4mbed-master/gcc-arm-none-eabi/bin/../lib/gcc/arm-none-eabi/4.7.3/../../../../arm-none-eabi/lib/armv7-m/libc_s.a(lib_a-strtod.o)
 .ARM.attributes
                0x00000b25       0x2d /home/tlegrand/Documents/Robotik/gcc4mbed-master/gcc-arm-none-eabi/bin/../lib/gcc/arm-none-eabi/4.7.3/../../../../arm-none-eabi/lib/armv7-m/libc_s.a(lib_a-strtol.o)
 .ARM.attributes
                0x00000b52       0x2d /home/tlegrand/Documents/Robotik/gcc4mbed-master/gcc-arm-none-eabi/bin/../lib/gcc/arm-none-eabi/4.7.3/../../../../arm-none-eabi/lib/armv7-m/libc_s.a(lib_a-svfprintf.o)
 .ARM.attributes
                0x00000b7f       0x2d /home/tlegrand/Documents/Robotik/gcc4mbed-master/gcc-arm-none-eabi/bin/../lib/gcc/arm-none-eabi/4.7.3/../../../../arm-none-eabi/lib/armv7-m/libc_s.a(lib_a-callocr.o)
 .ARM.attributes
                0x00000bac       0x2d /home/tlegrand/Documents/Robotik/gcc4mbed-master/gcc-arm-none-eabi/bin/../lib/gcc/arm-none-eabi/4.7.3/../../../../arm-none-eabi/lib/armv7-m/libc_s.a(lib_a-fstatr.o)
 .ARM.attributes
                0x00000bd9       0x2d /home/tlegrand/Documents/Robotik/gcc4mbed-master/gcc-arm-none-eabi/bin/../lib/gcc/arm-none-eabi/4.7.3/../../../../arm-none-eabi/lib/armv7-m/libc_s.a(lib_a-gdtoa-gethex.o)
 .ARM.attributes
                0x00000c06       0x2d /home/tlegrand/Documents/Robotik/gcc4mbed-master/gcc-arm-none-eabi/bin/../lib/gcc/arm-none-eabi/4.7.3/../../../../arm-none-eabi/lib/armv7-m/libc_s.a(lib_a-gdtoa-hexnan.o)
 .ARM.attributes
                0x00000c33       0x2d /home/tlegrand/Documents/Robotik/gcc4mbed-master/gcc-arm-none-eabi/bin/../lib/gcc/arm-none-eabi/4.7.3/../../../../arm-none-eabi/lib/armv7-m/libc_s.a(lib_a-isattyr.o)
 .ARM.attributes
                0x00000c60       0x2d /home/tlegrand/Documents/Robotik/gcc4mbed-master/gcc-arm-none-eabi/bin/../lib/gcc/arm-none-eabi/4.7.3/../../../../arm-none-eabi/lib/armv7-m/libc_s.a(lib_a-msizer.o)
 .ARM.attributes
                0x00000c8d       0x1d /home/tlegrand/Documents/Robotik/gcc4mbed-master/gcc-arm-none-eabi/bin/../lib/gcc/arm-none-eabi/4.7.3/armv7-m/libgcc.a(_arm_fixunsdfsi.o)
 .ARM.attributes
                0x00000caa       0x2d /home/tlegrand/Documents/Robotik/gcc4mbed-master/gcc-arm-none-eabi/bin/../lib/gcc/arm-none-eabi/4.7.3/../../../../arm-none-eabi/lib/armv7-m/libnosys.a(isatty.o)
 .ARM.attributes
                0x00000cd7       0x2d /home/tlegrand/Documents/Robotik/gcc4mbed-master/gcc-arm-none-eabi/bin/../lib/gcc/arm-none-eabi/4.7.3/../../../../arm-none-eabi/lib/armv7-m/libnosys.a(sbrk.o)
 .ARM.attributes
                0x00000d04       0x2d /home/tlegrand/Documents/Robotik/gcc4mbed-master/gcc-arm-none-eabi/bin/../lib/gcc/arm-none-eabi/4.7.3/../../../../arm-none-eabi/lib/armv7-m/libm.a(lib_a-s_fabs.o)
 .ARM.attributes
                0x00000d31       0x2d /home/tlegrand/Documents/Robotik/gcc4mbed-master/gcc-arm-none-eabi/bin/../lib/gcc/arm-none-eabi/4.7.3/armv7-m/crtend.o
 .ARM.attributes
                0x00000d5e       0x1d /home/tlegrand/Documents/Robotik/gcc4mbed-master/gcc-arm-none-eabi/bin/../lib/gcc/arm-none-eabi/4.7.3/armv7-m/crtn.o

.comment        0x00000000       0xe0
 .comment       0x00000000       0x70 LPC176x/./main.o
                                 0x71 (size before relaxing)
 .comment       0x00000000       0x71 LPC176x/gcc4mbed.o
 .comment       0x00000070       0x70 /home/tlegrand/Documents/Robotik/gcc4mbed-master/external/mbed/LPC1768/GCC_ARM/system_LPC17xx.o
                                 0x71 (size before relaxing)
 .comment       0x00000000       0x71 /home/tlegrand/Documents/Robotik/gcc4mbed-master/external/mbed/LPC1768/GCC_ARM/libmbed.a(exit.o)
 .comment       0x00000000       0x71 /home/tlegrand/Documents/Robotik/gcc4mbed-master/external/mbed/LPC1768/GCC_ARM/libmbed.a(mbed_interface.o)
 .comment       0x00000000       0x71 /home/tlegrand/Documents/Robotik/gcc4mbed-master/external/mbed/LPC1768/GCC_ARM/libmbed.a(semihost_api.o)
 .comment       0x00000000       0x71 /home/tlegrand/Documents/Robotik/gcc4mbed-master/external/mbed/LPC1768/GCC_ARM/libmbed.a(stdio.o)
 .comment       0x00000000       0x71 /home/tlegrand/Documents/Robotik/gcc4mbed-master/external/mbed/LPC1768/GCC_ARM/libmbed.a(board.o)
 .comment       0x00000000       0x71 /home/tlegrand/Documents/Robotik/gcc4mbed-master/external/mbed/LPC1768/GCC_ARM/libmbed.a(gpio_api.o)
 .comment       0x00000000       0x71 /home/tlegrand/Documents/Robotik/gcc4mbed-master/external/mbed/LPC1768/GCC_ARM/libmbed.a(pinmap.o)
 .comment       0x00000000       0x71 /home/tlegrand/Documents/Robotik/gcc4mbed-master/external/mbed/LPC1768/GCC_ARM/libmbed.a(semihost.o)
 .comment       0x00000000       0x71 /home/tlegrand/Documents/Robotik/gcc4mbed-master/external/mbed/LPC1768/GCC_ARM/libmbed.a(serial_api.o)
 .comment       0x00000000       0x71 /home/tlegrand/Documents/Robotik/gcc4mbed-master/external/mbed/LPC1768/GCC_ARM/libmbed.a(pinmap_common.o)
 .comment       0x00000000       0x71 /home/tlegrand/Documents/Robotik/gcc4mbed-master/external/mbed/LPC1768/GCC_ARM/libmbed.a(wait_api.o)
 .comment       0x00000000       0x71 /home/tlegrand/Documents/Robotik/gcc4mbed-master/external/mbed/LPC1768/GCC_ARM/libmbed.a(us_ticker_api.o)

.debug_info     0x00000000     0x1682
 .debug_info    0x00000000     0x1357 LPC176x/./main.o
 .debug_info    0x00001357      0x32b LPC176x/gcc4mbed.o

.debug_abbrev   0x00000000      0x458
 .debug_abbrev  0x00000000      0x2cb LPC176x/./main.o
 .debug_abbrev  0x000002cb      0x18d LPC176x/gcc4mbed.o

.debug_loc      0x00000000      0x180
 .debug_loc     0x00000000       0x20 LPC176x/./main.o
 .debug_loc     0x00000020      0x160 LPC176x/gcc4mbed.o

.debug_aranges  0x00000000       0x70
 .debug_aranges
                0x00000000       0x20 LPC176x/./main.o
 .debug_aranges
                0x00000020       0x50 LPC176x/gcc4mbed.o

.debug_ranges   0x00000000       0x50
 .debug_ranges  0x00000000       0x10 LPC176x/./main.o
 .debug_ranges  0x00000010       0x40 LPC176x/gcc4mbed.o

.debug_macro    0x00000000     0x3c77
 .debug_macro   0x00000000      0x47f LPC176x/./main.o
 .debug_macro   0x0000047f      0x838 LPC176x/./main.o
 .debug_macro   0x00000cb7       0x10 LPC176x/./main.o
 .debug_macro   0x00000cc7       0x10 LPC176x/./main.o
 .debug_macro   0x00000cd7       0x7c LPC176x/./main.o
 .debug_macro   0x00000d53       0x1c LPC176x/./main.o
 .debug_macro   0x00000d6f       0x3a LPC176x/./main.o
 .debug_macro   0x00000da9      0x214 LPC176x/./main.o
 .debug_macro   0x00000fbd       0x1f LPC176x/./main.o
 .debug_macro   0x00000fdc      0xbb1 LPC176x/./main.o
 .debug_macro   0x00001b8d      0x2c7 LPC176x/./main.o
 .debug_macro   0x00001e54       0x1c LPC176x/./main.o
 .debug_macro   0x00001e70       0x16 LPC176x/./main.o
 .debug_macro   0x00001e86       0xe3 LPC176x/./main.o
 .debug_macro   0x00001f69      0x314 LPC176x/./main.o
 .debug_macro   0x0000227d      0x16c LPC176x/./main.o
 .debug_macro   0x000023e9       0x3a LPC176x/./main.o
 .debug_macro   0x00002423       0x2e LPC176x/./main.o
 .debug_macro   0x00002451       0x94 LPC176x/./main.o
 .debug_macro   0x000024e5       0x10 LPC176x/./main.o
 .debug_macro   0x000024f5       0x35 LPC176x/./main.o
 .debug_macro   0x0000252a       0x3a LPC176x/./main.o
 .debug_macro   0x00002564       0x52 LPC176x/./main.o
 .debug_macro   0x000025b6       0x43 LPC176x/./main.o
 .debug_macro   0x000025f9      0x16d LPC176x/./main.o
 .debug_macro   0x00002766       0x16 LPC176x/./main.o
 .debug_macro   0x0000277c       0x23 LPC176x/./main.o
 .debug_macro   0x0000279f       0xac LPC176x/./main.o
 .debug_macro   0x0000284b       0x16 LPC176x/./main.o
 .debug_macro   0x00002861       0x10 LPC176x/./main.o
 .debug_macro   0x00002871       0x10 LPC176x/./main.o
 .debug_macro   0x00002881       0x22 LPC176x/./main.o
 .debug_macro   0x000028a3       0x91 LPC176x/./main.o
 .debug_macro   0x00002934       0x16 LPC176x/./main.o
 .debug_macro   0x0000294a      0x16d LPC176x/./main.o
 .debug_macro   0x00002ab7       0xfa LPC176x/./main.o
 .debug_macro   0x00002bb1       0x10 LPC176x/./main.o
 .debug_macro   0x00002bc1       0x1c LPC176x/./main.o
 .debug_macro   0x00002bdd       0x8e LPC176x/./main.o
 .debug_macro   0x00002c6b      0x1cc LPC176x/./main.o
 .debug_macro   0x00002e37       0x10 LPC176x/./main.o
 .debug_macro   0x00002e47       0x16 LPC176x/./main.o
 .debug_macro   0x00002e5d       0x34 LPC176x/./main.o
 .debug_macro   0x00002e91       0x10 LPC176x/./main.o
 .debug_macro   0x00002ea1      0x18e LPC176x/./main.o
 .debug_macro   0x0000302f      0x126 LPC176x/./main.o
 .debug_macro   0x00003155       0x10 LPC176x/./main.o
 .debug_macro   0x00003165       0x7c LPC176x/./main.o
 .debug_macro   0x000031e1       0xd8 LPC176x/gcc4mbed.o
 .debug_macro   0x000032b9      0x814 LPC176x/gcc4mbed.o
 .debug_macro   0x00003acd       0x94 LPC176x/gcc4mbed.o
 .debug_macro   0x00003b61       0x19 LPC176x/gcc4mbed.o
 .debug_macro   0x00003b7a       0x89 LPC176x/gcc4mbed.o
 .debug_macro   0x00003c03       0x22 LPC176x/gcc4mbed.o
 .debug_macro   0x00003c25       0x52 LPC176x/gcc4mbed.o

.debug_line     0x00000000      0xd6d
 .debug_line    0x00000000      0x983 LPC176x/./main.o
 .debug_line    0x00000983      0x3ea LPC176x/gcc4mbed.o

.debug_str      0x00000000     0xdfff
 .debug_str     0x00000000     0xdb9f LPC176x/./main.o
                               0xde1f (size before relaxing)
 .debug_str     0x0000db9f      0x460 LPC176x/gcc4mbed.o
                               0x4910 (size before relaxing)

.debug_frame    0x00000000      0xfe0
 .debug_frame   0x00000000       0x28 LPC176x/./main.o
 .debug_frame   0x00000028       0x98 LPC176x/gcc4mbed.o
 .debug_frame   0x000000c0       0x20 /home/tlegrand/Documents/Robotik/gcc4mbed-master/gcc-arm-none-eabi/bin/../lib/gcc/arm-none-eabi/4.7.3/../../../../arm-none-eabi/lib/armv7-m/libc_s.a(lib_a-errno.o)
 .debug_frame   0x000000e0       0x58 /home/tlegrand/Documents/Robotik/gcc4mbed-master/gcc-arm-none-eabi/bin/../lib/gcc/arm-none-eabi/4.7.3/../../../../arm-none-eabi/lib/armv7-m/libc_s.a(lib_a-fprintf.o)
 .debug_frame   0x00000138       0x2c /home/tlegrand/Documents/Robotik/gcc4mbed-master/gcc-arm-none-eabi/bin/../lib/gcc/arm-none-eabi/4.7.3/../../../../arm-none-eabi/lib/armv7-m/libc_s.a(lib_a-init.o)
 .debug_frame   0x00000164       0x30 /home/tlegrand/Documents/Robotik/gcc4mbed-master/gcc-arm-none-eabi/bin/../lib/gcc/arm-none-eabi/4.7.3/../../../../arm-none-eabi/lib/armv7-m/libc_s.a(lib_a-malloc.o)
 .debug_frame   0x00000194       0x2c /home/tlegrand/Documents/Robotik/gcc4mbed-master/gcc-arm-none-eabi/bin/../lib/gcc/arm-none-eabi/4.7.3/../../../../arm-none-eabi/lib/armv7-m/libc_s.a(lib_a-mallocr.o)
 .debug_frame   0x000001c0       0x28 /home/tlegrand/Documents/Robotik/gcc4mbed-master/gcc-arm-none-eabi/bin/../lib/gcc/arm-none-eabi/4.7.3/../../../../arm-none-eabi/lib/armv7-m/libc_s.a(lib_a-memcpy.o)
 .debug_frame   0x000001e8       0x20 /home/tlegrand/Documents/Robotik/gcc4mbed-master/gcc-arm-none-eabi/bin/../lib/gcc/arm-none-eabi/4.7.3/../../../../arm-none-eabi/lib/armv7-m/libc_s.a(lib_a-memset.o)
 .debug_frame   0x00000208       0x44 /home/tlegrand/Documents/Robotik/gcc4mbed-master/gcc-arm-none-eabi/bin/../lib/gcc/arm-none-eabi/4.7.3/../../../../arm-none-eabi/lib/armv7-m/libc_s.a(lib_a-puts.o)
 .debug_frame   0x0000024c       0x2c /home/tlegrand/Documents/Robotik/gcc4mbed-master/gcc-arm-none-eabi/bin/../lib/gcc/arm-none-eabi/4.7.3/../../../../arm-none-eabi/lib/armv7-m/libc_s.a(lib_a-sbrkr.o)
 .debug_frame   0x00000278       0x80 /home/tlegrand/Documents/Robotik/gcc4mbed-master/gcc-arm-none-eabi/bin/../lib/gcc/arm-none-eabi/4.7.3/../../../../arm-none-eabi/lib/armv7-m/libc_s.a(lib_a-stdio.o)
 .debug_frame   0x000002f8       0x20 /home/tlegrand/Documents/Robotik/gcc4mbed-master/gcc-arm-none-eabi/bin/../lib/gcc/arm-none-eabi/4.7.3/../../../../arm-none-eabi/lib/armv7-m/libc_s.a(lib_a-strlen.o)
 .debug_frame   0x00000318       0x2c /home/tlegrand/Documents/Robotik/gcc4mbed-master/gcc-arm-none-eabi/bin/../lib/gcc/arm-none-eabi/4.7.3/../../../../arm-none-eabi/lib/armv7-m/libc_s.a(lib_a-strncmp.o)
 .debug_frame   0x00000344       0x90 /home/tlegrand/Documents/Robotik/gcc4mbed-master/gcc-arm-none-eabi/bin/../lib/gcc/arm-none-eabi/4.7.3/../../../../arm-none-eabi/lib/armv7-m/libc_s.a(lib_a-vfprintf.o)
 .debug_frame   0x000003d4       0x80 /home/tlegrand/Documents/Robotik/gcc4mbed-master/gcc-arm-none-eabi/bin/../lib/gcc/arm-none-eabi/4.7.3/../../../../arm-none-eabi/lib/armv7-m/libc_s.a(lib_a-vfprintf_float.o)
 .debug_frame   0x00000454       0x58 /home/tlegrand/Documents/Robotik/gcc4mbed-master/gcc-arm-none-eabi/bin/../lib/gcc/arm-none-eabi/4.7.3/../../../../arm-none-eabi/lib/armv7-m/libc_s.a(lib_a-vfprintf_i.o)
 .debug_frame   0x000004ac       0x38 /home/tlegrand/Documents/Robotik/gcc4mbed-master/gcc-arm-none-eabi/bin/../lib/gcc/arm-none-eabi/4.7.3/../../../../arm-none-eabi/lib/armv7-m/libc_s.a(lib_a-vfscanf_float.o)
 .debug_frame   0x000004e4       0x3c /home/tlegrand/Documents/Robotik/gcc4mbed-master/gcc-arm-none-eabi/bin/../lib/gcc/arm-none-eabi/4.7.3/../../../../arm-none-eabi/lib/armv7-m/libc_s.a(lib_a-wbuf.o)
 .debug_frame   0x00000520       0x2c /home/tlegrand/Documents/Robotik/gcc4mbed-master/gcc-arm-none-eabi/bin/../lib/gcc/arm-none-eabi/4.7.3/../../../../arm-none-eabi/lib/armv7-m/libc_s.a(lib_a-writer.o)
 .debug_frame   0x0000054c       0x2c /home/tlegrand/Documents/Robotik/gcc4mbed-master/gcc-arm-none-eabi/bin/../lib/gcc/arm-none-eabi/4.7.3/../../../../arm-none-eabi/lib/armv7-m/libc_s.a(lib_a-wsetup.o)
 .debug_frame   0x00000578       0x2c /home/tlegrand/Documents/Robotik/gcc4mbed-master/gcc-arm-none-eabi/bin/../lib/gcc/arm-none-eabi/4.7.3/../../../../arm-none-eabi/lib/armv7-m/libc_s.a(lib_a-closer.o)
 .debug_frame   0x000005a4       0x68 /home/tlegrand/Documents/Robotik/gcc4mbed-master/gcc-arm-none-eabi/bin/../lib/gcc/arm-none-eabi/4.7.3/../../../../arm-none-eabi/lib/armv7-m/libc_s.a(lib_a-dtoa.o)
 .debug_frame   0x0000060c       0x40 /home/tlegrand/Documents/Robotik/gcc4mbed-master/gcc-arm-none-eabi/bin/../lib/gcc/arm-none-eabi/4.7.3/../../../../arm-none-eabi/lib/armv7-m/libc_s.a(lib_a-fflush.o)
 .debug_frame   0x0000064c      0x130 /home/tlegrand/Documents/Robotik/gcc4mbed-master/gcc-arm-none-eabi/bin/../lib/gcc/arm-none-eabi/4.7.3/../../../../arm-none-eabi/lib/armv7-m/libc_s.a(lib_a-findfp.o)
 .debug_frame   0x0000077c       0x2c /home/tlegrand/Documents/Robotik/gcc4mbed-master/gcc-arm-none-eabi/bin/../lib/gcc/arm-none-eabi/4.7.3/../../../../arm-none-eabi/lib/armv7-m/libc_s.a(lib_a-freer.o)
 .debug_frame   0x000007a8       0x98 /home/tlegrand/Documents/Robotik/gcc4mbed-master/gcc-arm-none-eabi/bin/../lib/gcc/arm-none-eabi/4.7.3/../../../../arm-none-eabi/lib/armv7-m/libc_s.a(lib_a-locale.o)
 .debug_frame   0x00000840       0x2c /home/tlegrand/Documents/Robotik/gcc4mbed-master/gcc-arm-none-eabi/bin/../lib/gcc/arm-none-eabi/4.7.3/../../../../arm-none-eabi/lib/armv7-m/libc_s.a(lib_a-lseekr.o)
 .debug_frame   0x0000086c       0x30 /home/tlegrand/Documents/Robotik/gcc4mbed-master/gcc-arm-none-eabi/bin/../lib/gcc/arm-none-eabi/4.7.3/../../../../arm-none-eabi/lib/armv7-m/libc_s.a(lib_a-makebuf.o)
 .debug_frame   0x0000089c       0x28 /home/tlegrand/Documents/Robotik/gcc4mbed-master/gcc-arm-none-eabi/bin/../lib/gcc/arm-none-eabi/4.7.3/../../../../arm-none-eabi/lib/armv7-m/libc_s.a(lib_a-memchr.o)
 .debug_frame   0x000008c4      0x23c /home/tlegrand/Documents/Robotik/gcc4mbed-master/gcc-arm-none-eabi/bin/../lib/gcc/arm-none-eabi/4.7.3/../../../../arm-none-eabi/lib/armv7-m/libc_s.a(lib_a-mprec.o)
 .debug_frame   0x00000b00       0x3c /home/tlegrand/Documents/Robotik/gcc4mbed-master/gcc-arm-none-eabi/bin/../lib/gcc/arm-none-eabi/4.7.3/../../../../arm-none-eabi/lib/armv7-m/libc_s.a(lib_a-putc.o)
 .debug_frame   0x00000b3c       0x2c /home/tlegrand/Documents/Robotik/gcc4mbed-master/gcc-arm-none-eabi/bin/../lib/gcc/arm-none-eabi/4.7.3/../../../../arm-none-eabi/lib/armv7-m/libc_s.a(lib_a-readr.o)
 .debug_frame   0x00000b68       0x30 /home/tlegrand/Documents/Robotik/gcc4mbed-master/gcc-arm-none-eabi/bin/../lib/gcc/arm-none-eabi/4.7.3/../../../../arm-none-eabi/lib/armv7-m/libc_s.a(lib_a-reallocr.o)
 .debug_frame   0x00000b98       0x64 /home/tlegrand/Documents/Robotik/gcc4mbed-master/gcc-arm-none-eabi/bin/../lib/gcc/arm-none-eabi/4.7.3/../../../../arm-none-eabi/lib/armv7-m/libc_s.a(lib_a-reent.o)
 .debug_frame   0x00000bfc       0x20 /home/tlegrand/Documents/Robotik/gcc4mbed-master/gcc-arm-none-eabi/bin/../lib/gcc/arm-none-eabi/4.7.3/../../../../arm-none-eabi/lib/armv7-m/libc_s.a(lib_a-s_fpclassify.o)
 .debug_frame   0x00000c1c       0x20 /home/tlegrand/Documents/Robotik/gcc4mbed-master/gcc-arm-none-eabi/bin/../lib/gcc/arm-none-eabi/4.7.3/../../../../arm-none-eabi/lib/armv7-m/libc_s.a(lib_a-sf_nan.o)
 .debug_frame   0x00000c3c       0x58 /home/tlegrand/Documents/Robotik/gcc4mbed-master/gcc-arm-none-eabi/bin/../lib/gcc/arm-none-eabi/4.7.3/../../../../arm-none-eabi/lib/armv7-m/libc_s.a(lib_a-sprintf.o)
 .debug_frame   0x00000c94       0x84 /home/tlegrand/Documents/Robotik/gcc4mbed-master/gcc-arm-none-eabi/bin/../lib/gcc/arm-none-eabi/4.7.3/../../../../arm-none-eabi/lib/armv7-m/libc_s.a(lib_a-strtod.o)
 .debug_frame   0x00000d18       0x58 /home/tlegrand/Documents/Robotik/gcc4mbed-master/gcc-arm-none-eabi/bin/../lib/gcc/arm-none-eabi/4.7.3/../../../../arm-none-eabi/lib/armv7-m/libc_s.a(lib_a-strtol.o)
 .debug_frame   0x00000d70       0x88 /home/tlegrand/Documents/Robotik/gcc4mbed-master/gcc-arm-none-eabi/bin/../lib/gcc/arm-none-eabi/4.7.3/../../../../arm-none-eabi/lib/armv7-m/libc_s.a(lib_a-svfprintf.o)
 .debug_frame   0x00000df8       0x2c /home/tlegrand/Documents/Robotik/gcc4mbed-master/gcc-arm-none-eabi/bin/../lib/gcc/arm-none-eabi/4.7.3/../../../../arm-none-eabi/lib/armv7-m/libc_s.a(lib_a-callocr.o)
 .debug_frame   0x00000e24       0x2c /home/tlegrand/Documents/Robotik/gcc4mbed-master/gcc-arm-none-eabi/bin/../lib/gcc/arm-none-eabi/4.7.3/../../../../arm-none-eabi/lib/armv7-m/libc_s.a(lib_a-fstatr.o)
 .debug_frame   0x00000e50       0x8c /home/tlegrand/Documents/Robotik/gcc4mbed-master/gcc-arm-none-eabi/bin/../lib/gcc/arm-none-eabi/4.7.3/../../../../arm-none-eabi/lib/armv7-m/libc_s.a(lib_a-gdtoa-gethex.o)
 .debug_frame   0x00000edc       0x58 /home/tlegrand/Documents/Robotik/gcc4mbed-master/gcc-arm-none-eabi/bin/../lib/gcc/arm-none-eabi/4.7.3/../../../../arm-none-eabi/lib/armv7-m/libc_s.a(lib_a-gdtoa-hexnan.o)
 .debug_frame   0x00000f34       0x2c /home/tlegrand/Documents/Robotik/gcc4mbed-master/gcc-arm-none-eabi/bin/../lib/gcc/arm-none-eabi/4.7.3/../../../../arm-none-eabi/lib/armv7-m/libc_s.a(lib_a-isattyr.o)
 .debug_frame   0x00000f60       0x20 /home/tlegrand/Documents/Robotik/gcc4mbed-master/gcc-arm-none-eabi/bin/../lib/gcc/arm-none-eabi/4.7.3/../../../../arm-none-eabi/lib/armv7-m/libc_s.a(lib_a-msizer.o)
 .debug_frame   0x00000f80       0x20 /home/tlegrand/Documents/Robotik/gcc4mbed-master/gcc-arm-none-eabi/bin/../lib/gcc/arm-none-eabi/4.7.3/../../../../arm-none-eabi/lib/armv7-m/libnosys.a(isatty.o)
 .debug_frame   0x00000fa0       0x20 /home/tlegrand/Documents/Robotik/gcc4mbed-master/gcc-arm-none-eabi/bin/../lib/gcc/arm-none-eabi/4.7.3/../../../../arm-none-eabi/lib/armv7-m/libnosys.a(sbrk.o)
 .debug_frame   0x00000fc0       0x20 /home/tlegrand/Documents/Robotik/gcc4mbed-master/gcc-arm-none-eabi/bin/../lib/gcc/arm-none-eabi/4.7.3/../../../../arm-none-eabi/lib/armv7-m/libm.a(lib_a-s_fabs.o)

.stab           0x00000000       0x24
 .stab          0x00000000       0x24 /home/tlegrand/Documents/Robotik/gcc4mbed-master/gcc-arm-none-eabi/bin/../lib/gcc/arm-none-eabi/4.7.3/../../../../arm-none-eabi/lib/armv7-m/libnosys.a(isatty.o)

.stabstr        0x00000000       0x42
 .stabstr       0x00000000       0x42 /home/tlegrand/Documents/Robotik/gcc4mbed-master/gcc-arm-none-eabi/bin/../lib/gcc/arm-none-eabi/4.7.3/../../../../arm-none-eabi/lib/armv7-m/libnosys.a(isatty.o)

Cross Reference Table

Symbol                                            File
ADC_IRQHandler                                    /home/tlegrand/Documents/Robotik/gcc4mbed-master/external/mbed/LPC1768/GCC_ARM/startup_LPC17xx.o
BOD_IRQHandler                                    /home/tlegrand/Documents/Robotik/gcc4mbed-master/external/mbed/LPC1768/GCC_ARM/startup_LPC17xx.o
BusFault_Handler                                  /home/tlegrand/Documents/Robotik/gcc4mbed-master/external/mbed/LPC1768/GCC_ARM/startup_LPC17xx.o
CANActivity_IRQHandler                            /home/tlegrand/Documents/Robotik/gcc4mbed-master/external/mbed/LPC1768/GCC_ARM/startup_LPC17xx.o
CAN_IRQHandler                                    /home/tlegrand/Documents/Robotik/gcc4mbed-master/external/mbed/LPC1768/GCC_ARM/startup_LPC17xx.o
DEF_IRQHandler                                    /home/tlegrand/Documents/Robotik/gcc4mbed-master/external/mbed/LPC1768/GCC_ARM/startup_LPC17xx.o
DMA_IRQHandler                                    /home/tlegrand/Documents/Robotik/gcc4mbed-master/external/mbed/LPC1768/GCC_ARM/startup_LPC17xx.o
DebugMon_Handler                                  /home/tlegrand/Documents/Robotik/gcc4mbed-master/external/mbed/LPC1768/GCC_ARM/startup_LPC17xx.o
Default_Handler                                   /home/tlegrand/Documents/Robotik/gcc4mbed-master/external/mbed/LPC1768/GCC_ARM/startup_LPC17xx.o
EINT0_IRQHandler                                  /home/tlegrand/Documents/Robotik/gcc4mbed-master/external/mbed/LPC1768/GCC_ARM/startup_LPC17xx.o
EINT1_IRQHandler                                  /home/tlegrand/Documents/Robotik/gcc4mbed-master/external/mbed/LPC1768/GCC_ARM/startup_LPC17xx.o
EINT2_IRQHandler                                  /home/tlegrand/Documents/Robotik/gcc4mbed-master/external/mbed/LPC1768/GCC_ARM/startup_LPC17xx.o
EINT3_IRQHandler                                  /home/tlegrand/Documents/Robotik/gcc4mbed-master/external/mbed/LPC1768/GCC_ARM/startup_LPC17xx.o
ENET_IRQHandler                                   /home/tlegrand/Documents/Robotik/gcc4mbed-master/external/mbed/LPC1768/GCC_ARM/startup_LPC17xx.o
HardFault_Handler                                 /home/tlegrand/Documents/Robotik/gcc4mbed-master/external/mbed/LPC1768/GCC_ARM/startup_LPC17xx.o
I2C0_IRQHandler                                   /home/tlegrand/Documents/Robotik/gcc4mbed-master/external/mbed/LPC1768/GCC_ARM/startup_LPC17xx.o
I2C1_IRQHandler                                   /home/tlegrand/Documents/Robotik/gcc4mbed-master/external/mbed/LPC1768/GCC_ARM/startup_LPC17xx.o
I2C2_IRQHandler                                   /home/tlegrand/Documents/Robotik/gcc4mbed-master/external/mbed/LPC1768/GCC_ARM/startup_LPC17xx.o
I2S_IRQHandler                                    /home/tlegrand/Documents/Robotik/gcc4mbed-master/external/mbed/LPC1768/GCC_ARM/startup_LPC17xx.o
MCPWM_IRQHandler                                  /home/tlegrand/Documents/Robotik/gcc4mbed-master/external/mbed/LPC1768/GCC_ARM/startup_LPC17xx.o
MemManage_Handler                                 /home/tlegrand/Documents/Robotik/gcc4mbed-master/external/mbed/LPC1768/GCC_ARM/startup_LPC17xx.o
NMI_Handler                                       /home/tlegrand/Documents/Robotik/gcc4mbed-master/external/mbed/LPC1768/GCC_ARM/startup_LPC17xx.o
NVIC_GetVector                                    /home/tlegrand/Documents/Robotik/gcc4mbed-master/external/mbed/LPC1768/GCC_ARM/cmsis_nvic.o
NVIC_SetVector                                    /home/tlegrand/Documents/Robotik/gcc4mbed-master/external/mbed/LPC1768/GCC_ARM/cmsis_nvic.o
                                                  /home/tlegrand/Documents/Robotik/gcc4mbed-master/external/mbed/LPC1768/GCC_ARM/libmbed.a(us_ticker_api.o)
                                                  /home/tlegrand/Documents/Robotik/gcc4mbed-master/external/mbed/LPC1768/GCC_ARM/libmbed.a(serial_api.o)
PLL0_IRQHandler                                   /home/tlegrand/Documents/Robotik/gcc4mbed-master/external/mbed/LPC1768/GCC_ARM/startup_LPC17xx.o
PLL1_IRQHandler                                   /home/tlegrand/Documents/Robotik/gcc4mbed-master/external/mbed/LPC1768/GCC_ARM/startup_LPC17xx.o
PWM1_IRQHandler                                   /home/tlegrand/Documents/Robotik/gcc4mbed-master/external/mbed/LPC1768/GCC_ARM/startup_LPC17xx.o
PendSV_Handler                                    /home/tlegrand/Documents/Robotik/gcc4mbed-master/external/mbed/LPC1768/GCC_ARM/startup_LPC17xx.o
QEI_IRQHandler                                    /home/tlegrand/Documents/Robotik/gcc4mbed-master/external/mbed/LPC1768/GCC_ARM/startup_LPC17xx.o
RIT_IRQHandler                                    /home/tlegrand/Documents/Robotik/gcc4mbed-master/external/mbed/LPC1768/GCC_ARM/startup_LPC17xx.o
RTC_IRQHandler                                    /home/tlegrand/Documents/Robotik/gcc4mbed-master/external/mbed/LPC1768/GCC_ARM/startup_LPC17xx.o
Reset_Handler                                     /home/tlegrand/Documents/Robotik/gcc4mbed-master/external/mbed/LPC1768/GCC_ARM/startup_LPC17xx.o
SPI_IRQHandler                                    /home/tlegrand/Documents/Robotik/gcc4mbed-master/external/mbed/LPC1768/GCC_ARM/startup_LPC17xx.o
SSP0_IRQHandler                                   /home/tlegrand/Documents/Robotik/gcc4mbed-master/external/mbed/LPC1768/GCC_ARM/startup_LPC17xx.o
SSP1_IRQHandler                                   /home/tlegrand/Documents/Robotik/gcc4mbed-master/external/mbed/LPC1768/GCC_ARM/startup_LPC17xx.o
SVC_Handler                                       /home/tlegrand/Documents/Robotik/gcc4mbed-master/external/mbed/LPC1768/GCC_ARM/startup_LPC17xx.o
SysTick_Handler                                   /home/tlegrand/Documents/Robotik/gcc4mbed-master/external/mbed/LPC1768/GCC_ARM/startup_LPC17xx.o
SystemCoreClock                                   /home/tlegrand/Documents/Robotik/gcc4mbed-master/external/mbed/LPC1768/GCC_ARM/system_LPC17xx.o
                                                  /home/tlegrand/Documents/Robotik/gcc4mbed-master/external/mbed/LPC1768/GCC_ARM/libmbed.a(us_ticker_api.o)
                                                  /home/tlegrand/Documents/Robotik/gcc4mbed-master/external/mbed/LPC1768/GCC_ARM/libmbed.a(serial_api.o)
SystemCoreClockUpdate                             /home/tlegrand/Documents/Robotik/gcc4mbed-master/external/mbed/LPC1768/GCC_ARM/system_LPC17xx.o
SystemInit                                        /home/tlegrand/Documents/Robotik/gcc4mbed-master/external/mbed/LPC1768/GCC_ARM/system_LPC17xx.o
                                                  /home/tlegrand/Documents/Robotik/gcc4mbed-master/external/mbed/LPC1768/GCC_ARM/startup_LPC17xx.o