Archive member included because of file (symbol)

/home/tlegrand/Documents/Robotik/gcc4mbed-master/external/mbed/LPC1768/GCC_ARM/libmbed.a(gpio_irq_api.o)
                              LPC176x/./MaxbotixDriver/sonar.o (gpio_irq_set)
/home/tlegrand/Documents/Robotik/gcc4mbed-master/external/mbed/LPC1768/GCC_ARM/libmbed.a(exit.o)
                              LPC176x/gcc4mbed.o (exit)
/home/tlegrand/Documents/Robotik/gcc4mbed-master/external/mbed/LPC1768/GCC_ARM/libmbed.a(mbed_interface.o)
                              /home/tlegrand/Documents/Robotik/gcc4mbed-master/external/mbed/LPC1768/GCC_ARM/libmbed.a(exit.o) (mbed_interface_connected)
/home/tlegrand/Documents/Robotik/gcc4mbed-master/external/mbed/LPC1768/GCC_ARM/libmbed.a(semihost_api.o)
                              /home/tlegrand/Documents/Robotik/gcc4mbed-master/external/mbed/LPC1768/GCC_ARM/libmbed.a(exit.o) (semihost_exit)
/home/tlegrand/Documents/Robotik/gcc4mbed-master/external/mbed/LPC1768/GCC_ARM/libmbed.a(wait_api.o)
                              LPC176x/./main.o (wait_us)
/home/tlegrand/Documents/Robotik/gcc4mbed-master/external/mbed/LPC1768/GCC_ARM/libmbed.a(InterruptIn.o)
                              LPC176x/./MaxbotixDriver/sonar.o (mbed::InterruptIn::InterruptIn(PinName))
/home/tlegrand/Documents/Robotik/gcc4mbed-master/external/mbed/LPC1768/GCC_ARM/libmbed.a(stdio.o)
                              /home/tlegrand/Documents/Robotik/gcc4mbed-master/external/mbed/LPC1768/GCC_ARM/system_LPC17xx.o (stdio_retargeting_module)
/home/tlegrand/Documents/Robotik/gcc4mbed-master/external/mbed/LPC1768/GCC_ARM/libmbed.a(Timer.o)
                              LPC176x/./MaxbotixDriver/sonar.o (mbed::Timer::read_us())
/home/tlegrand/Documents/Robotik/gcc4mbed-master/external/mbed/LPC1768/GCC_ARM/libmbed.a(board.o)
                              /home/tlegrand/Documents/Robotik/gcc4mbed-master/external/mbed/LPC1768/GCC_ARM/libmbed.a(exit.o) (mbed_die)
/home/tlegrand/Documents/Robotik/gcc4mbed-master/external/mbed/LPC1768/GCC_ARM/libmbed.a(gpio_api.o)
                              /home/tlegrand/Documents/Robotik/gcc4mbed-master/external/mbed/LPC1768/GCC_ARM/libmbed.a(InterruptIn.o) (gpio_mode)
/home/tlegrand/Documents/Robotik/gcc4mbed-master/external/mbed/LPC1768/GCC_ARM/libmbed.a(pinmap.o)
                              /home/tlegrand/Documents/Robotik/gcc4mbed-master/external/mbed/LPC1768/GCC_ARM/libmbed.a(gpio_api.o) (pin_function)
/home/tlegrand/Documents/Robotik/gcc4mbed-master/external/mbed/LPC1768/GCC_ARM/libmbed.a(semihost.o)
                              /home/tlegrand/Documents/Robotik/gcc4mbed-master/external/mbed/LPC1768/GCC_ARM/libmbed.a(mbed_interface.o) (semihost_connected)
/home/tlegrand/Documents/Robotik/gcc4mbed-master/external/mbed/LPC1768/GCC_ARM/libmbed.a(serial_api.o)
                              /home/tlegrand/Documents/Robotik/gcc4mbed-master/external/mbed/LPC1768/GCC_ARM/libmbed.a(stdio.o) (serial_baud)
/home/tlegrand/Documents/Robotik/gcc4mbed-master/external/mbed/LPC1768/GCC_ARM/libmbed.a(us_ticker_api.o)
                              /home/tlegrand/Documents/Robotik/gcc4mbed-master/external/mbed/LPC1768/GCC_ARM/libmbed.a(wait_api.o) (us_ticker_read)
/home/tlegrand/Documents/Robotik/gcc4mbed-master/external/mbed/LPC1768/GCC_ARM/libmbed.a(pinmap_common.o)
                              /home/tlegrand/Documents/Robotik/gcc4mbed-master/external/mbed/LPC1768/GCC_ARM/libmbed.a(serial_api.o) (pinmap_pinout)
/home/tlegrand/Documents/Robotik/gcc4mbed-master/external/mbed/LPC1768/GCC_ARM/libmbed.a(FilePath.o)
                              /home/tlegrand/Documents/Robotik/gcc4mbed-master/external/mbed/LPC1768/GCC_ARM/libmbed.a(stdio.o) (mbed::FilePath::FilePath(char const*))
/home/tlegrand/Documents/Robotik/gcc4mbed-master/external/mbed/LPC1768/GCC_ARM/libmbed.a(FileSystemLike.o)
                              /home/tlegrand/Documents/Robotik/gcc4mbed-master/external/mbed/LPC1768/GCC_ARM/libmbed.a(stdio.o) (mbed::FileSystemLike::opendir())
/home/tlegrand/Documents/Robotik/gcc4mbed-master/external/mbed/LPC1768/GCC_ARM/libmbed.a(FunctionPointer.o)
                              /home/tlegrand/Documents/Robotik/gcc4mbed-master/external/mbed/LPC1768/GCC_ARM/libmbed.a(InterruptIn.o) (mbed::FunctionPointer::FunctionPointer(void (*)()))
/home/tlegrand/Documents/Robotik/gcc4mbed-master/external/mbed/LPC1768/GCC_ARM/libmbed.a(FileBase.o)
                              /home/tlegrand/Documents/Robotik/gcc4mbed-master/external/mbed/LPC1768/GCC_ARM/libmbed.a(FileSystemLike.o) (mbed::FileBase::~FileBase())
/home/tlegrand/Documents/Robotik/gcc4mbed-master/gcc-arm-none-eabi/bin/../lib/gcc/arm-none-eabi/4.7.3/../../../../arm-none-eabi/lib/armv7-m/libstdc++_s.a(si_class_type_info.o)
                              /home/tlegrand/Documents/Robotik/gcc4mbed-master/external/mbed/LPC1768/GCC_ARM/libmbed.a(FileSystemLike.o) (vtable for __cxxabiv1::__si_class_type_info)
[...]
Memory Configuration

Name             Origin             Length             Attributes
FLASH            0x00000000         0x00080000         xr
RAM              0x100000c8         0x00007f38         xrw
USB_RAM          0x2007c000         0x00004000         xrw
ETH_RAM          0x20080000         0x00004000         xrw
*default*        0x00000000         0xffffffff

Linker script and memory map

LOAD /home/tlegrand/Documents/Robotik/gcc4mbed-master/gcc-arm-none-eabi/bin/../lib/gcc/arm-none-eabi/4.7.3/armv7-m/crti.o
LOAD /home/tlegrand/Documents/Robotik/gcc4mbed-master/gcc-arm-none-eabi/bin/../lib/gcc/arm-none-eabi/4.7.3/armv7-m/crtbegin.o
LOAD LPC176x/./main.o
LOAD LPC176x/./MaxbotixDriver/sonar.o
LOAD LPC176x/gcc4mbed.o
LOAD /home/tlegrand/Documents/Robotik/gcc4mbed-master/external/mbed/LPC1768/GCC_ARM/startup_LPC17xx.o
LOAD /home/tlegrand/Documents/Robotik/gcc4mbed-master/external/mbed/LPC1768/GCC_ARM/cmsis_nvic.o
LOAD /home/tlegrand/Documents/Robotik/gcc4mbed-master/external/mbed/LPC1768/GCC_ARM/core_cm3.o
LOAD /home/tlegrand/Documents/Robotik/gcc4mbed-master/external/mbed/LPC1768/GCC_ARM/system_LPC17xx.o
LOAD /home/tlegrand/Documents/Robotik/gcc4mbed-master/external/mbed/LPC1768/GCC_ARM/libmbed.a
LOAD /home/tlegrand/Documents/Robotik/gcc4mbed-master/gcc-arm-none-eabi/bin/../lib/gcc/arm-none-eabi/4.7.3/../../../../arm-none-eabi/lib/armv7-m/libstdc++_s.a
LOAD /home/tlegrand/Documents/Robotik/gcc4mbed-master/gcc-arm-none-eabi/bin/../lib/gcc/arm-none-eabi/4.7.3/../../../../arm-none-eabi/lib/armv7-m/libsupc++_s.a
LOAD /home/tlegrand/Documents/Robotik/gcc4mbed-master/gcc-arm-none-eabi/bin/../lib/gcc/arm-none-eabi/4.7.3/armv7-m/libgcc.a
LOAD /home/tlegrand/Documents/Robotik/gcc4mbed-master/gcc-arm-none-eabi/bin/../lib/gcc/arm-none-eabi/4.7.3/../../../../arm-none-eabi/lib/armv7-m/libc_s.a
LOAD /home/tlegrand/Documents/Robotik/gcc4mbed-master/gcc-arm-none-eabi/bin/../lib/gcc/arm-none-eabi/4.7.3/armv7-m/libgcc.a
LOAD /home/tlegrand/Documents/Robotik/gcc4mbed-master/gcc-arm-none-eabi/bin/../lib/gcc/arm-none-eabi/4.7.3/../../../../arm-none-eabi/lib/armv7-m/libc_s.a
LOAD /home/tlegrand/Documents/Robotik/gcc4mbed-master/gcc-arm-none-eabi/bin/../lib/gcc/arm-none-eabi/4.7.3/../../../../arm-none-eabi/lib/armv7-m/libnosys.a
LOAD /home/tlegrand/Documents/Robotik/gcc4mbed-master/gcc-arm-none-eabi/bin/../lib/gcc/arm-none-eabi/4.7.3/../../../../arm-none-eabi/lib/armv7-m/libstdc++.a
LOAD /home/tlegrand/Documents/Robotik/gcc4mbed-master/gcc-arm-none-eabi/bin/../lib/gcc/arm-none-eabi/4.7.3/../../../../arm-none-eabi/lib/armv7-m/libm.a
START GROUP
LOAD /home/tlegrand/Documents/Robotik/gcc4mbed-master/gcc-arm-none-eabi/bin/../lib/gcc/arm-none-eabi/4.7.3/armv7-m/libgcc.a
LOAD /home/tlegrand/Documents/Robotik/gcc4mbed-master/gcc-arm-none-eabi/bin/../lib/gcc/arm-none-eabi/4.7.3/../../../../arm-none-eabi/lib/armv7-m/libc.a
END GROUP
LOAD /home/tlegrand/Documents/Robotik/gcc4mbed-master/gcc-arm-none-eabi/bin/../lib/gcc/arm-none-eabi/4.7.3/armv7-m/crtend.o
LOAD /home/tlegrand/Documents/Robotik/gcc4mbed-master/gcc-arm-none-eabi/bin/../lib/gcc/arm-none-eabi/4.7.3/armv7-m/crtn.o

.text           0x00000000     0x7210
 *(.isr_vector)
 .isr_vector    0x00000000       0xcc /home/tlegrand/Documents/Robotik/gcc4mbed-master/external/mbed/LPC1768/GCC_ARM/startup_LPC17xx.o
                0x00000000                __isr_vector
 *(.text*)
 .text          0x000000cc       0x54 /home/tlegrand/Documents/Robotik/gcc4mbed-master/gcc-arm-none-eabi/bin/../lib/gcc/arm-none-eabi/4.7.3/armv7-m/crtbegin.o
 .text.startup.main
                0x00000120       0x50 LPC176x/./main.o
                0x00000120                main
 .text._ZN5Sonar9pulseStopEv
                0x00000170       0x2c LPC176x/./MaxbotixDriver/sonar.o
                0x00000170                Sonar::pulseStop()
 .text._ZN5Sonar10pulseStartEv
                0x0000019c       0x10 LPC176x/./MaxbotixDriver/sonar.o
                0x0000019c                Sonar::pulseStart()
 .text._ZN4mbed15FunctionPointer12membercallerI5SonarEEvPvPc
                0x000001ac       0x30 LPC176x/./MaxbotixDriver/sonar.o
                0x000001ac                void mbed::FunctionPointer::membercaller<Sonar>(void*, char*)
 .text._ZN5SonarC2E7PinNameRN4mbed5TimerE
                0x000001dc       0x60 LPC176x/./MaxbotixDriver/sonar.o
                0x000001dc                Sonar::Sonar(PinName, mbed::Timer&)
                0x000001dc                Sonar::Sonar(PinName, mbed::Timer&)
 .text._ZN5SonarcviEv
                0x0000023c        0x4 LPC176x/./MaxbotixDriver/sonar.o
                0x0000023c                Sonar::operator int()
 .text._start   0x00000240       0x2c LPC176x/gcc4mbed.o
                0x00000240                _start
 .text.__wrap__isatty
                0x0000026c        0xc LPC176x/gcc4mbed.o
                0x0000026c                __wrap__isatty
 .text          0x00000278       0x90 /home/tlegrand/Documents/Robotik/gcc4mbed-master/external/mbed/LPC1768/GCC_ARM/startup_LPC17xx.o
                0x00000278                Reset_Handler
                0x000002ac                NMI_Handler
                0x000002ae                HardFault_Handler
                0x000002b0                MemManage_Handler
                0x000002b2                BusFault_Handler
                0x000002b4                UsageFault_Handler
                0x000002b6                SVC_Handler
                0x000002b8                DebugMon_Handler
                0x000002ba                PendSV_Handler
                0x000002bc                SysTick_Handler
                0x000002be                Default_Handler
                0x000002be                DEF_IRQHandler
                0x000002c0                WDT_IRQHandler
                0x000002c2                TIMER0_IRQHandler
                0x000002c4                TIMER1_IRQHandler
                0x000002c6                TIMER2_IRQHandler
                0x000002c8                TIMER3_IRQHandler
                0x000002ca                UART0_IRQHandler
                0x000002cc                UART1_IRQHandler
                0x000002ce                UART2_IRQHandler
                0x000002d0                UART3_IRQHandler
                0x000002d2                PWM1_IRQHandler
                0x000002d4                I2C0_IRQHandler
                0x000002d6                I2C1_IRQHandler
                0x000002d8                I2C2_IRQHandler
                0x000002da                SPI_IRQHandler
                0x000002dc                SSP0_IRQHandler
                0x000002de                SSP1_IRQHandler
                0x000002e0                PLL0_IRQHandler
                0x000002e2                RTC_IRQHandler
                0x000002e4                EINT0_IRQHandler
                0x000002e6                EINT1_IRQHandler
                0x000002e8                EINT2_IRQHandler
                0x000002ea                EINT3_IRQHandler
                0x000002ec                ADC_IRQHandler
                0x000002ee                BOD_IRQHandler
                0x000002f0                USB_IRQHandler
                0x000002f2                CAN_IRQHandler
                0x000002f4                DMA_IRQHandler
                0x000002f6                I2S_IRQHandler
                0x000002f8                ENET_IRQHandler
                0x000002fa                RIT_IRQHandler
                0x000002fc                MCPWM_IRQHandler
                0x000002fe                QEI_IRQHandler
                0x00000300                PLL1_IRQHandler
                0x00000302                USBActivity_IRQHandler
                0x00000304                CANActivity_IRQHandler
 .text.NVIC_SetVector
                0x00000308       0x58 /home/tlegrand/Documents/Robotik/gcc4mbed-master/external/mbed/LPC1768/GCC_ARM/cmsis_nvic.o
                0x00000308                NVIC_SetVector
 .text.SystemInit
                0x00000360       0xdc /home/tlegrand/Documents/Robotik/gcc4mbed-master/external/mbed/LPC1768/GCC_ARM/system_LPC17xx.o
                0x00000360                SystemInit
 .text.handle_interrupt_in
                0x0000043c      0x4ec /home/tlegrand/Documents/Robotik/gcc4mbed-master/external/mbed/LPC1768/GCC_ARM/libmbed.a(gpio_irq_api.o)
 .text.gpio_irq_init
                0x00000928       0x80 /home/tlegrand/Documents/Robotik/gcc4mbed-master/external/mbed/LPC1768/GCC_ARM/libmbed.a(gpio_irq_api.o)
                0x00000928                gpio_irq_init
 .text.gpio_irq_free
                0x000009a8       0x14 /home/tlegrand/Documents/Robotik/gcc4mbed-master/external/mbed/LPC1768/GCC_ARM/libmbed.a(gpio_irq_api.o)
                0x000009a8                gpio_irq_free
 .text.gpio_irq_set
                0x000009bc      0x124 /home/tlegrand/Documents/Robotik/gcc4mbed-master/external/mbed/LPC1768/GCC_ARM/libmbed.a(gpio_irq_api.o)
                0x000009bc                gpio_irq_set
 .text.exit     0x00000ae0       0x1c /home/tlegrand/Documents/Robotik/gcc4mbed-master/external/mbed/LPC1768/GCC_ARM/libmbed.a(exit.o)
                0x00000ae0                exit
 .text.mbed_interface_connected
                0x00000afc        0x4 /home/tlegrand/Documents/Robotik/gcc4mbed-master/external/mbed/LPC1768/GCC_ARM/libmbed.a(mbed_interface.o)
                0x00000afc                mbed_interface_connected
 .text.semihost_exit
                0x00000b00       0x18 /home/tlegrand/Documents/Robotik/gcc4mbed-master/external/mbed/LPC1768/GCC_ARM/libmbed.a(semihost_api.o)
                0x00000b00                semihost_exit
 .text.wait_us  0x00000b18       0x18 /home/tlegrand/Documents/Robotik/gcc4mbed-master/external/mbed/LPC1768/GCC_ARM/libmbed.a(wait_api.o)
                0x00000b18                wait_us
 .text.wait_ms  0x00000b30        0xc /home/tlegrand/Documents/Robotik/gcc4mbed-master/external/mbed/LPC1768/GCC_ARM/libmbed.a(wait_api.o)
                0x00000b30                wait_ms
 .text._ZN4mbed11InterruptIn12_irq_handlerEm14gpio_irq_event
                0x00000b3c       0x18 /home/tlegrand/Documents/Robotik/gcc4mbed-master/external/mbed/LPC1768/GCC_ARM/libmbed.a(InterruptIn.o)
                0x00000b3c                mbed::InterruptIn::_irq_handler(unsigned long, gpio_irq_event)
 .text._ZN4mbed11InterruptInD2Ev
                0x00000b54       0x18 /home/tlegrand/Documents/Robotik/gcc4mbed-master/external/mbed/LPC1768/GCC_ARM/libmbed.a(InterruptIn.o)
                0x00000b54                mbed::InterruptIn::~InterruptIn()
                0x00000b54                mbed::InterruptIn::~InterruptIn()
 .text._ZN4mbed11InterruptInD0Ev
                0x00000b6c       0x14 /home/tlegrand/Documents/Robotik/gcc4mbed-master/external/mbed/LPC1768/GCC_ARM/libmbed.a(InterruptIn.o)
                0x00000b6c                mbed::InterruptIn::~InterruptIn()
 .text._ZN4mbed11InterruptInC2E7PinName
                0x00000b80       0x44 /home/tlegrand/Documents/Robotik/gcc4mbed-master/external/mbed/LPC1768/GCC_ARM/libmbed.a(InterruptIn.o)
                0x00000b80                mbed::InterruptIn::InterruptIn(PinName)
                0x00000b80                mbed::InterruptIn::InterruptIn(PinName)
 .text._ZL11init_serialv
                0x00000bc4       0x44 /home/tlegrand/Documents/Robotik/gcc4mbed-master/external/mbed/LPC1768/GCC_ARM/libmbed.a(stdio.o)
 .text._close   0x00000c08       0x2c /home/tlegrand/Documents/Robotik/gcc4mbed-master/external/mbed/LPC1768/GCC_ARM/libmbed.a(stdio.o)
                0x00000c08                _close
 .text._write   0x00000c34       0x8c /home/tlegrand/Documents/Robotik/gcc4mbed-master/external/mbed/LPC1768/GCC_ARM/libmbed.a(stdio.o)
                0x00000c34                _write
 .text._read    0x00000cc0       0x3c /home/tlegrand/Documents/Robotik/gcc4mbed-master/external/mbed/LPC1768/GCC_ARM/libmbed.a(stdio.o)
                0x00000cc0                _read
 .text._lseek   0x00000cfc       0x28 /home/tlegrand/Documents/Robotik/gcc4mbed-master/external/mbed/LPC1768/GCC_ARM/libmbed.a(stdio.o)
                0x00000cfc                _lseek
 .text._fstat   0x00000d24       0x20 /home/tlegrand/Documents/Robotik/gcc4mbed-master/external/mbed/LPC1768/GCC_ARM/libmbed.a(stdio.o)
                0x00000d24                _fstat
 .text._ZN4mbed5Timer9slicetimeEv
                0x00000d44       0x18 /home/tlegrand/Documents/Robotik/gcc4mbed-master/external/mbed/LPC1768/GCC_ARM/libmbed.a(Timer.o)
                0x00000d44                mbed::Timer::slicetime()
 .text._ZN4mbed5Timer7read_usEv
                0x00000d5c        0xc /home/tlegrand/Documents/Robotik/gcc4mbed-master/external/mbed/LPC1768/GCC_ARM/libmbed.a(Timer.o)
                0x00000d5c                mbed::Timer::read_us()
 .text._ZN4mbed5Timer5resetEv
                0x00000d68       0x10 /home/tlegrand/Documents/Robotik/gcc4mbed-master/external/mbed/LPC1768/GCC_ARM/libmbed.a(Timer.o)
                0x00000d68                mbed::Timer::reset()
 .text._ZN4mbed5TimerC2Ev
                0x00000d78        0xc /home/tlegrand/Documents/Robotik/gcc4mbed-master/external/mbed/LPC1768/GCC_ARM/libmbed.a(Timer.o)
                0x00000d78                mbed::Timer::Timer()
                0x00000d78                mbed::Timer::Timer()
 .text.mbed_die
                0x00000d84       0x84 /home/tlegrand/Documents/Robotik/gcc4mbed-master/external/mbed/LPC1768/GCC_ARM/libmbed.a(board.o)
                0x00000d84                mbed_die
 .text.gpio_set
                0x00000e08       0x18 /home/tlegrand/Documents/Robotik/gcc4mbed-master/external/mbed/LPC1768/GCC_ARM/libmbed.a(gpio_api.o)
                0x00000e08                gpio_set
 .text.gpio_dir
                0x00000e20       0x24 /home/tlegrand/Documents/Robotik/gcc4mbed-master/external/mbed/LPC1768/GCC_ARM/libmbed.a(gpio_api.o)
                0x00000e20                gpio_dir
 .text.gpio_init
                0x00000e44       0x58 /home/tlegrand/Documents/Robotik/gcc4mbed-master/external/mbed/LPC1768/GCC_ARM/libmbed.a(gpio_api.o)
                0x00000e44                gpio_init
 .text.pin_function
                0x00000e9c       0x44 /home/tlegrand/Documents/Robotik/gcc4mbed-master/external/mbed/LPC1768/GCC_ARM/libmbed.a(pinmap.o)
                0x00000e9c                pin_function
 .text.pin_mode
                0x00000ee0       0x70 /home/tlegrand/Documents/Robotik/gcc4mbed-master/external/mbed/LPC1768/GCC_ARM/libmbed.a(pinmap.o)
                0x00000ee0                pin_mode
 .text.semihost_connected
                0x00000f50       0x10 /home/tlegrand/Documents/Robotik/gcc4mbed-master/external/mbed/LPC1768/GCC_ARM/libmbed.a(semihost.o)
                0x00000f50                semihost_connected
 .text.serial_baud
                0x00000f60      0x268 /home/tlegrand/Documents/Robotik/gcc4mbed-master/external/mbed/LPC1768/GCC_ARM/libmbed.a(serial_api.o)
                0x00000f60                serial_baud
 .text.serial_format
                0x000011c8       0x88 /home/tlegrand/Documents/Robotik/gcc4mbed-master/external/mbed/LPC1768/GCC_ARM/libmbed.a(serial_api.o)
                0x000011c8                serial_format
 .text.serial_init
                0x00001250      0x258 /home/tlegrand/Documents/Robotik/gcc4mbed-master/external/mbed/LPC1768/GCC_ARM/libmbed.a(serial_api.o)
                0x00001250                serial_init
 .text.serial_getc
                0x000014a8        0xc /home/tlegrand/Documents/Robotik/gcc4mbed-master/external/mbed/LPC1768/GCC_ARM/libmbed.a(serial_api.o)
                0x000014a8                serial_getc
 .text.serial_putc
                0x000014b4       0x14 /home/tlegrand/Documents/Robotik/gcc4mbed-master/external/mbed/LPC1768/GCC_ARM/libmbed.a(serial_api.o)
                0x000014b4                serial_putc
 .text.us_ticker_read
                0x000014c8       0x60 /home/tlegrand/Documents/Robotik/gcc4mbed-master/external/mbed/LPC1768/GCC_ARM/libmbed.a(us_ticker_api.o)
                0x000014c8                us_ticker_read
 .text.pinmap_pinout
                0x00001528       0x4c /home/tlegrand/Documents/Robotik/gcc4mbed-master/external/mbed/LPC1768/GCC_ARM/libmbed.a(pinmap_common.o)
                0x00001528                pinmap_pinout
 .text.pinmap_merge
                0x00001574       0x30 /home/tlegrand/Documents/Robotik/gcc4mbed-master/external/mbed/LPC1768/GCC_ARM/libmbed.a(pinmap_common.o)
                0x00001574                pinmap_merge
 .text.pinmap_peripheral
                0x000015a4       0x3c /home/tlegrand/Documents/Robotik/gcc4mbed-master/external/mbed/LPC1768/GCC_ARM/libmbed.a(pinmap_common.o)
                0x000015a4                pinmap_peripheral
 .text._ZN4mbed15FunctionPointerC2EPFvvE
                0x000015e0        0x8 /home/tlegrand/Documents/Robotik/gcc4mbed-master/external/mbed/LPC1768/GCC_ARM/libmbed.a(FunctionPointer.o)
                0x000015e0                mbed::FunctionPointer::FunctionPointer(void (*)())
                0x000015e0                mbed::FunctionPointer::FunctionPointer(void (*)())
 .text._ZN4mbed15FunctionPointer4callEv
                0x000015e8       0x18 /home/tlegrand/Documents/Robotik/gcc4mbed-master/external/mbed/LPC1768/GCC_ARM/libmbed.a(FunctionPointer.o)
                0x000015e8                mbed::FunctionPointer::call()
 .text._ZNK10__cxxabiv120__si_class_type_info12__do_dyncastEiNS_17__class_type_info10__sub_kindEPKS1_PKvS4_S6_RNS1_16__dyncast_resultE
                0x00001600       0x7c /home/tlegrand/Documents/Robotik/gcc4mbed-master/gcc-arm-none-eabi/bin/../lib/gcc/arm-none-eabi/4.7.3/../../../../arm-none-eabi/lib/armv7-m/libstdc++_s.a(si_class_type_info.o)
                0x00001600                __cxxabiv1::__si_class_type_info::__do_dyncast(int, __cxxabiv1::__class_type_info::__sub_kind, __cxxabiv1::__class_type_info const*, void const*, __cxxabiv1::__class_type_info const*, void const*, __cxxabiv1::__class_type_info::__dyncast_result&) const
 .text._ZN10__cxxabiv120__si_class_type_infoD2Ev
                0x0000167c       0x14 /home/tlegrand/Documents/Robotik/gcc4mbed-master/gcc-arm-none-eabi/bin/../lib/gcc/arm-none-eabi/4.7.3/../../../../arm-none-eabi/lib/armv7-m/libstdc++_s.a(si_class_type_info.o)
                0x0000167c                __cxxabiv1::__si_class_type_info::~__si_class_type_info()
                0x0000167c                __cxxabiv1::__si_class_type_info::~__si_class_type_info()
 .text._ZN10__cxxabiv120__si_class_type_infoD0Ev
                0x00001690       0x12 /home/tlegrand/Documents/Robotik/gcc4mbed-master/gcc-arm-none-eabi/bin/../lib/gcc/arm-none-eabi/4.7.3/../../../../arm-none-eabi/lib/armv7-m/libstdc++_s.a(si_class_type_info.o)
                0x00001690                __cxxabiv1::__si_class_type_info::~__si_class_type_info()
 .text._ZNK10__cxxabiv120__si_class_type_info11__do_upcastEPKNS_17__class_type_infoEPKvRNS1_15__upcast_resultE
                0x000016a2       0x24 /home/tlegrand/Documents/Robotik/gcc4mbed-master/gcc-arm-none-eabi/bin/../lib/gcc/arm-none-eabi/4.7.3/../../../../arm-none-eabi/lib/armv7-m/libstdc++_s.a(si_class_type_info.o)
                0x000016a2                __cxxabiv1::__si_class_type_info::__do_upcast(__cxxabiv1::__class_type_info const*, void const*, __cxxabiv1::__class_type_info::__upcast_result&) const
 .text._ZNK10__cxxabiv120__si_class_type_info20__do_find_public_srcEiPKvPKNS_17__class_type_infoES2_
                0x000016c6       0x32 /home/tlegrand/Documents/Robotik/gcc4mbed-master/gcc-arm-none-eabi/bin/../lib/gcc/arm-none-eabi/4.7.3/../../../../arm-none-eabi/lib/armv7-m/libstdc++_s.a(si_class_type_info.o)
                0x000016c6                __cxxabiv1::__si_class_type_info::__do_find_public_src(int, void const*, __cxxabiv1::__class_type_info const*, void const*) const
 .text._ZdlPv   0x000016f8        0x8 /home/tlegrand/Documents/Robotik/gcc4mbed-master/gcc-arm-none-eabi/bin/../lib/gcc/arm-none-eabi/4.7.3/../../../../arm-none-eabi/lib/armv7-m/libstdc++_s.a(del_op.o)
                0x000016f8                operator delete(void*)
 .text._ZNK10__cxxabiv117__class_type_info11__do_upcastEPKS0_PPv
                0x00001700       0x36 /home/tlegrand/Documents/Robotik/gcc4mbed-master/gcc-arm-none-eabi/bin/../lib/gcc/arm-none-eabi/4.7.3/../../../../arm-none-eabi/lib/armv7-m/libstdc++_s.a(class_type_info.o)
                0x00001700                __cxxabiv1::__class_type_info::__do_upcast(__cxxabiv1::__class_type_info const*, void**) const
 .text._ZNK10__cxxabiv117__class_type_info20__do_find_public_srcEiPKvPKS0_S2_
                0x00001736        0xc /home/tlegrand/Documents/Robotik/gcc4mbed-master/gcc-arm-none-eabi/bin/../lib/gcc/arm-none-eabi/4.7.3/../../../../arm-none-eabi/lib/armv7-m/libstdc++_s.a(class_type_info.o)
                0x00001736                __cxxabiv1::__class_type_info::__do_find_public_src(int, void const*, __cxxabiv1::__class_type_info const*, void const*) const
 .text._ZNK10__cxxabiv117__class_type_info11__do_upcastEPKS0_PKvRNS0_15__upcast_resultE
                0x00001742       0x1a /home/tlegrand/Documents/Robotik/gcc4mbed-master/gcc-arm-none-eabi/bin/../lib/gcc/arm-none-eabi/4.7.3/../../../../arm-none-eabi/lib/armv7-m/libstdc++_s.a(class_type_info.o)
                0x00001742                __cxxabiv1::__class_type_info::__do_upcast(__cxxabiv1::__class_type_info const*, void const*, __cxxabiv1::__class_type_info::__upcast_result&) const
 .text._ZN10__cxxabiv117__class_type_infoD2Ev
                0x0000175c       0x14 /home/tlegrand/Documents/Robotik/gcc4mbed-master/gcc-arm-none-eabi/bin/../lib/gcc/arm-none-eabi/4.7.3/../../../../arm-none-eabi/lib/armv7-m/libstdc++_s.a(class_type_info.o)
                0x0000175c                __cxxabiv1::__class_type_info::~__class_type_info()
                0x0000175c                __cxxabiv1::__class_type_info::~__class_type_info()
 .text._ZN10__cxxabiv117__class_type_infoD0Ev
                0x00001770       0x12 /home/tlegrand/Documents/Robotik/gcc4mbed-master/gcc-arm-none-eabi/bin/../lib/gcc/arm-none-eabi/4.7.3/../../../../arm-none-eabi/lib/armv7-m/libstdc++_s.a(class_type_info.o)
                0x00001770                __cxxabiv1::__class_type_info::~__class_type_info()
 .text._ZNK10__cxxabiv117__class_type_info12__do_dyncastEiNS0_10__sub_kindEPKS0_PKvS3_S5_RNS0_16__dyncast_resultE
                0x00001782       0x38 /home/tlegrand/Documents/Robotik/gcc4mbed-master/gcc-arm-none-eabi/bin/../lib/gcc/arm-none-eabi/4.7.3/../../../../arm-none-eabi/lib/armv7-m/libstdc++_s.a(class_type_info.o)
                0x00001782                __cxxabiv1::__class_type_info::__do_dyncast(int, __cxxabiv1::__class_type_info::__sub_kind, __cxxabiv1::__class_type_info const*, void const*, __cxxabiv1::__class_type_info const*, void const*, __cxxabiv1::__class_type_info::__dyncast_result&) const
 .text._ZNK10__cxxabiv117__class_type_info10__do_catchEPKSt9type_infoPPvj
                0x000017ba       0x26 /home/tlegrand/Documents/Robotik/gcc4mbed-master/gcc-arm-none-eabi/bin/../lib/gcc/arm-none-eabi/4.7.3/../../../../arm-none-eabi/lib/armv7-m/libstdc++_s.a(class_type_info.o)
                0x000017ba                __cxxabiv1::__class_type_info::__do_catch(std::type_info const*, void**, unsigned int) const
 .text._ZNSt9type_infoD2Ev
                0x000017e0        0xc /home/tlegrand/Documents/Robotik/gcc4mbed-master/gcc-arm-none-eabi/bin/../lib/gcc/arm-none-eabi/4.7.3/../../../../arm-none-eabi/lib/armv7-m/libstdc++_s.a(tinfo.o)
                0x000017e0                std::type_info::~type_info()
                0x000017e0                std::type_info::~type_info()
 .text._ZNKSt9type_info14__is_pointer_pEv
                0x000017ec        0x4 /home/tlegrand/Documents/Robotik/gcc4mbed-master/gcc-arm-none-eabi/bin/../lib/gcc/arm-none-eabi/4.7.3/../../../../arm-none-eabi/lib/armv7-m/libstdc++_s.a(tinfo.o)
                0x000017ec                std::type_info::__is_pointer_p() const
 .text._ZNKSt9type_info15__is_function_pEv
                0x000017f0        0x4 /home/tlegrand/Documents/Robotik/gcc4mbed-master/gcc-arm-none-eabi/bin/../lib/gcc/arm-none-eabi/4.7.3/../../../../arm-none-eabi/lib/armv7-m/libstdc++_s.a(tinfo.o)
                0x000017f0                std::type_info::__is_function_p() const
 .text._ZNKSt9type_info11__do_upcastEPKN10__cxxabiv117__class_type_infoEPPv
                0x000017f4        0x4 /home/tlegrand/Documents/Robotik/gcc4mbed-master/gcc-arm-none-eabi/bin/../lib/gcc/arm-none-eabi/4.7.3/../../../../arm-none-eabi/lib/armv7-m/libstdc++_s.a(tinfo.o)
                0x000017f4                std::type_info::__do_upcast(__cxxabiv1::__class_type_info const*, void**) const
 .text._ZNSt9type_infoD0Ev
                0x000017f8       0x14 /home/tlegrand/Documents/Robotik/gcc4mbed-master/gcc-arm-none-eabi/bin/../lib/gcc/arm-none-eabi/4.7.3/../../../../arm-none-eabi/lib/armv7-m/libstdc++_s.a(tinfo.o)
                0x000017f8                std::type_info::~type_info()
 .text._ZNKSt9type_infoeqERKS_
                0x0000180c       0x28 /home/tlegrand/Documents/Robotik/gcc4mbed-master/gcc-arm-none-eabi/bin/../lib/gcc/arm-none-eabi/4.7.3/../../../../arm-none-eabi/lib/armv7-m/libstdc++_s.a(tinfo.o)
                0x0000180c                std::type_info::operator==(std::type_info const&) const
 .text._ZNKSt9type_info10__do_catchEPKS_PPvj
                0x00001834        0x4 /home/tlegrand/Documents/Robotik/gcc4mbed-master/gcc-arm-none-eabi/bin/../lib/gcc/arm-none-eabi/4.7.3/../../../../arm-none-eabi/lib/armv7-m/libstdc++_s.a(tinfo.o)
                0x00001834                std::type_info::__do_catch(std::type_info const*, void**, unsigned int) const
 .text          0x00001838      0x370 /home/tlegrand/Documents/Robotik/gcc4mbed-master/gcc-arm-none-eabi/bin/../lib/gcc/arm-none-eabi/4.7.3/armv7-m/libgcc.a(_arm_addsubdf3.o)
                0x00001838                __aeabi_drsub
                0x00001840                __aeabi_dsub
                0x00001840                __subdf3
                0x00001844                __adddf3
                0x00001844                __aeabi_dadd
                0x00001abc                __aeabi_ui2d
                0x00001abc                __floatunsidf
                0x00001adc                __floatsidf
                0x00001adc                __aeabi_i2d
                0x00001b00                __extendsfdf2
                0x00001b00                __aeabi_f2d
                0x00001b3c                __aeabi_ul2d
                0x00001b3c                __floatundidf
                0x00001b4c                __floatdidf
                0x00001b4c                __aeabi_l2d
 .text          0x00001ba8      0x424 /home/tlegrand/Documents/Robotik/gcc4mbed-master/gcc-arm-none-eabi/bin/../lib/gcc/arm-none-eabi/4.7.3/armv7-m/libgcc.a(_arm_muldivdf3.o)
                0x00001ba8                __aeabi_dmul
                0x00001ba8                __muldf3
                0x00001dfc                __aeabi_ddiv
                0x00001dfc                __divdf3
 .text          0x00001fcc      0x110 /home/tlegrand/Documents/Robotik/gcc4mbed-master/gcc-arm-none-eabi/bin/../lib/gcc/arm-none-eabi/4.7.3/armv7-m/libgcc.a(_arm_cmpdf2.o)
                0x00001fcc                __gtdf2
                0x00001fcc                __gedf2
                0x00001fd4                __ltdf2
                0x00001fd4                __ledf2
                0x00001fdc                __cmpdf2
                0x00001fdc                __eqdf2
                0x00001fdc                __nedf2
                0x00002058                __aeabi_cdrcmple
                0x00002068                __aeabi_cdcmple
                0x00002068                __aeabi_cdcmpeq
                0x00002078                __aeabi_dcmpeq
                0x0000208c                __aeabi_dcmplt
                0x000020a0                __aeabi_dcmple
                0x000020b4                __aeabi_dcmpge
                0x000020c8                __aeabi_dcmpgt
 .text          0x000020dc       0x50 /home/tlegrand/Documents/Robotik/gcc4mbed-master/gcc-arm-none-eabi/bin/../lib/gcc/arm-none-eabi/4.7.3/armv7-m/libgcc.a(_arm_fixdfsi.o)
                0x000020dc                __fixdfsi
                0x000020dc                __aeabi_d2iz
 .text          0x0000212c       0xa0 /home/tlegrand/Documents/Robotik/gcc4mbed-master/gcc-arm-none-eabi/bin/../lib/gcc/arm-none-eabi/4.7.3/armv7-m/libgcc.a(_arm_truncdfsf2.o)
                0x0000212c                __aeabi_d2f
                0x0000212c                __truncdfsf2
 .text          0x000021cc      0x21c /home/tlegrand/Documents/Robotik/gcc4mbed-master/gcc-arm-none-eabi/bin/../lib/gcc/arm-none-eabi/4.7.3/armv7-m/libgcc.a(_arm_addsubsf3.o)
                0x000021cc                __aeabi_frsub
                0x000021d4                __subsf3
                0x000021d4                __aeabi_fsub
                0x000021d8                __aeabi_fadd
                0x000021d8                __addsf3
                0x00002338                __aeabi_ui2f
                0x00002338                __floatunsisf
                0x00002340                __aeabi_i2f
                0x00002340                __floatsisf
                0x0000235c                __floatundisf
                0x0000235c                __aeabi_ul2f
                0x0000236c                __floatdisf
                0x0000236c                __aeabi_l2f
 .text          0x000023e8      0x2a0 /home/tlegrand/Documents/Robotik/gcc4mbed-master/gcc-arm-none-eabi/bin/../lib/gcc/arm-none-eabi/4.7.3/armv7-m/libgcc.a(_arm_muldivsf3.o)
                0x000023e8                __mulsf3
                0x000023e8                __aeabi_fmul
                0x00002550                __divsf3
                0x00002550                __aeabi_fdiv
 .text          0x00002688       0xec /home/tlegrand/Documents/Robotik/gcc4mbed-master/gcc-arm-none-eabi/bin/../lib/gcc/arm-none-eabi/4.7.3/armv7-m/libgcc.a(_arm_cmpsf2.o)
                0x00002688                __gtsf2
                0x00002688                __gesf2
                0x00002690                __lesf2
                0x00002690                __ltsf2
                0x00002698                __nesf2
                0x00002698                __eqsf2
                0x00002698                __cmpsf2
                0x000026f8                __aeabi_cfrcmple
                0x00002700                __aeabi_cfcmple
                0x00002700                __aeabi_cfcmpeq
                0x00002710                __aeabi_fcmpeq
                0x00002724                __aeabi_fcmplt
                0x00002738                __aeabi_fcmple
                0x0000274c                __aeabi_fcmpge
                0x00002760                __aeabi_fcmpgt
 .text.__errno  0x00002774        0xc /home/tlegrand/Documents/Robotik/gcc4mbed-master/gcc-arm-none-eabi/bin/../lib/gcc/arm-none-eabi/4.7.3/../../../../arm-none-eabi/lib/armv7-m/libc_s.a(lib_a-errno.o)
                0x00002774                __errno
 .text.fprintf  0x00002780       0x24 /home/tlegrand/Documents/Robotik/gcc4mbed-master/gcc-arm-none-eabi/bin/../lib/gcc/arm-none-eabi/4.7.3/../../../../arm-none-eabi/lib/armv7-m/libc_s.a(lib_a-fprintf.o)
                0x00002780                fprintf
                0x00002780                fiprintf
 .text.__libc_init_array
                0x000027a4       0x4c /home/tlegrand/Documents/Robotik/gcc4mbed-master/gcc-arm-none-eabi/bin/../lib/gcc/arm-none-eabi/4.7.3/../../../../arm-none-eabi/lib/armv7-m/libc_s.a(lib_a-init.o)
                0x000027a4                __libc_init_array
 .text.malloc   0x000027f0       0x10 /home/tlegrand/Documents/Robotik/gcc4mbed-master/gcc-arm-none-eabi/bin/../lib/gcc/arm-none-eabi/4.7.3/../../../../arm-none-eabi/lib/armv7-m/libc_s.a(lib_a-malloc.o)
                0x000027f0                malloc
 .text.free     0x00002800       0x10 /home/tlegrand/Documents/Robotik/gcc4mbed-master/gcc-arm-none-eabi/bin/../lib/gcc/arm-none-eabi/4.7.3/../../../../arm-none-eabi/lib/armv7-m/libc_s.a(lib_a-malloc.o)
                0x00002800                free
 .text._malloc_r
                0x00002810       0x94 /home/tlegrand/Documents/Robotik/gcc4mbed-master/gcc-arm-none-eabi/bin/../lib/gcc/arm-none-eabi/4.7.3/../../../../arm-none-eabi/lib/armv7-m/libc_s.a(lib_a-mallocr.o)
                0x00002810                _malloc_r
 .text.memcpy   0x000028a4       0x12 /home/tlegrand/Documents/Robotik/gcc4mbed-master/gcc-arm-none-eabi/bin/../lib/gcc/arm-none-eabi/4.7.3/../../../../arm-none-eabi/lib/armv7-m/libc_s.a(lib_a-memcpy.o)
                0x000028a4                memcpy
 .text.memset   0x000028b6       0x10 /home/tlegrand/Documents/Robotik/gcc4mbed-master/gcc-arm-none-eabi/bin/../lib/gcc/arm-none-eabi/4.7.3/../../../../arm-none-eabi/lib/armv7-m/libc_s.a(lib_a-memset.o)
                0x000028b6                memset
 *fill*         0x000028c6        0x2 00
 .text.printf   0x000028c8       0x30 /home/tlegrand/Documents/Robotik/gcc4mbed-master/gcc-arm-none-eabi/bin/../lib/gcc/arm-none-eabi/4.7.3/../../../../arm-none-eabi/lib/armv7-m/libc_s.a(lib_a-printf.o)
                0x000028c8                printf
                0x000028c8                iprintf
 .text.puts     0x000028f8       0x3c /home/tlegrand/Documents/Robotik/gcc4mbed-master/gcc-arm-none-eabi/bin/../lib/gcc/arm-none-eabi/4.7.3/../../../../arm-none-eabi/lib/armv7-m/libc_s.a(lib_a-puts.o)
                0x000028f8                puts
 .text._sbrk_r  0x00002934       0x20 /home/tlegrand/Documents/Robotik/gcc4mbed-master/gcc-arm-none-eabi/bin/../lib/gcc/arm-none-eabi/4.7.3/../../../../arm-none-eabi/lib/armv7-m/libc_s.a(lib_a-sbrkr.o)
                0x00002934                _sbrk_r
 .text.__sread  0x00002954       0x22 /home/tlegrand/Documents/Robotik/gcc4mbed-master/gcc-arm-none-eabi/bin/../lib/gcc/arm-none-eabi/4.7.3/../../../../arm-none-eabi/lib/armv7-m/libc_s.a(lib_a-stdio.o)
                0x00002954                __sread
 .text.__swrite
                0x00002976       0x3c /home/tlegrand/Documents/Robotik/gcc4mbed-master/gcc-arm-none-eabi/bin/../lib/gcc/arm-none-eabi/4.7.3/../../../../arm-none-eabi/lib/armv7-m/libc_s.a(lib_a-stdio.o)
                0x00002976                __swrite
 .text.__sseek  0x000029b2       0x24 /home/tlegrand/Documents/Robotik/gcc4mbed-master/gcc-arm-none-eabi/bin/../lib/gcc/arm-none-eabi/4.7.3/../../../../arm-none-eabi/lib/armv7-m/libc_s.a(lib_a-stdio.o)
                0x000029b2                __sseek
 .text.__sclose
                0x000029d6        0x8 /home/tlegrand/Documents/Robotik/gcc4mbed-master/gcc-arm-none-eabi/bin/../lib/gcc/arm-none-eabi/4.7.3/../../../../arm-none-eabi/lib/armv7-m/libc_s.a(lib_a-stdio.o)
                0x000029d6                __sclose
 .text.strcmp   0x000029de       0x16 /home/tlegrand/Documents/Robotik/gcc4mbed-master/gcc-arm-none-eabi/bin/../lib/gcc/arm-none-eabi/4.7.3/../../../../arm-none-eabi/lib/armv7-m/libc_s.a(lib_a-strcmp.o)
                0x000029de                strcmp
 .text.strlen   0x000029f4       0x10 /home/tlegrand/Documents/Robotik/gcc4mbed-master/gcc-arm-none-eabi/bin/../lib/gcc/arm-none-eabi/4.7.3/../../../../arm-none-eabi/lib/armv7-m/libc_s.a(lib_a-strlen.o)
                0x000029f4                strlen
 .text.strncmp  0x00002a04       0x2e /home/tlegrand/Documents/Robotik/gcc4mbed-master/gcc-arm-none-eabi/bin/../lib/gcc/arm-none-eabi/4.7.3/../../../../arm-none-eabi/lib/armv7-m/libc_s.a(lib_a-strncmp.o)
                0x00002a04                strncmp
 .text.__sfputc_r
                0x00002a32       0x2c /home/tlegrand/Documents/Robotik/gcc4mbed-master/gcc-arm-none-eabi/bin/../lib/gcc/arm-none-eabi/4.7.3/../../../../arm-none-eabi/lib/armv7-m/libc_s.a(lib_a-vfprintf.o)
                0x00002a32                __sfputc_r
 *fill*         0x00002a5e        0x2 00
 .text._vfprintf_r
                0x00002a60      0x22c /home/tlegrand/Documents/Robotik/gcc4mbed-master/gcc-arm-none-eabi/bin/../lib/gcc/arm-none-eabi/4.7.3/../../../../arm-none-eabi/lib/armv7-m/libc_s.a(lib_a-vfprintf.o)
                0x00002a60                _vfiprintf_r
                0x00002a60                _vfprintf_r
 .text.__cvt    0x00002c8c       0xd2 /home/tlegrand/Documents/Robotik/gcc4mbed-master/gcc-arm-none-eabi/bin/../lib/gcc/arm-none-eabi/4.7.3/../../../../arm-none-eabi/lib/armv7-m/libc_s.a(lib_a-vfprintf_float.o)
                0x00002c8c                __cvt
 .text.__exponent
                0x00002d5e       0x5e /home/tlegrand/Documents/Robotik/gcc4mbed-master/gcc-arm-none-eabi/bin/../lib/gcc/arm-none-eabi/4.7.3/../../../../arm-none-eabi/lib/armv7-m/libc_s.a(lib_a-vfprintf_float.o)
                0x00002d5e                __exponent
 .text._printf_float
                0x00002dbc      0x4a4 /home/tlegrand/Documents/Robotik/gcc4mbed-master/gcc-arm-none-eabi/bin/../lib/gcc/arm-none-eabi/4.7.3/../../../../arm-none-eabi/lib/armv7-m/libc_s.a(lib_a-vfprintf_float.o)
                0x00002dbc                _printf_float
 .text._printf_common
                0x00003260       0xde /home/tlegrand/Documents/Robotik/gcc4mbed-master/gcc-arm-none-eabi/bin/../lib/gcc/arm-none-eabi/4.7.3/../../../../arm-none-eabi/lib/armv7-m/libc_s.a(lib_a-vfprintf_i.o)
                0x00003260                _printf_common
 *fill*         0x0000333e        0x2 00
 .text._printf_i
                0x00003340      0x248 /home/tlegrand/Documents/Robotik/gcc4mbed-master/gcc-arm-none-eabi/bin/../lib/gcc/arm-none-eabi/4.7.3/../../../../arm-none-eabi/lib/armv7-m/libc_s.a(lib_a-vfprintf_i.o)
                0x00003340                _printf_i
 .text._scanf_float
                0x00003588      0x3b8 /home/tlegrand/Documents/Robotik/gcc4mbed-master/gcc-arm-none-eabi/bin/../lib/gcc/arm-none-eabi/4.7.3/../../../../arm-none-eabi/lib/armv7-m/libc_s.a(lib_a-vfscanf_float.o)
                0x00003588                _scanf_float
 .text.__swbuf_r
                0x00003940       0xb4 /home/tlegrand/Documents/Robotik/gcc4mbed-master/gcc-arm-none-eabi/bin/../lib/gcc/arm-none-eabi/4.7.3/../../../../arm-none-eabi/lib/armv7-m/libc_s.a(lib_a-wbuf.o)
                0x00003940                __swbuf_r
 .text._write_r
                0x000039f4       0x24 /home/tlegrand/Documents/Robotik/gcc4mbed-master/gcc-arm-none-eabi/bin/../lib/gcc/arm-none-eabi/4.7.3/../../../../arm-none-eabi/lib/armv7-m/libc_s.a(lib_a-writer.o)
                0x000039f4                _write_r
 .text.__swsetup_r
                0x00003a18       0xec /home/tlegrand/Documents/Robotik/gcc4mbed-master/gcc-arm-none-eabi/bin/../lib/gcc/arm-none-eabi/4.7.3/../../../../arm-none-eabi/lib/armv7-m/libc_s.a(lib_a-wsetup.o)
                0x00003a18                __swsetup_r
 .text._close_r
                0x00003b04       0x20 /home/tlegrand/Documents/Robotik/gcc4mbed-master/gcc-arm-none-eabi/bin/../lib/gcc/arm-none-eabi/4.7.3/../../../../arm-none-eabi/lib/armv7-m/libc_s.a(lib_a-closer.o)
                0x00003b04                _close_r
 .text.quorem   0x00003b24      0x11a /home/tlegrand/Documents/Robotik/gcc4mbed-master/gcc-arm-none-eabi/bin/../lib/gcc/arm-none-eabi/4.7.3/../../../../arm-none-eabi/lib/armv7-m/libc_s.a(lib_a-dtoa.o)
 *fill*         0x00003c3e        0x2 00
 .text._dtoa_r  0x00003c40      0xb40 /home/tlegrand/Documents/Robotik/gcc4mbed-master/gcc-arm-none-eabi/bin/../lib/gcc/arm-none-eabi/4.7.3/../../../../arm-none-eabi/lib/armv7-m/libc_s.a(lib_a-dtoa.o)
                0x00003c40                _dtoa_r
 .text._fflush_r
                0x00004780      0x148 /home/tlegrand/Documents/Robotik/gcc4mbed-master/gcc-arm-none-eabi/bin/../lib/gcc/arm-none-eabi/4.7.3/../../../../arm-none-eabi/lib/armv7-m/libc_s.a(lib_a-fflush.o)
                0x00004780                _fflush_r
 .text._cleanup_r
                0x000048c8       0x32 /home/tlegrand/Documents/Robotik/gcc4mbed-master/gcc-arm-none-eabi/bin/../lib/gcc/arm-none-eabi/4.7.3/../../../../arm-none-eabi/lib/armv7-m/libc_s.a(lib_a-findfp.o)
                0x000048c8                _cleanup_r
 *fill*         0x000048fa        0x2 00
 .text.std.isra.0
                0x000048fc       0x48 /home/tlegrand/Documents/Robotik/gcc4mbed-master/gcc-arm-none-eabi/bin/../lib/gcc/arm-none-eabi/4.7.3/../../../../arm-none-eabi/lib/armv7-m/libc_s.a(lib_a-findfp.o)
 .text.__sfmoreglue
                0x00004944       0x2a /home/tlegrand/Documents/Robotik/gcc4mbed-master/gcc-arm-none-eabi/bin/../lib/gcc/arm-none-eabi/4.7.3/../../../../arm-none-eabi/lib/armv7-m/libc_s.a(lib_a-findfp.o)
                0x00004944                __sfmoreglue
 *fill*         0x0000496e        0x2 00
 .text.__sinit  0x00004970       0x58 /home/tlegrand/Documents/Robotik/gcc4mbed-master/gcc-arm-none-eabi/bin/../lib/gcc/arm-none-eabi/4.7.3/../../../../arm-none-eabi/lib/armv7-m/libc_s.a(lib_a-findfp.o)
                0x00004970                __sinit
 .text.__sfp    0x000049c8       0x78 /home/tlegrand/Documents/Robotik/gcc4mbed-master/gcc-arm-none-eabi/bin/../lib/gcc/arm-none-eabi/4.7.3/../../../../arm-none-eabi/lib/armv7-m/libc_s.a(lib_a-findfp.o)
                0x000049c8                __sfp
 .text._free_r  0x00004a40       0x88 /home/tlegrand/Documents/Robotik/gcc4mbed-master/gcc-arm-none-eabi/bin/../lib/gcc/arm-none-eabi/4.7.3/../../../../arm-none-eabi/lib/armv7-m/libc_s.a(lib_a-freer.o)
                0x00004a40                _free_r
 .text._localeconv_r
                0x00004ac8        0x8 /home/tlegrand/Documents/Robotik/gcc4mbed-master/gcc-arm-none-eabi/bin/../lib/gcc/arm-none-eabi/4.7.3/../../../../arm-none-eabi/lib/armv7-m/libc_s.a(lib_a-locale.o)
                0x00004ac8                _localeconv_r
 .text._lseek_r
                0x00004ad0       0x24 /home/tlegrand/Documents/Robotik/gcc4mbed-master/gcc-arm-none-eabi/bin/../lib/gcc/arm-none-eabi/4.7.3/../../../../arm-none-eabi/lib/armv7-m/libc_s.a(lib_a-lseekr.o)
                0x00004ad0                _lseek_r
 .text.__smakebuf_r
                0x00004af4       0xa8 /home/tlegrand/Documents/Robotik/gcc4mbed-master/gcc-arm-none-eabi/bin/../lib/gcc/arm-none-eabi/4.7.3/../../../../arm-none-eabi/lib/armv7-m/libc_s.a(lib_a-makebuf.o)
                0x00004af4                __smakebuf_r
 .text.memchr   0x00004b9c       0x1c /home/tlegrand/Documents/Robotik/gcc4mbed-master/gcc-arm-none-eabi/bin/../lib/gcc/arm-none-eabi/4.7.3/../../../../arm-none-eabi/lib/armv7-m/libc_s.a(lib_a-memchr.o)
                0x00004b9c                memchr
 .text._Balloc  0x00004bb8       0x6a /home/tlegrand/Documents/Robotik/gcc4mbed-master/gcc-arm-none-eabi/bin/../lib/gcc/arm-none-eabi/4.7.3/../../../../arm-none-eabi/lib/armv7-m/libc_s.a(lib_a-mprec.o)
                0x00004bb8                _Balloc
 .text._Bfree   0x00004c22       0x2e /home/tlegrand/Documents/Robotik/gcc4mbed-master/gcc-arm-none-eabi/bin/../lib/gcc/arm-none-eabi/4.7.3/../../../../arm-none-eabi/lib/armv7-m/libc_s.a(lib_a-mprec.o)
                0x00004c22                _Bfree
 .text.__multadd
                0x00004c50       0x78 /home/tlegrand/Documents/Robotik/gcc4mbed-master/gcc-arm-none-eabi/bin/../lib/gcc/arm-none-eabi/4.7.3/../../../../arm-none-eabi/lib/armv7-m/libc_s.a(lib_a-mprec.o)
                0x00004c50                __multadd
 .text.__s2b    0x00004cc8       0x84 /home/tlegrand/Documents/Robotik/gcc4mbed-master/gcc-arm-none-eabi/bin/../lib/gcc/arm-none-eabi/4.7.3/../../../../arm-none-eabi/lib/armv7-m/libc_s.a(lib_a-mprec.o)
                0x00004cc8                __s2b
 .text.__hi0bits
                0x00004d4c       0x3e /home/tlegrand/Documents/Robotik/gcc4mbed-master/gcc-arm-none-eabi/bin/../lib/gcc/arm-none-eabi/4.7.3/../../../../arm-none-eabi/lib/armv7-m/libc_s.a(lib_a-mprec.o)
                0x00004d4c                __hi0bits
 .text.__lo0bits
                0x00004d8a       0x5a /home/tlegrand/Documents/Robotik/gcc4mbed-master/gcc-arm-none-eabi/bin/../lib/gcc/arm-none-eabi/4.7.3/../../../../arm-none-eabi/lib/armv7-m/libc_s.a(lib_a-mprec.o)
                0x00004d8a                __lo0bits
 .text.__i2b    0x00004de4       0x12 /home/tlegrand/Documents/Robotik/gcc4mbed-master/gcc-arm-none-eabi/bin/../lib/gcc/arm-none-eabi/4.7.3/../../../../arm-none-eabi/lib/armv7-m/libc_s.a(lib_a-mprec.o)
                0x00004de4                __i2b
 .text.__multiply
                0x00004df6      0x122 /home/tlegrand/Documents/Robotik/gcc4mbed-master/gcc-arm-none-eabi/bin/../lib/gcc/arm-none-eabi/4.7.3/../../../../arm-none-eabi/lib/armv7-m/libc_s.a(lib_a-mprec.o)
                0x00004df6                __multiply
 .text.__pow5mult
                0x00004f18       0xa4 /home/tlegrand/Documents/Robotik/gcc4mbed-master/gcc-arm-none-eabi/bin/../lib/gcc/arm-none-eabi/4.7.3/../../../../arm-none-eabi/lib/armv7-m/libc_s.a(lib_a-mprec.o)
                0x00004f18                __pow5mult
 .text.__lshift
                0x00004fbc       0xa8 /home/tlegrand/Documents/Robotik/gcc4mbed-master/gcc-arm-none-eabi/bin/../lib/gcc/arm-none-eabi/4.7.3/../../../../arm-none-eabi/lib/armv7-m/libc_s.a(lib_a-mprec.o)
                0x00004fbc                __lshift
 .text.__mcmp   0x00005064       0x3a /home/tlegrand/Documents/Robotik/gcc4mbed-master/gcc-arm-none-eabi/bin/../lib/gcc/arm-none-eabi/4.7.3/../../../../arm-none-eabi/lib/armv7-m/libc_s.a(lib_a-mprec.o)
                0x00005064                __mcmp
 .text.__mdiff  0x0000509e       0xc4 /home/tlegrand/Documents/Robotik/gcc4mbed-master/gcc-arm-none-eabi/bin/../lib/gcc/arm-none-eabi/4.7.3/../../../../arm-none-eabi/lib/armv7-m/libc_s.a(lib_a-mprec.o)
                0x0000509e                __mdiff
 *fill*         0x00005162        0x2 00
 .text.__ulp    0x00005164       0x40 /home/tlegrand/Documents/Robotik/gcc4mbed-master/gcc-arm-none-eabi/bin/../lib/gcc/arm-none-eabi/4.7.3/../../../../arm-none-eabi/lib/armv7-m/libc_s.a(lib_a-mprec.o)
                0x00005164                __ulp
 .text.__b2d    0x000051a4       0xa8 /home/tlegrand/Documents/Robotik/gcc4mbed-master/gcc-arm-none-eabi/bin/../lib/gcc/arm-none-eabi/4.7.3/../../../../arm-none-eabi/lib/armv7-m/libc_s.a(lib_a-mprec.o)
                0x000051a4                __b2d
 .text.__d2b    0x0000524c       0xa8 /home/tlegrand/Documents/Robotik/gcc4mbed-master/gcc-arm-none-eabi/bin/../lib/gcc/arm-none-eabi/4.7.3/../../../../arm-none-eabi/lib/armv7-m/libc_s.a(lib_a-mprec.o)
                0x0000524c                __d2b
 .text.__ratio  0x000052f4       0x4a /home/tlegrand/Documents/Robotik/gcc4mbed-master/gcc-arm-none-eabi/bin/../lib/gcc/arm-none-eabi/4.7.3/../../../../arm-none-eabi/lib/armv7-m/libc_s.a(lib_a-mprec.o)
                0x000052f4                __ratio
 .text.__copybits
                0x0000533e       0x32 /home/tlegrand/Documents/Robotik/gcc4mbed-master/gcc-arm-none-eabi/bin/../lib/gcc/arm-none-eabi/4.7.3/../../../../arm-none-eabi/lib/armv7-m/libc_s.a(lib_a-mprec.o)
                0x0000533e                __copybits
 .text.__any_on
                0x00005370       0x4c /home/tlegrand/Documents/Robotik/gcc4mbed-master/gcc-arm-none-eabi/bin/../lib/gcc/arm-none-eabi/4.7.3/../../../../arm-none-eabi/lib/armv7-m/libc_s.a(lib_a-mprec.o)
                0x00005370                __any_on
 .text._putc_r  0x000053bc       0x7c /home/tlegrand/Documents/Robotik/gcc4mbed-master/gcc-arm-none-eabi/bin/../lib/gcc/arm-none-eabi/4.7.3/../../../../arm-none-eabi/lib/armv7-m/libc_s.a(lib_a-putc.o)
                0x000053bc                _putc_r
 .text._read_r  0x00005438       0x24 /home/tlegrand/Documents/Robotik/gcc4mbed-master/gcc-arm-none-eabi/bin/../lib/gcc/arm-none-eabi/4.7.3/../../../../arm-none-eabi/lib/armv7-m/libc_s.a(lib_a-readr.o)
                0x00005438                _read_r
 .text._realloc_r
                0x0000545c       0x48 /home/tlegrand/Documents/Robotik/gcc4mbed-master/gcc-arm-none-eabi/bin/../lib/gcc/arm-none-eabi/4.7.3/../../../../arm-none-eabi/lib/armv7-m/libc_s.a(lib_a-reallocr.o)
                0x0000545c                _realloc_r
 .text.__fpclassifyd
                0x000054a4       0x64 /home/tlegrand/Documents/Robotik/gcc4mbed-master/gcc-arm-none-eabi/bin/../lib/gcc/arm-none-eabi/4.7.3/../../../../arm-none-eabi/lib/armv7-m/libc_s.a(lib_a-s_fpclassify.o)
                0x000054a4                __fpclassifyd
 .text.nanf     0x00005508        0x8 /home/tlegrand/Documents/Robotik/gcc4mbed-master/gcc-arm-none-eabi/bin/../lib/gcc/arm-none-eabi/4.7.3/../../../../arm-none-eabi/lib/armv7-m/libc_s.a(lib_a-sf_nan.o)
                0x00005508                nanf
 .text.sprintf  0x00005510       0x48 /home/tlegrand/Documents/Robotik/gcc4mbed-master/gcc-arm-none-eabi/bin/../lib/gcc/arm-none-eabi/4.7.3/../../../../arm-none-eabi/lib/armv7-m/libc_s.a(lib_a-sprintf.o)
                0x00005510                sprintf
                0x00005510                siprintf
 .text.match    0x00005558       0x2a /home/tlegrand/Documents/Robotik/gcc4mbed-master/gcc-arm-none-eabi/bin/../lib/gcc/arm-none-eabi/4.7.3/../../../../arm-none-eabi/lib/armv7-m/libc_s.a(lib_a-strtod.o)
 *fill*         0x00005582        0x6 00
 .text._strtod_r
                0x00005588      0xb10 /home/tlegrand/Documents/Robotik/gcc4mbed-master/gcc-arm-none-eabi/bin/../lib/gcc/arm-none-eabi/4.7.3/../../../../arm-none-eabi/lib/armv7-m/libc_s.a(lib_a-strtod.o)
                0x00005588                _strtod_r
 .text._strtol_r
                0x00006098      0x10c /home/tlegrand/Documents/Robotik/gcc4mbed-master/gcc-arm-none-eabi/bin/../lib/gcc/arm-none-eabi/4.7.3/../../../../arm-none-eabi/lib/armv7-m/libc_s.a(lib_a-strtol.o)
                0x00006098                _strtol_r
 .text.__ssputc_r
                0x000061a4       0xae /home/tlegrand/Documents/Robotik/gcc4mbed-master/gcc-arm-none-eabi/bin/../lib/gcc/arm-none-eabi/4.7.3/../../../../arm-none-eabi/lib/armv7-m/libc_s.a(lib_a-svfprintf.o)
                0x000061a4                __ssputc_r
 *fill*         0x00006252        0x2 00
 .text._svfprintf_r
                0x00006254      0x1f4 /home/tlegrand/Documents/Robotik/gcc4mbed-master/gcc-arm-none-eabi/bin/../lib/gcc/arm-none-eabi/4.7.3/../../../../arm-none-eabi/lib/armv7-m/libc_s.a(lib_a-svfprintf.o)
                0x00006254                _svfprintf_r
                0x00006254                _svfiprintf_r
 .text._calloc_r
                0x00006448       0x1c /home/tlegrand/Documents/Robotik/gcc4mbed-master/gcc-arm-none-eabi/bin/../lib/gcc/arm-none-eabi/4.7.3/../../../../arm-none-eabi/lib/armv7-m/libc_s.a(lib_a-callocr.o)
                0x00006448                _calloc_r
 .text._fstat_r
                0x00006464       0x24 /home/tlegrand/Documents/Robotik/gcc4mbed-master/gcc-arm-none-eabi/bin/../lib/gcc/arm-none-eabi/4.7.3/../../../../arm-none-eabi/lib/armv7-m/libc_s.a(lib_a-fstatr.o)
                0x00006464                _fstat_r
 .text.rshift   0x00006488       0x72 /home/tlegrand/Documents/Robotik/gcc4mbed-master/gcc-arm-none-eabi/bin/../lib/gcc/arm-none-eabi/4.7.3/../../../../arm-none-eabi/lib/armv7-m/libc_s.a(lib_a-gdtoa-gethex.o)
 *fill*         0x000064fa        0x2 00
 .text.htinit.constprop.0
                0x000064fc       0x18 /home/tlegrand/Documents/Robotik/gcc4mbed-master/gcc-arm-none-eabi/bin/../lib/gcc/arm-none-eabi/4.7.3/../../../../arm-none-eabi/lib/armv7-m/libc_s.a(lib_a-gdtoa-gethex.o)
 .text.__hexdig_init
                0x00006514       0x2c /home/tlegrand/Documents/Robotik/gcc4mbed-master/gcc-arm-none-eabi/bin/../lib/gcc/arm-none-eabi/4.7.3/../../../../arm-none-eabi/lib/armv7-m/libc_s.a(lib_a-gdtoa-gethex.o)
                0x00006514                __hexdig_init
 .text.__gethex
                0x00006540      0x474 /home/tlegrand/Documents/Robotik/gcc4mbed-master/gcc-arm-none-eabi/bin/../lib/gcc/arm-none-eabi/4.7.3/../../../../arm-none-eabi/lib/armv7-m/libc_s.a(lib_a-gdtoa-gethex.o)
                0x00006540                __gethex
 .text.L_shift  0x000069b4       0x28 /home/tlegrand/Documents/Robotik/gcc4mbed-master/gcc-arm-none-eabi/bin/../lib/gcc/arm-none-eabi/4.7.3/../../../../arm-none-eabi/lib/armv7-m/libc_s.a(lib_a-gdtoa-hexnan.o)
 .text.__hexnan
                0x000069dc      0x124 /home/tlegrand/Documents/Robotik/gcc4mbed-master/gcc-arm-none-eabi/bin/../lib/gcc/arm-none-eabi/4.7.3/../../../../arm-none-eabi/lib/armv7-m/libc_s.a(lib_a-gdtoa-hexnan.o)
                0x000069dc                __hexnan
 .text._isatty_r
                0x00006b00       0x20 /home/tlegrand/Documents/Robotik/gcc4mbed-master/gcc-arm-none-eabi/bin/../lib/gcc/arm-none-eabi/4.7.3/../../../../arm-none-eabi/lib/armv7-m/libc_s.a(lib_a-isattyr.o)
                0x00006b00                _isatty_r
 .text._malloc_usable_size_r
                0x00006b20       0x12 /home/tlegrand/Documents/Robotik/gcc4mbed-master/gcc-arm-none-eabi/bin/../lib/gcc/arm-none-eabi/4.7.3/../../../../arm-none-eabi/lib/armv7-m/libc_s.a(lib_a-msizer.o)
                0x00006b20                _malloc_usable_size_r
 *fill*         0x00006b32        0x2 00
 .text          0x00006b34       0x40 /home/tlegrand/Documents/Robotik/gcc4mbed-master/gcc-arm-none-eabi/bin/../lib/gcc/arm-none-eabi/4.7.3/armv7-m/libgcc.a(_arm_fixunsdfsi.o)
                0x00006b34                __fixunsdfsi
                0x00006b34                __aeabi_d2uiz
 .text._isatty  0x00006b74       0x10 /home/tlegrand/Documents/Robotik/gcc4mbed-master/gcc-arm-none-eabi/bin/../lib/gcc/arm-none-eabi/4.7.3/../../../../arm-none-eabi/lib/armv7-m/libnosys.a(isatty.o)
                0x00006b74                _isatty
 .text._sbrk    0x00006b84       0x20 /home/tlegrand/Documents/Robotik/gcc4mbed-master/gcc-arm-none-eabi/bin/../lib/gcc/arm-none-eabi/4.7.3/../../../../arm-none-eabi/lib/armv7-m/libnosys.a(sbrk.o)
                0x00006b84                _sbrk
 .text.fabs     0x00006ba4        0x8 /home/tlegrand/Documents/Robotik/gcc4mbed-master/gcc-arm-none-eabi/bin/../lib/gcc/arm-none-eabi/4.7.3/../../../../arm-none-eabi/lib/armv7-m/libm.a(lib_a-s_fabs.o)
                0x00006ba4                fabs
 *(.init)
 .init          0x00006bac        0x4 /home/tlegrand/Documents/Robotik/gcc4mbed-master/gcc-arm-none-eabi/bin/../lib/gcc/arm-none-eabi/4.7.3/armv7-m/crti.o
                0x00006bac                _init
 .init          0x00006bb0        0x8 /home/tlegrand/Documents/Robotik/gcc4mbed-master/gcc-arm-none-eabi/bin/../lib/gcc/arm-none-eabi/4.7.3/armv7-m/crtn.o
 *(.fini)
 .fini          0x00006bb8        0x4 /home/tlegrand/Documents/Robotik/gcc4mbed-master/gcc-arm-none-eabi/bin/../lib/gcc/arm-none-eabi/4.7.3/armv7-m/crti.o
                0x00006bb8                _fini
 .fini          0x00006bbc        0x8 /home/tlegrand/Documents/Robotik/gcc4mbed-master/gcc-arm-none-eabi/bin/../lib/gcc/arm-none-eabi/4.7.3/armv7-m/crtn.o
 *crtbegin.o(.ctors)
 *crtbegin?.o(.ctors)
 *(EXCLUDE_FILE(*crtend.o *crtend?.o) .ctors)
 *(SORT(.ctors.*))
 *(.ctors)
 *crtbegin.o(.dtors)
 *crtbegin?.o(.dtors)
 *(EXCLUDE_FILE(*crtend.o *crtend?.o) .dtors)
 *(SORT(.dtors.*))
 *(.dtors)
 *(.rodata*)
 .rodata.str1.4
                0x00006bc4       0x24 LPC176x/./main.o
 .rodata.str1.4
                0x00006be8       0x2e /home/tlegrand/Documents/Robotik/gcc4mbed-master/external/mbed/LPC1768/GCC_ARM/libmbed.a(gpio_irq_api.o)
                                 0x30 (size before relaxing)
 *fill*         0x00006c16        0x2 00
 .rodata._ZTIN4mbed11InterruptInE
                0x00006c18        0x8 /home/tlegrand/Documents/Robotik/gcc4mbed-master/external/mbed/LPC1768/GCC_ARM/libmbed.a(InterruptIn.o)
                0x00006c18                typeinfo for mbed::InterruptIn
 .rodata._ZTVN4mbed11InterruptInE
                0x00006c20       0x10 /home/tlegrand/Documents/Robotik/gcc4mbed-master/external/mbed/LPC1768/GCC_ARM/libmbed.a(InterruptIn.o)
                0x00006c20                vtable for mbed::InterruptIn
 .rodata._ZTSN4mbed11InterruptInE
                0x00006c30       0x18 /home/tlegrand/Documents/Robotik/gcc4mbed-master/external/mbed/LPC1768/GCC_ARM/libmbed.a(InterruptIn.o)
                0x00006c30                typeinfo name for mbed::InterruptIn
 .rodata.PinMap_UART_RX
                0x00006c48       0x6c /home/tlegrand/Documents/Robotik/gcc4mbed-master/external/mbed/LPC1768/GCC_ARM/libmbed.a(serial_api.o)
 .rodata.str1.4
                0x00006cb4       0xa5 /home/tlegrand/Documents/Robotik/gcc4mbed-master/external/mbed/LPC1768/GCC_ARM/libmbed.a(serial_api.o)
                                 0xa8 (size before relaxing)
 *fill*         0x00006d59        0x3 00
 .rodata.PinMap_UART_TX
                0x00006d5c       0x6c /home/tlegrand/Documents/Robotik/gcc4mbed-master/external/mbed/LPC1768/GCC_ARM/libmbed.a(serial_api.o)
 .rodata.str1.4
                0x00006dc8       0x48 /home/tlegrand/Documents/Robotik/gcc4mbed-master/external/mbed/LPC1768/GCC_ARM/libmbed.a(pinmap_common.o)
 .rodata._ZTVN10__cxxabiv120__si_class_type_infoE
                0x00006e10       0x30 /home/tlegrand/Documents/Robotik/gcc4mbed-master/gcc-arm-none-eabi/bin/../lib/gcc/arm-none-eabi/4.7.3/../../../../arm-none-eabi/lib/armv7-m/libstdc++_s.a(si_class_type_info.o)
                0x00006e10                vtable for __cxxabiv1::__si_class_type_info
 .rodata._ZTIN10__cxxabiv120__si_class_type_infoE
                0x00006e40        0xc /home/tlegrand/Documents/Robotik/gcc4mbed-master/gcc-arm-none-eabi/bin/../lib/gcc/arm-none-eabi/4.7.3/../../../../arm-none-eabi/lib/armv7-m/libstdc++_s.a(si_class_type_info.o)
                0x00006e40                typeinfo for __cxxabiv1::__si_class_type_info
 .rodata._ZTSN10__cxxabiv120__si_class_type_infoE
                0x00006e4c       0x25 /home/tlegrand/Documents/Robotik/gcc4mbed-master/gcc-arm-none-eabi/bin/../lib/gcc/arm-none-eabi/4.7.3/../../../../arm-none-eabi/lib/armv7-m/libstdc++_s.a(si_class_type_info.o)
                0x00006e4c                typeinfo name for __cxxabiv1::__si_class_type_info
 *fill*         0x00006e71        0x7 00
 .rodata._ZTVN10__cxxabiv117__class_type_infoE
                0x00006e78       0x30 /home/tlegrand/Documents/Robotik/gcc4mbed-master/gcc-arm-none-eabi/bin/../lib/gcc/arm-none-eabi/4.7.3/../../../../arm-none-eabi/lib/armv7-m/libstdc++_s.a(class_type_info.o)
                0x00006e78                vtable for __cxxabiv1::__class_type_info
 .rodata._ZTIN10__cxxabiv117__class_type_infoE
                0x00006ea8        0xc /home/tlegrand/Documents/Robotik/gcc4mbed-master/gcc-arm-none-eabi/bin/../lib/gcc/arm-none-eabi/4.7.3/../../../../arm-none-eabi/lib/armv7-m/libstdc++_s.a(class_type_info.o)
                0x00006ea8                typeinfo for __cxxabiv1::__class_type_info
 .rodata._ZTSN10__cxxabiv117__class_type_infoE
                0x00006eb4       0x22 /home/tlegrand/Documents/Robotik/gcc4mbed-master/gcc-arm-none-eabi/bin/../lib/gcc/arm-none-eabi/4.7.3/../../../../arm-none-eabi/lib/armv7-m/libstdc++_s.a(class_type_info.o)
                0x00006eb4                typeinfo name for __cxxabiv1::__class_type_info
 *fill*         0x00006ed6        0x2 00
 .rodata._ZTISt9type_info
                0x00006ed8        0x8 /home/tlegrand/Documents/Robotik/gcc4mbed-master/gcc-arm-none-eabi/bin/../lib/gcc/arm-none-eabi/4.7.3/../../../../arm-none-eabi/lib/armv7-m/libstdc++_s.a(tinfo.o)
                0x00006ed8                typeinfo for std::type_info
 .rodata._ZTSSt9type_info
                0x00006ee0        0xd /home/tlegrand/Documents/Robotik/gcc4mbed-master/gcc-arm-none-eabi/bin/../lib/gcc/arm-none-eabi/4.7.3/../../../../arm-none-eabi/lib/armv7-m/libstdc++_s.a(tinfo.o)
                0x00006ee0                typeinfo name for std::type_info
 *fill*         0x00006eed        0x3 00
 .rodata._ZTVSt9type_info
                0x00006ef0       0x20 /home/tlegrand/Documents/Robotik/gcc4mbed-master/gcc-arm-none-eabi/bin/../lib/gcc/arm-none-eabi/4.7.3/../../../../arm-none-eabi/lib/armv7-m/libstdc++_s.a(tinfo.o)
                0x00006ef0                vtable for std::type_info
 .rodata.str1.1
                0x00006f10        0x2 /home/tlegrand/Documents/Robotik/gcc4mbed-master/gcc-arm-none-eabi/bin/../lib/gcc/arm-none-eabi/4.7.3/../../../../arm-none-eabi/lib/armv7-m/libc_s.a(lib_a-impure.o)
 *fill*         0x00006f12        0x2 00
 .rodata._global_impure_ptr
                0x00006f14        0x4 /home/tlegrand/Documents/Robotik/gcc4mbed-master/gcc-arm-none-eabi/bin/../lib/gcc/arm-none-eabi/4.7.3/../../../../arm-none-eabi/lib/armv7-m/libc_s.a(lib_a-impure.o)
                0x00006f14                _global_impure_ptr
 .rodata.str1.1
                0x00006f18       0x11 /home/tlegrand/Documents/Robotik/gcc4mbed-master/gcc-arm-none-eabi/bin/../lib/gcc/arm-none-eabi/4.7.3/../../../../arm-none-eabi/lib/armv7-m/libc_s.a(lib_a-vfprintf.o)
 .rodata.str1.1
                0x00006f29       0x10 /home/tlegrand/Documents/Robotik/gcc4mbed-master/gcc-arm-none-eabi/bin/../lib/gcc/arm-none-eabi/4.7.3/../../../../arm-none-eabi/lib/armv7-m/libc_s.a(lib_a-vfprintf_float.o)
 .rodata.str1.1
                0x00006f39       0x22 /home/tlegrand/Documents/Robotik/gcc4mbed-master/gcc-arm-none-eabi/bin/../lib/gcc/arm-none-eabi/4.7.3/../../../../arm-none-eabi/lib/armv7-m/libc_s.a(lib_a-vfprintf_i.o)
 .rodata.str1.1
                0x00006f5b        0x5 /home/tlegrand/Documents/Robotik/gcc4mbed-master/gcc-arm-none-eabi/bin/../lib/gcc/arm-none-eabi/4.7.3/../../../../arm-none-eabi/lib/armv7-m/libc_s.a(lib_a-vfscanf_float.o)
 .rodata._ctype_
                0x00006f60      0x101 /home/tlegrand/Documents/Robotik/gcc4mbed-master/gcc-arm-none-eabi/bin/../lib/gcc/arm-none-eabi/4.7.3/../../../../arm-none-eabi/lib/armv7-m/libc_s.a(lib_a-ctype_.o)
                0x00006f60                _ctype_
 .rodata.str1.1
                0x00007061        0xf /home/tlegrand/Documents/Robotik/gcc4mbed-master/gcc-arm-none-eabi/bin/../lib/gcc/arm-none-eabi/4.7.3/../../../../arm-none-eabi/lib/armv7-m/libc_s.a(lib_a-dtoa.o)
 .rodata.__sf_fake_stdin
                0x00007070       0x20 /home/tlegrand/Documents/Robotik/gcc4mbed-master/gcc-arm-none-eabi/bin/../lib/gcc/arm-none-eabi/4.7.3/../../../../arm-none-eabi/lib/armv7-m/libc_s.a(lib_a-findfp.o)
                0x00007070                __sf_fake_stdin
 .rodata.__sf_fake_stdout
                0x00007090       0x20 /home/tlegrand/Documents/Robotik/gcc4mbed-master/gcc-arm-none-eabi/bin/../lib/gcc/arm-none-eabi/4.7.3/../../../../arm-none-eabi/lib/armv7-m/libc_s.a(lib_a-findfp.o)
                0x00007090                __sf_fake_stdout
 .rodata.__sf_fake_stderr
                0x000070b0       0x20 /home/tlegrand/Documents/Robotik/gcc4mbed-master/gcc-arm-none-eabi/bin/../lib/gcc/arm-none-eabi/4.7.3/../../../../arm-none-eabi/lib/armv7-m/libc_s.a(lib_a-findfp.o)
                0x000070b0                __sf_fake_stderr
 .rodata.str1.1
                0x000070d0        0x8 /home/tlegrand/Documents/Robotik/gcc4mbed-master/gcc-arm-none-eabi/bin/../lib/gcc/arm-none-eabi/4.7.3/../../../../arm-none-eabi/lib/armv7-m/libc_s.a(lib_a-locale.o)
                                  0xb (size before relaxing)
 .rodata.__mprec_tens
                0x000070d8       0xc8 /home/tlegrand/Documents/Robotik/gcc4mbed-master/gcc-arm-none-eabi/bin/../lib/gcc/arm-none-eabi/4.7.3/../../../../arm-none-eabi/lib/armv7-m/libc_s.a(lib_a-mprec.o)
                0x000070d8                __mprec_tens
 .rodata.p05.5252
                0x000071a0        0xc /home/tlegrand/Documents/Robotik/gcc4mbed-master/gcc-arm-none-eabi/bin/../lib/gcc/arm-none-eabi/4.7.3/../../../../arm-none-eabi/lib/armv7-m/libc_s.a(lib_a-mprec.o)
 *fill*         0x000071ac        0x4 00
 .rodata.__mprec_bigtens
                0x000071b0       0x28 /home/tlegrand/Documents/Robotik/gcc4mbed-master/gcc-arm-none-eabi/bin/../lib/gcc/arm-none-eabi/4.7.3/../../../../arm-none-eabi/lib/armv7-m/libc_s.a(lib_a-mprec.o)
                0x000071b0                __mprec_bigtens
 .rodata.str1.1
                0x00000000        0x8 /home/tlegrand/Documents/Robotik/gcc4mbed-master/gcc-arm-none-eabi/bin/../lib/gcc/arm-none-eabi/4.7.3/../../../../arm-none-eabi/lib/armv7-m/libc_s.a(lib_a-strtod.o)
                                  0xc (size before relaxing)
 .rodata.tinytens
                0x000071d8       0x28 /home/tlegrand/Documents/Robotik/gcc4mbed-master/gcc-arm-none-eabi/bin/../lib/gcc/arm-none-eabi/4.7.3/../../../../arm-none-eabi/lib/armv7-m/libc_s.a(lib_a-strtod.o)
 .rodata.str1.1
                0x00000000       0x11 /home/tlegrand/Documents/Robotik/gcc4mbed-master/gcc-arm-none-eabi/bin/../lib/gcc/arm-none-eabi/4.7.3/../../../../arm-none-eabi/lib/armv7-m/libc_s.a(lib_a-svfprintf.o)
 .rodata.str1.1
                0x00007200        0xb /home/tlegrand/Documents/Robotik/gcc4mbed-master/gcc-arm-none-eabi/bin/../lib/gcc/arm-none-eabi/4.7.3/../../../../arm-none-eabi/lib/armv7-m/libc_s.a(lib_a-gdtoa-gethex.o)
                                 0x19 (size before relaxing)
 *(.eh_frame*)
 *fill*         0x0000720b        0x1 00
 .eh_frame      0x0000720c        0x0 /home/tlegrand/Documents/Robotik/gcc4mbed-master/gcc-arm-none-eabi/bin/../lib/gcc/arm-none-eabi/4.7.3/armv7-m/crtbegin.o
 .eh_frame      0x0000720c        0x4 /home/tlegrand/Documents/Robotik/gcc4mbed-master/gcc-arm-none-eabi/bin/../lib/gcc/arm-none-eabi/4.7.3/armv7-m/crtend.o

.glue_7         0x00007210        0x0
 .glue_7        0x00000000        0x0 linker stubs

.glue_7t        0x00007210        0x0
 .glue_7t       0x00000000        0x0 linker stubs

.vfp11_veneer   0x00007210        0x0
 .vfp11_veneer  0x00000000        0x0 linker stubs

.v4_bx          0x00007210        0x0
 .v4_bx         0x00000000        0x0 linker stubs

.iplt           0x00007210        0x0
 .iplt          0x00000000        0x0 /home/tlegrand/Documents/Robotik/gcc4mbed-master/gcc-arm-none-eabi/bin/../lib/gcc/arm-none-eabi/4.7.3/armv7-m/crtbegin.o

.rel.dyn        0x00007210        0x0
 .rel.iplt      0x00000000        0x0 /home/tlegrand/Documents/Robotik/gcc4mbed-master/gcc-arm-none-eabi/bin/../lib/gcc/arm-none-eabi/4.7.3/armv7-m/crtbegin.o

.ARM.extab
 *(.ARM.extab* .gnu.linkonce.armextab.*)
                0x00007210                __exidx_start = .

.ARM.exidx
 *(.ARM.exidx* .gnu.linkonce.armexidx.*)
                0x00007210                __exidx_end = .
                0x00007210                __etext = .

.data           0x100000c8       0xd8 load address 0x00007210
                0x100000c8                __data_start__ = .
                0x100000c8                Image$$RW_IRAM1$$Base = .
 *(vtable)
 *(.data*)
 .data.SystemCoreClock
                0x100000c8        0x4 /home/tlegrand/Documents/Robotik/gcc4mbed-master/external/mbed/LPC1768/GCC_ARM/system_LPC17xx.o
                0x100000c8                SystemCoreClock
 .data.impure_data
                0x100000cc       0x64 /home/tlegrand/Documents/Robotik/gcc4mbed-master/gcc-arm-none-eabi/bin/../lib/gcc/arm-none-eabi/4.7.3/../../../../arm-none-eabi/lib/armv7-m/libc_s.a(lib_a-impure.o)
 .data._impure_ptr
                0x10000130        0x4 /home/tlegrand/Documents/Robotik/gcc4mbed-master/gcc-arm-none-eabi/bin/../lib/gcc/arm-none-eabi/4.7.3/../../../../arm-none-eabi/lib/armv7-m/libc_s.a(lib_a-impure.o)
                0x10000130                _impure_ptr
 .data.__ctype_ptr__
                0x10000134        0x4 /home/tlegrand/Documents/Robotik/gcc4mbed-master/gcc-arm-none-eabi/bin/../lib/gcc/arm-none-eabi/4.7.3/../../../../arm-none-eabi/lib/armv7-m/libc_s.a(lib_a-ctype_.o)
                0x10000134                __ctype_ptr__
 .data.lconv    0x10000138       0x38 /home/tlegrand/Documents/Robotik/gcc4mbed-master/gcc-arm-none-eabi/bin/../lib/gcc/arm-none-eabi/4.7.3/../../../../arm-none-eabi/lib/armv7-m/libc_s.a(lib_a-locale.o)
 .data.fpi.5208
                0x10000170       0x14 /home/tlegrand/Documents/Robotik/gcc4mbed-master/gcc-arm-none-eabi/bin/../lib/gcc/arm-none-eabi/4.7.3/../../../../arm-none-eabi/lib/armv7-m/libc_s.a(lib_a-strtod.o)
 .data.fpinan.5244
                0x10000184       0x14 /home/tlegrand/Documents/Robotik/gcc4mbed-master/gcc-arm-none-eabi/bin/../lib/gcc/arm-none-eabi/4.7.3/../../../../arm-none-eabi/lib/armv7-m/libc_s.a(lib_a-strtod.o)
                0x10000198                . = ALIGN (0x4)
                0x10000198                PROVIDE (__preinit_array_start, .)
 *(.preinit_array)
                0x10000198                PROVIDE (__preinit_array_end, .)
                0x10000198                . = ALIGN (0x4)
                0x10000198                PROVIDE (__init_array_start, .)
 *(SORT(.init_array.*))
 *(.init_array)
 .init_array    0x10000198        0x4 /home/tlegrand/Documents/Robotik/gcc4mbed-master/gcc-arm-none-eabi/bin/../lib/gcc/arm-none-eabi/4.7.3/armv7-m/crtbegin.o
                0x1000019c                PROVIDE (__init_array_end, .)
                0x1000019c                . = ALIGN (0x4)
                0x1000019c                PROVIDE (__fini_array_start, .)
 *(SORT(.fini_array.*))
 *(.fini_array)
 .fini_array    0x1000019c        0x4 /home/tlegrand/Documents/Robotik/gcc4mbed-master/gcc-arm-none-eabi/bin/../lib/gcc/arm-none-eabi/4.7.3/armv7-m/crtbegin.o
                0x100001a0                PROVIDE (__fini_array_end, .)
                0x100001a0                . = ALIGN (0x4)
                0x100001a0                __data_end__ = .

.jcr            0x100001a0        0x0 load address 0x000072e8
 .jcr           0x100001a0        0x0 /home/tlegrand/Documents/Robotik/gcc4mbed-master/gcc-arm-none-eabi/bin/../lib/gcc/arm-none-eabi/4.7.3/armv7-m/crtbegin.o

.igot.plt       0x100001a0        0x0 load address 0x000072e8
 .igot.plt      0x00000000        0x0 /home/tlegrand/Documents/Robotik/gcc4mbed-master/gcc-arm-none-eabi/bin/../lib/gcc/arm-none-eabi/4.7.3/armv7-m/crtbegin.o

.bss            0x100001a0      0x300 load address 0x000072e8
                0x100001a0                __bss_start__ = .
 *(.bss*)
 .bss           0x100001a0       0x1c /home/tlegrand/Documents/Robotik/gcc4mbed-master/gcc-arm-none-eabi/bin/../lib/gcc/arm-none-eabi/4.7.3/armv7-m/crtbegin.o
 .bss.irq_handler
                0x100001bc        0x4 /home/tlegrand/Documents/Robotik/gcc4mbed-master/external/mbed/LPC1768/GCC_ARM/libmbed.a(gpio_irq_api.o)
 .bss.channel_ids
                0x100001c0       0xc0 /home/tlegrand/Documents/Robotik/gcc4mbed-master/external/mbed/LPC1768/GCC_ARM/libmbed.a(gpio_irq_api.o)
 .bss.stdio_retargeting_module
                0x10000280        0x4 /home/tlegrand/Documents/Robotik/gcc4mbed-master/external/mbed/LPC1768/GCC_ARM/libmbed.a(stdio.o)
                0x10000280                stdio_retargeting_module
 .bss._ZL11filehandles
                0x10000284      0x100 /home/tlegrand/Documents/Robotik/gcc4mbed-master/external/mbed/LPC1768/GCC_ARM/libmbed.a(stdio.o)
 .bss.stdio_uart_inited
                0x10000384        0x4 /home/tlegrand/Documents/Robotik/gcc4mbed-master/external/mbed/LPC1768/GCC_ARM/libmbed.a(serial_api.o)
                0x10000384                stdio_uart_inited
 .bss.us_ticker_running
                0x10000388        0x4 /home/tlegrand/Documents/Robotik/gcc4mbed-master/external/mbed/LPC1768/GCC_ARM/libmbed.a(us_ticker_api.o)
 .bss.__malloc_free_list
                0x1000038c        0x4 /home/tlegrand/Documents/Robotik/gcc4mbed-master/gcc-arm-none-eabi/bin/../lib/gcc/arm-none-eabi/4.7.3/../../../../arm-none-eabi/lib/armv7-m/libc_s.a(lib_a-mallocr.o)
                0x1000038c                __malloc_free_list
 .bss.heap_end.4058
                0x10000390        0x4 /home/tlegrand/Documents/Robotik/gcc4mbed-master/gcc-arm-none-eabi/bin/../lib/gcc/arm-none-eabi/4.7.3/../../../../arm-none-eabi/lib/armv7-m/libnosys.a(sbrk.o)
 *(COMMON)
 COMMON         0x10000394        0x8 /home/tlegrand/Documents/Robotik/gcc4mbed-master/external/mbed/LPC1768/GCC_ARM/libmbed.a(serial_api.o)
                0x10000394                stdio_uart
 COMMON         0x1000039c        0x4 /home/tlegrand/Documents/Robotik/gcc4mbed-master/gcc-arm-none-eabi/bin/../lib/gcc/arm-none-eabi/4.7.3/../../../../arm-none-eabi/lib/armv7-m/libc_s.a(lib_a-reent.o)
                0x1000039c                errno
 COMMON         0x100003a0      0x100 /home/tlegrand/Documents/Robotik/gcc4mbed-master/gcc-arm-none-eabi/bin/../lib/gcc/arm-none-eabi/4.7.3/../../../../arm-none-eabi/lib/armv7-m/libc_s.a(lib_a-gdtoa-gethex.o)
                0x100003a0                __hexdig
                0x100004a0                __bss_end__ = .
                0x100004a0                Image$$RW_IRAM1$$ZI$$Limit = .

.heap           0x100004a0      0x800
                0x100004a0                __end__ = .
                0x100004a0                end = __end__
 *(.heap*)
 .heap          0x100004a0      0x800 /home/tlegrand/Documents/Robotik/gcc4mbed-master/external/mbed/LPC1768/GCC_ARM/startup_LPC17xx.o
                0x100004a0                __HeapBase
                0x10000ca0                __HeapLimit = .

.stack_dummy    0x100004a0      0xc00
 *(.stack)
 .stack         0x100004a0      0xc00 /home/tlegrand/Documents/Robotik/gcc4mbed-master/external/mbed/LPC1768/GCC_ARM/startup_LPC17xx.o
                0x10008000                __StackTop = (ORIGIN (RAM) + 0x7f38)
                0x10007400                __StackLimit = (__StackTop - SIZEOF (.stack_dummy))
                0x10008000                PROVIDE (__stack, __StackTop)
                0x10000ca0                PROVIDE (__heapLimit, __HeapLimit)
                0x00007360                PROVIDE (__stackSize, (__StackTop - __HeapLimit))
                0x00000001                ASSERT ((__StackLimit >= __HeapLimit), region RAM overflowed with stack)

.AHBSRAM0       0x2007c000        0x0
                0x2007c000                Image$$RW_IRAM2$$Base = .
 *(AHBSRAM0)
                0x2007c000                Image$$RW_IRAM2$$ZI$$Limit = .

.AHBSRAM1       0x20080000        0x0
                0x20080000                Image$$RW_IRAM3$$Base = .
 *(AHBSRAM1)
                0x20080000                Image$$RW_IRAM3$$ZI$$Limit = .
OUTPUT(MaxbotixMbed.elf elf32-littlearm)

.ARM.attributes
                0x00000000       0x29
 .ARM.attributes
                0x00000000       0x1d /home/tlegrand/Documents/Robotik/gcc4mbed-master/gcc-arm-none-eabi/bin/../lib/gcc/arm-none-eabi/4.7.3/armv7-m/crti.o
 .ARM.attributes
                0x0000001d       0x2d /home/tlegrand/Documents/Robotik/gcc4mbed-master/gcc-arm-none-eabi/bin/../lib/gcc/arm-none-eabi/4.7.3/armv7-m/crtbegin.o
 .ARM.attributes
                0x0000004a       0x33 LPC176x/./main.o
 .ARM.attributes
                0x0000007d       0x33 LPC176x/./MaxbotixDriver/sonar.o
 .ARM.attributes
                0x000000b0       0x33 LPC176x/gcc4mbed.o
 .ARM.attributes
                0x000000e3       0x1b /home/tlegrand/Documents/Robotik/gcc4mbed-master/external/mbed/LPC1768/GCC_ARM/startup_LPC17xx.o
 .ARM.attributes
                0x000000fe       0x33 /home/tlegrand/Documents/Robotik/gcc4mbed-master/external/mbed/LPC1768/GCC_ARM/cmsis_nvic.o
 .ARM.attributes
                0x00000131       0x33 /home/tlegrand/Documents/Robotik/gcc4mbed-master/external/mbed/LPC1768/GCC_ARM/system_LPC17xx.o
 .ARM.attributes
                0x00000164       0x33 /home/tlegrand/Documents/Robotik/gcc4mbed-master/external/mbed/LPC1768/GCC_ARM/libmbed.a(gpio_irq_api.o)
 .ARM.attributes
                0x00000197       0x33 /home/tlegrand/Documents/Robotik/gcc4mbed-master/external/mbed/LPC1768/GCC_ARM/libmbed.a(exit.o)
 .ARM.attributes
                0x000001ca       0x33 /home/tlegrand/Documents/Robotik/gcc4mbed-master/external/mbed/LPC1768/GCC_ARM/libmbed.a(mbed_interface.o)
 .ARM.attributes
                0x000001fd       0x33 /home/tlegrand/Documents/Robotik/gcc4mbed-master/external/mbed/LPC1768/GCC_ARM/libmbed.a(semihost_api.o)
 .ARM.attributes
                0x00000230       0x33 /home/tlegrand/Documents/Robotik/gcc4mbed-master/external/mbed/LPC1768/GCC_ARM/libmbed.a(wait_api.o)
 .ARM.attributes
                0x00000263       0x33 /home/tlegrand/Documents/Robotik/gcc4mbed-master/external/mbed/LPC1768/GCC_ARM/libmbed.a(InterruptIn.o)
 .ARM.attributes
                0x00000296       0x33 /home/tlegrand/Documents/Robotik/gcc4mbed-master/external/mbed/LPC1768/GCC_ARM/libmbed.a(stdio.o)
 .ARM.attributes
                0x000002c9       0x33 /home/tlegrand/Documents/Robotik/gcc4mbed-master/external/mbed/LPC1768/GCC_ARM/libmbed.a(Timer.o)
 .ARM.attributes
                0x000002fc       0x33 /home/tlegrand/Documents/Robotik/gcc4mbed-master/external/mbed/LPC1768/GCC_ARM/libmbed.a(board.o)
 .ARM.attributes
                0x0000032f       0x33 /home/tlegrand/Documents/Robotik/gcc4mbed-master/external/mbed/LPC1768/GCC_ARM/libmbed.a(gpio_api.o)
 .ARM.attributes
                0x00000362       0x33 /home/tlegrand/Documents/Robotik/gcc4mbed-master/external/mbed/LPC1768/GCC_ARM/libmbed.a(pinmap.o)
 .ARM.attributes
                0x00000395       0x33 /home/tlegrand/Documents/Robotik/gcc4mbed-master/external/mbed/LPC1768/GCC_ARM/libmbed.a(semihost.o)
 .ARM.attributes
                0x000003c8       0x33 /home/tlegrand/Documents/Robotik/gcc4mbed-master/external/mbed/LPC1768/GCC_ARM/libmbed.a(serial_api.o)
 .ARM.attributes
                0x000003fb       0x33 /home/tlegrand/Documents/Robotik/gcc4mbed-master/external/mbed/LPC1768/GCC_ARM/libmbed.a(us_ticker_api.o)
 .ARM.attributes
                0x0000042e       0x33 /home/tlegrand/Documents/Robotik/gcc4mbed-master/external/mbed/LPC1768/GCC_ARM/libmbed.a(pinmap_common.o)
 .ARM.attributes
                0x00000461       0x33 /home/tlegrand/Documents/Robotik/gcc4mbed-master/external/mbed/LPC1768/GCC_ARM/libmbed.a(FunctionPointer.o)
 .ARM.attributes
                0x00000494       0x2d /home/tlegrand/Documents/Robotik/gcc4mbed-master/gcc-arm-none-eabi/bin/../lib/gcc/arm-none-eabi/4.7.3/../../../../arm-none-eabi/lib/armv7-m/libstdc++_s.a(si_class_type_info.o)
 .ARM.attributes
                0x000004c1       0x2d /home/tlegrand/Documents/Robotik/gcc4mbed-master/gcc-arm-none-eabi/bin/../lib/gcc/arm-none-eabi/4.7.3/../../../../arm-none-eabi/lib/armv7-m/libstdc++_s.a(del_op.o)
 .ARM.attributes
                0x000004ee       0x2d /home/tlegrand/Documents/Robotik/gcc4mbed-master/gcc-arm-none-eabi/bin/../lib/gcc/arm-none-eabi/4.7.3/../../../../arm-none-eabi/lib/armv7-m/libstdc++_s.a(class_type_info.o)
 .ARM.attributes
                0x0000051b       0x2d /home/tlegrand/Documents/Robotik/gcc4mbed-master/gcc-arm-none-eabi/bin/../lib/gcc/arm-none-eabi/4.7.3/../../../../arm-none-eabi/lib/armv7-m/libstdc++_s.a(tinfo.o)
 .ARM.attributes
                0x00000548       0x1d /home/tlegrand/Documents/Robotik/gcc4mbed-master/gcc-arm-none-eabi/bin/../lib/gcc/arm-none-eabi/4.7.3/armv7-m/libgcc.a(_arm_addsubdf3.o)
 .ARM.attributes
                0x00000565       0x1d /home/tlegrand/Documents/Robotik/gcc4mbed-master/gcc-arm-none-eabi/bin/../lib/gcc/arm-none-eabi/4.7.3/armv7-m/libgcc.a(_arm_muldivdf3.o)
 .ARM.attributes
                0x00000582       0x1d /home/tlegrand/Documents/Robotik/gcc4mbed-master/gcc-arm-none-eabi/bin/../lib/gcc/arm-none-eabi/4.7.3/armv7-m/libgcc.a(_arm_cmpdf2.o)
 .ARM.attributes
                0x0000059f       0x1d /home/tlegrand/Documents/Robotik/gcc4mbed-master/gcc-arm-none-eabi/bin/../lib/gcc/arm-none-eabi/4.7.3/armv7-m/libgcc.a(_arm_fixdfsi.o)
 .ARM.attributes
                0x000005bc       0x1d /home/tlegrand/Documents/Robotik/gcc4mbed-master/gcc-arm-none-eabi/bin/../lib/gcc/arm-none-eabi/4.7.3/armv7-m/libgcc.a(_arm_truncdfsf2.o)
 .ARM.attributes
                0x000005d9       0x1d /home/tlegrand/Documents/Robotik/gcc4mbed-master/gcc-arm-none-eabi/bin/../lib/gcc/arm-none-eabi/4.7.3/armv7-m/libgcc.a(_arm_addsubsf3.o)
 .ARM.attributes
                0x000005f6       0x1d /home/tlegrand/Documents/Robotik/gcc4mbed-master/gcc-arm-none-eabi/bin/../lib/gcc/arm-none-eabi/4.7.3/armv7-m/libgcc.a(_arm_muldivsf3.o)
 .ARM.attributes
                0x00000613       0x1d /home/tlegrand/Documents/Robotik/gcc4mbed-master/gcc-arm-none-eabi/bin/../lib/gcc/arm-none-eabi/4.7.3/armv7-m/libgcc.a(_arm_cmpsf2.o)
 .ARM.attributes
                0x00000630       0x2d /home/tlegrand/Documents/Robotik/gcc4mbed-master/gcc-arm-none-eabi/bin/../lib/gcc/arm-none-eabi/4.7.3/../../../../arm-none-eabi/lib/armv7-m/libc_s.a(lib_a-errno.o)
 .ARM.attributes
                0x0000065d       0x2d /home/tlegrand/Documents/Robotik/gcc4mbed-master/gcc-arm-none-eabi/bin/../lib/gcc/arm-none-eabi/4.7.3/../../../../arm-none-eabi/lib/armv7-m/libc_s.a(lib_a-fprintf.o)
 .ARM.attributes
                0x0000068a       0x2d /home/tlegrand/Documents/Robotik/gcc4mbed-master/gcc-arm-none-eabi/bin/../lib/gcc/arm-none-eabi/4.7.3/../../../../arm-none-eabi/lib/armv7-m/libc_s.a(lib_a-impure.o)
 .ARM.attributes
                0x000006b7       0x2d /home/tlegrand/Documents/Robotik/gcc4mbed-master/gcc-arm-none-eabi/bin/../lib/gcc/arm-none-eabi/4.7.3/../../../../arm-none-eabi/lib/armv7-m/libc_s.a(lib_a-init.o)
 .ARM.attributes
                0x000006e4       0x2d /home/tlegrand/Documents/Robotik/gcc4mbed-master/gcc-arm-none-eabi/bin/../lib/gcc/arm-none-eabi/4.7.3/../../../../arm-none-eabi/lib/armv7-m/libc_s.a(lib_a-malloc.o)
 .ARM.attributes
                0x00000711       0x2d /home/tlegrand/Documents/Robotik/gcc4mbed-master/gcc-arm-none-eabi/bin/../lib/gcc/arm-none-eabi/4.7.3/../../../../arm-none-eabi/lib/armv7-m/libc_s.a(lib_a-mallocr.o)
 .ARM.attributes
                0x0000073e       0x2d /home/tlegrand/Documents/Robotik/gcc4mbed-master/gcc-arm-none-eabi/bin/../lib/gcc/arm-none-eabi/4.7.3/../../../../arm-none-eabi/lib/armv7-m/libc_s.a(lib_a-memcpy.o)
 .ARM.attributes
                0x0000076b       0x2d /home/tlegrand/Documents/Robotik/gcc4mbed-master/gcc-arm-none-eabi/bin/../lib/gcc/arm-none-eabi/4.7.3/../../../../arm-none-eabi/lib/armv7-m/libc_s.a(lib_a-memset.o)
 .ARM.attributes
                0x00000798       0x2d /home/tlegrand/Documents/Robotik/gcc4mbed-master/gcc-arm-none-eabi/bin/../lib/gcc/arm-none-eabi/4.7.3/../../../../arm-none-eabi/lib/armv7-m/libc_s.a(lib_a-printf.o)
 .ARM.attributes
                0x000007c5       0x2d /home/tlegrand/Documents/Robotik/gcc4mbed-master/gcc-arm-none-eabi/bin/../lib/gcc/arm-none-eabi/4.7.3/../../../../arm-none-eabi/lib/armv7-m/libc_s.a(lib_a-puts.o)
 .ARM.attributes
                0x000007f2       0x2d /home/tlegrand/Documents/Robotik/gcc4mbed-master/gcc-arm-none-eabi/bin/../lib/gcc/arm-none-eabi/4.7.3/../../../../arm-none-eabi/lib/armv7-m/libc_s.a(lib_a-sbrkr.o)
 .ARM.attributes
                0x0000081f       0x2d /home/tlegrand/Documents/Robotik/gcc4mbed-master/gcc-arm-none-eabi/bin/../lib/gcc/arm-none-eabi/4.7.3/../../../../arm-none-eabi/lib/armv7-m/libc_s.a(lib_a-stdio.o)
 .ARM.attributes
                0x0000084c       0x2d /home/tlegrand/Documents/Robotik/gcc4mbed-master/gcc-arm-none-eabi/bin/../lib/gcc/arm-none-eabi/4.7.3/../../../../arm-none-eabi/lib/armv7-m/libc_s.a(lib_a-strcmp.o)
 .ARM.attributes
                0x00000879       0x2d /home/tlegrand/Documents/Robotik/gcc4mbed-master/gcc-arm-none-eabi/bin/../lib/gcc/arm-none-eabi/4.7.3/../../../../arm-none-eabi/lib/armv7-m/libc_s.a(lib_a-strlen.o)
 .ARM.attributes
                0x000008a6       0x2d /home/tlegrand/Documents/Robotik/gcc4mbed-master/gcc-arm-none-eabi/bin/../lib/gcc/arm-none-eabi/4.7.3/../../../../arm-none-eabi/lib/armv7-m/libc_s.a(lib_a-strncmp.o)
 .ARM.attributes
                0x000008d3       0x2d /home/tlegrand/Documents/Robotik/gcc4mbed-master/gcc-arm-none-eabi/bin/../lib/gcc/arm-none-eabi/4.7.3/../../../../arm-none-eabi/lib/armv7-m/libc_s.a(lib_a-vfprintf.o)
 .ARM.attributes
                0x00000900       0x2d /home/tlegrand/Documents/Robotik/gcc4mbed-master/gcc-arm-none-eabi/bin/../lib/gcc/arm-none-eabi/4.7.3/../../../../arm-none-eabi/lib/armv7-m/libc_s.a(lib_a-vfprintf_float.o)
 .ARM.attributes
                0x0000092d       0x2d /home/tlegrand/Documents/Robotik/gcc4mbed-master/gcc-arm-none-eabi/bin/../lib/gcc/arm-none-eabi/4.7.3/../../../../arm-none-eabi/lib/armv7-m/libc_s.a(lib_a-vfprintf_i.o)
 .ARM.attributes
                0x0000095a       0x2d /home/tlegrand/Documents/Robotik/gcc4mbed-master/gcc-arm-none-eabi/bin/../lib/gcc/arm-none-eabi/4.7.3/../../../../arm-none-eabi/lib/armv7-m/libc_s.a(lib_a-vfscanf_float.o)
 .ARM.attributes
                0x00000987       0x2d /home/tlegrand/Documents/Robotik/gcc4mbed-master/gcc-arm-none-eabi/bin/../lib/gcc/arm-none-eabi/4.7.3/../../../../arm-none-eabi/lib/armv7-m/libc_s.a(lib_a-wbuf.o)
 .ARM.attributes
                0x000009b4       0x2d /home/tlegrand/Documents/Robotik/gcc4mbed-master/gcc-arm-none-eabi/bin/../lib/gcc/arm-none-eabi/4.7.3/../../../../arm-none-eabi/lib/armv7-m/libc_s.a(lib_a-writer.o)
 .ARM.attributes
                0x000009e1       0x2d /home/tlegrand/Documents/Robotik/gcc4mbed-master/gcc-arm-none-eabi/bin/../lib/gcc/arm-none-eabi/4.7.3/../../../../arm-none-eabi/lib/armv7-m/libc_s.a(lib_a-wsetup.o)
 .ARM.attributes
                0x00000a0e       0x2d /home/tlegrand/Documents/Robotik/gcc4mbed-master/gcc-arm-none-eabi/bin/../lib/gcc/arm-none-eabi/4.7.3/../../../../arm-none-eabi/lib/armv7-m/libc_s.a(lib_a-closer.o)
 .ARM.attributes
                0x00000a3b       0x2d /home/tlegrand/Documents/Robotik/gcc4mbed-master/gcc-arm-none-eabi/bin/../lib/gcc/arm-none-eabi/4.7.3/../../../../arm-none-eabi/lib/armv7-m/libc_s.a(lib_a-ctype_.o)
 .ARM.attributes
                0x00000a68       0x2d /home/tlegrand/Documents/Robotik/gcc4mbed-master/gcc-arm-none-eabi/bin/../lib/gcc/arm-none-eabi/4.7.3/../../../../arm-none-eabi/lib/armv7-m/libc_s.a(lib_a-dtoa.o)
 .ARM.attributes
                0x00000a95       0x2d /home/tlegrand/Documents/Robotik/gcc4mbed-master/gcc-arm-none-eabi/bin/../lib/gcc/arm-none-eabi/4.7.3/../../../../arm-none-eabi/lib/armv7-m/libc_s.a(lib_a-fflush.o)
 .ARM.attributes
                0x00000ac2       0x2d /home/tlegrand/Documents/Robotik/gcc4mbed-master/gcc-arm-none-eabi/bin/../lib/gcc/arm-none-eabi/4.7.3/../../../../arm-none-eabi/lib/armv7-m/libc_s.a(lib_a-findfp.o)
 .ARM.attributes
                0x00000aef       0x2d /home/tlegrand/Documents/Robotik/gcc4mbed-master/gcc-arm-none-eabi/bin/../lib/gcc/arm-none-eabi/4.7.3/../../../../arm-none-eabi/lib/armv7-m/libc_s.a(lib_a-freer.o)
 .ARM.attributes
                0x00000b1c       0x2d /home/tlegrand/Documents/Robotik/gcc4mbed-master/gcc-arm-none-eabi/bin/../lib/gcc/arm-none-eabi/4.7.3/../../../../arm-none-eabi/lib/armv7-m/libc_s.a(lib_a-locale.o)
 .ARM.attributes
                0x00000b49       0x2d /home/tlegrand/Documents/Robotik/gcc4mbed-master/gcc-arm-none-eabi/bin/../lib/gcc/arm-none-eabi/4.7.3/../../../../arm-none-eabi/lib/armv7-m/libc_s.a(lib_a-lseekr.o)
 .ARM.attributes
                0x00000b76       0x2d /home/tlegrand/Documents/Robotik/gcc4mbed-master/gcc-arm-none-eabi/bin/../lib/gcc/arm-none-eabi/4.7.3/../../../../arm-none-eabi/lib/armv7-m/libc_s.a(lib_a-makebuf.o)
 .ARM.attributes
                0x00000ba3       0x2d /home/tlegrand/Documents/Robotik/gcc4mbed-master/gcc-arm-none-eabi/bin/../lib/gcc/arm-none-eabi/4.7.3/../../../../arm-none-eabi/lib/armv7-m/libc_s.a(lib_a-memchr.o)
 .ARM.attributes
                0x00000bd0       0x2d /home/tlegrand/Documents/Robotik/gcc4mbed-master/gcc-arm-none-eabi/bin/../lib/gcc/arm-none-eabi/4.7.3/../../../../arm-none-eabi/lib/armv7-m/libc_s.a(lib_a-mprec.o)
 .ARM.attributes
                0x00000bfd       0x2d /home/tlegrand/Documents/Robotik/gcc4mbed-master/gcc-arm-none-eabi/bin/../lib/gcc/arm-none-eabi/4.7.3/../../../../arm-none-eabi/lib/armv7-m/libc_s.a(lib_a-putc.o)
 .ARM.attributes
                0x00000c2a       0x2d /home/tlegrand/Documents/Robotik/gcc4mbed-master/gcc-arm-none-eabi/bin/../lib/gcc/arm-none-eabi/4.7.3/../../../../arm-none-eabi/lib/armv7-m/libc_s.a(lib_a-readr.o)
 .ARM.attributes
                0x00000c57       0x2d /home/tlegrand/Documents/Robotik/gcc4mbed-master/gcc-arm-none-eabi/bin/../lib/gcc/arm-none-eabi/4.7.3/../../../../arm-none-eabi/lib/armv7-m/libc_s.a(lib_a-reallocr.o)
 .ARM.attributes
                0x00000c84       0x2d /home/tlegrand/Documents/Robotik/gcc4mbed-master/gcc-arm-none-eabi/bin/../lib/gcc/arm-none-eabi/4.7.3/../../../../arm-none-eabi/lib/armv7-m/libc_s.a(lib_a-reent.o)
 .ARM.attributes
                0x00000cb1       0x2d /home/tlegrand/Documents/Robotik/gcc4mbed-master/gcc-arm-none-eabi/bin/../lib/gcc/arm-none-eabi/4.7.3/../../../../arm-none-eabi/lib/armv7-m/libc_s.a(lib_a-s_fpclassify.o)
 .ARM.attributes
                0x00000cde       0x2d /home/tlegrand/Documents/Robotik/gcc4mbed-master/gcc-arm-none-eabi/bin/../lib/gcc/arm-none-eabi/4.7.3/../../../../arm-none-eabi/lib/armv7-m/libc_s.a(lib_a-sf_nan.o)
 .ARM.attributes
                0x00000d0b       0x2d /home/tlegrand/Documents/Robotik/gcc4mbed-master/gcc-arm-none-eabi/bin/../lib/gcc/arm-none-eabi/4.7.3/../../../../arm-none-eabi/lib/armv7-m/libc_s.a(lib_a-sprintf.o)
 .ARM.attributes
                0x00000d38       0x2d /home/tlegrand/Documents/Robotik/gcc4mbed-master/gcc-arm-none-eabi/bin/../lib/gcc/arm-none-eabi/4.7.3/../../../../arm-none-eabi/lib/armv7-m/libc_s.a(lib_a-strtod.o)
 .ARM.attributes
                0x00000d65       0x2d /home/tlegrand/Documents/Robotik/gcc4mbed-master/gcc-arm-none-eabi/bin/../lib/gcc/arm-none-eabi/4.7.3/../../../../arm-none-eabi/lib/armv7-m/libc_s.a(lib_a-strtol.o)
 .ARM.attributes
                0x00000d92       0x2d /home/tlegrand/Documents/Robotik/gcc4mbed-master/gcc-arm-none-eabi/bin/../lib/gcc/arm-none-eabi/4.7.3/../../../../arm-none-eabi/lib/armv7-m/libc_s.a(lib_a-svfprintf.o)
 .ARM.attributes
                0x00000dbf       0x2d /home/tlegrand/Documents/Robotik/gcc4mbed-master/gcc-arm-none-eabi/bin/../lib/gcc/arm-none-eabi/4.7.3/../../../../arm-none-eabi/lib/armv7-m/libc_s.a(lib_a-callocr.o)
 .ARM.attributes
                0x00000dec       0x2d /home/tlegrand/Documents/Robotik/gcc4mbed-master/gcc-arm-none-eabi/bin/../lib/gcc/arm-none-eabi/4.7.3/../../../../arm-none-eabi/lib/armv7-m/libc_s.a(lib_a-fstatr.o)
 .ARM.attributes
                0x00000e19       0x2d /home/tlegrand/Documents/Robotik/gcc4mbed-master/gcc-arm-none-eabi/bin/../lib/gcc/arm-none-eabi/4.7.3/../../../../arm-none-eabi/lib/armv7-m/libc_s.a(lib_a-gdtoa-gethex.o)
 .ARM.attributes
                0x00000e46       0x2d /home/tlegrand/Documents/Robotik/gcc4mbed-master/gcc-arm-none-eabi/bin/../lib/gcc/arm-none-eabi/4.7.3/../../../../arm-none-eabi/lib/armv7-m/libc_s.a(lib_a-gdtoa-hexnan.o)
 .ARM.attributes
                0x00000e73       0x2d /home/tlegrand/Documents/Robotik/gcc4mbed-master/gcc-arm-none-eabi/bin/../lib/gcc/arm-none-eabi/4.7.3/../../../../arm-none-eabi/lib/armv7-m/libc_s.a(lib_a-isattyr.o)
 .ARM.attributes
                0x00000ea0       0x2d /home/tlegrand/Documents/Robotik/gcc4mbed-master/gcc-arm-none-eabi/bin/../lib/gcc/arm-none-eabi/4.7.3/../../../../arm-none-eabi/lib/armv7-m/libc_s.a(lib_a-msizer.o)
 .ARM.attributes
                0x00000ecd       0x1d /home/tlegrand/Documents/Robotik/gcc4mbed-master/gcc-arm-none-eabi/bin/../lib/gcc/arm-none-eabi/4.7.3/armv7-m/libgcc.a(_arm_fixunsdfsi.o)
 .ARM.attributes
                0x00000eea       0x2d /home/tlegrand/Documents/Robotik/gcc4mbed-master/gcc-arm-none-eabi/bin/../lib/gcc/arm-none-eabi/4.7.3/../../../../arm-none-eabi/lib/armv7-m/libnosys.a(isatty.o)
 .ARM.attributes
                0x00000f17       0x2d /home/tlegrand/Documents/Robotik/gcc4mbed-master/gcc-arm-none-eabi/bin/../lib/gcc/arm-none-eabi/4.7.3/../../../../arm-none-eabi/lib/armv7-m/libnosys.a(sbrk.o)
 .ARM.attributes
                0x00000f44       0x2d /home/tlegrand/Documents/Robotik/gcc4mbed-master/gcc-arm-none-eabi/bin/../lib/gcc/arm-none-eabi/4.7.3/../../../../arm-none-eabi/lib/armv7-m/libm.a(lib_a-s_fabs.o)
 .ARM.attributes
                0x00000f71       0x2d /home/tlegrand/Documents/Robotik/gcc4mbed-master/gcc-arm-none-eabi/bin/../lib/gcc/arm-none-eabi/4.7.3/armv7-m/crtend.o
 .ARM.attributes
                0x00000f9e       0x1d /home/tlegrand/Documents/Robotik/gcc4mbed-master/gcc-arm-none-eabi/bin/../lib/gcc/arm-none-eabi/4.7.3/armv7-m/crtn.o

.comment        0x00000000       0xe0
 .comment       0x00000000       0x70 LPC176x/./main.o
                                 0x71 (size before relaxing)
 .comment       0x00000000       0x71 LPC176x/./MaxbotixDriver/sonar.o
 .comment       0x00000000       0x71 LPC176x/gcc4mbed.o
 .comment       0x00000070       0x70 /home/tlegrand/Documents/Robotik/gcc4mbed-master/external/mbed/LPC1768/GCC_ARM/cmsis_nvic.o
                                 0x71 (size before relaxing)
 .comment       0x00000000       0x71 /home/tlegrand/Documents/Robotik/gcc4mbed-master/external/mbed/LPC1768/GCC_ARM/system_LPC17xx.o
 .comment       0x00000000       0x71 /home/tlegrand/Documents/Robotik/gcc4mbed-master/external/mbed/LPC1768/GCC_ARM/libmbed.a(gpio_irq_api.o)
 .comment       0x00000000       0x71 /home/tlegrand/Documents/Robotik/gcc4mbed-master/external/mbed/LPC1768/GCC_ARM/libmbed.a(exit.o)
 .comment       0x00000000       0x71 /home/tlegrand/Documents/Robotik/gcc4mbed-master/external/mbed/LPC1768/GCC_ARM/libmbed.a(mbed_interface.o)
 .comment       0x00000000       0x71 /home/tlegrand/Documents/Robotik/gcc4mbed-master/external/mbed/LPC1768/GCC_ARM/libmbed.a(semihost_api.o)
 .comment       0x00000000       0x71 /home/tlegrand/Documents/Robotik/gcc4mbed-master/external/mbed/LPC1768/GCC_ARM/libmbed.a(wait_api.o)
 .comment       0x00000000       0x71 /home/tlegrand/Documents/Robotik/gcc4mbed-master/external/mbed/LPC1768/GCC_ARM/libmbed.a(InterruptIn.o)
 .comment       0x00000000       0x71 /home/tlegrand/Documents/Robotik/gcc4mbed-master/external/mbed/LPC1768/GCC_ARM/libmbed.a(stdio.o)
 .comment       0x00000000       0x71 /home/tlegrand/Documents/Robotik/gcc4mbed-master/external/mbed/LPC1768/GCC_ARM/libmbed.a(Timer.o)
 .comment       0x00000000       0x71 /home/tlegrand/Documents/Robotik/gcc4mbed-master/external/mbed/LPC1768/GCC_ARM/libmbed.a(board.o)
 .comment       0x00000000       0x71 /home/tlegrand/Documents/Robotik/gcc4mbed-master/external/mbed/LPC1768/GCC_ARM/libmbed.a(gpio_api.o)
 .comment       0x00000000       0x71 /home/tlegrand/Documents/Robotik/gcc4mbed-master/external/mbed/LPC1768/GCC_ARM/libmbed.a(pinmap.o)
 .comment       0x00000000       0x71 /home/tlegrand/Documents/Robotik/gcc4mbed-master/external/mbed/LPC1768/GCC_ARM/libmbed.a(semihost.o)
 .comment       0x00000000       0x71 /home/tlegrand/Documents/Robotik/gcc4mbed-master/external/mbed/LPC1768/GCC_ARM/libmbed.a(serial_api.o)
 .comment       0x00000000       0x71 /home/tlegrand/Documents/Robotik/gcc4mbed-master/external/mbed/LPC1768/GCC_ARM/libmbed.a(us_ticker_api.o)
 .comment       0x00000000       0x71 /home/tlegrand/Documents/Robotik/gcc4mbed-master/external/mbed/LPC1768/GCC_ARM/libmbed.a(pinmap_common.o)
 .comment       0x00000000       0x71 /home/tlegrand/Documents/Robotik/gcc4mbed-master/external/mbed/LPC1768/GCC_ARM/libmbed.a(FunctionPointer.o)

.debug_info     0x00000000     0x4339